******************************************************************************
                  TI ARM Linker PC v20.2.4                     
******************************************************************************
>> Linked Thu Oct 21 12:32:07 2021

OUTPUT FILE NAME:   <lab_6.out>
ENTRY POINT SYMBOL: "_c_int00_noargs"  address: 00002755


MEMORY CONFIGURATION

         name            origin    length      used     unused   attr    fill
----------------------  --------  ---------  --------  --------  ----  --------
  FLASH                 00000000   00040000  00002a86  0003d57a  R  X
  SRAM                  20000000   00008000  00000ec9  00007137  RW X


SEGMENT ALLOCATION MAP

run origin  load origin   length   init length attrs members
----------  ----------- ---------- ----------- ----- -------
00000000    00000000    00002a88   00002a88    r-x
  00000000    00000000    0000026c   0000026c    r-- .intvecs
  0000026c    0000026c    000026bc   000026bc    r-x .text
  00002928    00002928    0000011e   0000011e    r-- .const
  00002a48    00002a48    00000040   00000040    r-- .cinit
20000000    20000000    00000ecd   00000000    rw-
  20000000    20000000    0000026c   00000000    rw- .vtable
  20000270    20000270    00000800   00000000    rw- .stack
  20000a70    20000a70    00000400   00000000    rw- .sysmem
  20000e70    20000e70    00000058   00000000    rw- .bss
  20000ec8    20000ec8    00000005   00000000    rw- .data


SECTION ALLOCATION MAP

 output                                  attributes/
section   page    origin      length       input sections
--------  ----  ----------  ----------   ----------------
.intvecs   0    00000000    0000026c     
                  00000000    0000026c     tm4c123gh6pm_startup_ccs.obj (.intvecs)

.text      0    0000026c    000026bc     
                  0000026c    00000a4e     rtsv7M4_T_le_v4SPD16_eabi.lib : _printfi.c.obj (.text:__TI_printfi)
                  00000cba    00000002                                   : div0.asm.obj (.text)
                  00000cbc    00000328     lcd.obj (.text)
                  00000fe4    00000270     rtsv7M4_T_le_v4SPD16_eabi.lib : _printfi.c.obj (.text:_pconv_a)
                  00001254    00000248     Timer.obj (.text)
                  0000149c    00000220     uart.obj (.text)
                  000016bc    000001d0     rtsv7M4_T_le_v4SPD16_eabi.lib : _printfi.c.obj (.text:_pconv_g)
                  0000188c    000001b6                                   : fd_add_t2.asm.obj (.text)
                  00001a42    00000002     --HOLE-- [fill = 0]
                  00001a44    0000013c                                   : _printfi.c.obj (.text:_pconv_e)
                  00001b80    00000136                                   : fd_div_t2.asm.obj (.text)
                  00001cb6    00000002     --HOLE-- [fill = 0]
                  00001cb8    00000124                                   : _printfi.c.obj (.text:fcvt)
                  00001ddc    00000110                                   : s_scalbn.c.obj (.text:scalbn)
                  00001eec    000000fc                                   : fd_mul_t2.asm.obj (.text)
                  00001fe8    000000b1                                   : _printfi.c.obj (.text:_ltostr)
                  00002099    00000001     --HOLE-- [fill = 0]
                  0000209a    0000009c                                   : memcpy_t2.asm.obj (.text)
                  00002136    00000096                                   : ull_div_t2.asm.obj (.text)
                  000021cc    00000086                                   : fd_cmp_t2.asm.obj (.text:__aeabi_cdcmple)
                  00002252    00000086                                   : fd_cmp_t2.asm.obj (.text:__aeabi_cdrcmple)
                  000022d8    0000007a                                   : memset_t2.asm.obj (.text)
                  00002352    0000006e                                   : _printfi.c.obj (.text:_mcpy)
                  000023c0    00000068                                   : copy_decompress_lzss.c.obj (.text:decompress:lzss:__TI_decompress_lzss)
                  00002428    00000064                                   : s_frexp.c.obj (.text:frexp)
                  0000248c    00000056                                   : _printfi.c.obj (.text:_pconv_f)
                  000024e2    00000054                                   : _ltoa.c.obj (.text:__TI_ltoa)
                  00002536    00000052                                   : _printfi.c.obj (.text:_ecpy)
                  00002588    0000004c                                   : atoi.c.obj (.text:atoi)
                  000025d4    00000048                                   : fd_toi_t2.asm.obj (.text)
                  0000261c    00000044                                   : autoinit.c.obj (.text:__TI_auto_init_nobinit_nopinit:__TI_auto_init_nobinit_nopinit)
                  00002660    00000040                                   : sprintf.c.obj (.text:sprintf)
                  000026a0    00000040                                   : vsnprintf.c.obj (.text:vsnprintf)
                  000026e0    0000003e                                   : _printfi.c.obj (.text:_fcpy)
                  0000271e    00000002     --HOLE-- [fill = 0]
                  00002720    00000034     driverlib.lib : interrupt.obj (.text:IntRegister)
                  00002754    00000034     rtsv7M4_T_le_v4SPD16_eabi.lib : boot_cortex_m.c.obj (.text:_c_int00_noargs:_c_int00_noargs)
                  00002788    00000030                                   : vsnprintf.c.obj (.text:_outs)
                  000027b8    0000002e                                   : i_tofd_t2.asm.obj (.text)
                  000027e6    0000001c                                   : copy_zero_init.c.obj (.text:decompress:ZI:__TI_zero_init_nomemset:__TI_zero_init_nomemset)
                  00002802    0000001c                                   : memccpy.c.obj (.text:memccpy)
                  0000281e    0000001a                                   : s_copysign.c.obj (.text:copysign)
                  00002838    00000018                                   : vsnprintf.c.obj (.text:_outc)
                  00002850    00000018                                   : sprintf.c.obj (.text:_outs)
                  00002868    00000018                                   : strcmp.c.obj (.text:strcmp)
                  00002880    00000016                                   : strchr.c.obj (.text:strchr)
                  00002896    00000014     Lab6_template_extra_help.obj (.text)
                  000028aa    00000014     rtsv7M4_T_le_v4SPD16_eabi.lib : strcpy.c.obj (.text:strcpy)
                  000028be    00000014                                   : strlen.c.obj (.text:strlen)
                  000028d2    00000012                                   : wcslen.c.obj (.text:wcslen)
                  000028e4    00000010     lcd.obj (.text:lcd_clear)
                  000028f4    0000000e     rtsv7M4_T_le_v4SPD16_eabi.lib : copy_decompress_none.c.obj (.text:decompress:none:__TI_decompress_none)
                  00002902    0000000c     tm4c123gh6pm_startup_ccs.obj (.text)
                  0000290e    0000000a     rtsv7M4_T_le_v4SPD16_eabi.lib : sprintf.c.obj (.text:_outc)
                  00002918    00000008                                   : errno.c.obj (.text:__aeabi_errno_addr)
                  00002920    00000004                                   : pre_init.c.obj (.text:_system_pre_init)
                  00002924    00000004                                   : exit.c.obj (.text:abort:abort)

.const     0    00002928    0000011e     
                  00002928    00000101     rtsv7M4_T_le_v4SPD16_eabi.lib : ctype.c.obj (.const:.string:_ctypes_)
                  00002a29    00000015     uart.obj (.const:.string:$P$T0$1)
                  00002a3e    00000004     lcd.obj (.const:.string:lineAddress$1)
                  00002a42    00000004     lcd.obj (.const:.string:lineAddresses$2)

.cinit     0    00002a48    00000040     
                  00002a48    0000000c     (__TI_handler_table)
                  00002a54    00000004     --HOLE-- [fill = 0]
                  00002a58    00000008     (.cinit..bss.load) [load image, compression = zero_init]
                  00002a60    00000008     (.cinit..vtable.load) [load image, compression = zero_init]
                  00002a68    00000007     (.cinit..data.load) [load image, compression = lzss]
                  00002a6f    00000001     --HOLE-- [fill = 0]
                  00002a70    00000018     (__TI_cinit_table)

.init_array 
*          0    00000000    00000000     UNINITIALIZED

.vtable    0    20000000    0000026c     UNINITIALIZED
                  20000000    0000026c     driverlib.lib : interrupt.obj (.vtable)

.stack     0    20000270    00000800     UNINITIALIZED
                  20000270    00000004     rtsv7M4_T_le_v4SPD16_eabi.lib : boot_cortex_m.c.obj (.stack)
                  20000274    000007fc     --HOLE--

.sysmem    0    20000a70    00000400     UNINITIALIZED
                  20000a70    00000010     rtsv7M4_T_le_v4SPD16_eabi.lib : memory.c.obj (.sysmem)
                  20000a80    000003f0     --HOLE--

.bss       0    20000e70    00000058     UNINITIALIZED
                  20000e70    00000054     lcd.obj (.bss:lastbuffer$3)
                  20000ec4    00000004     (.common:_timeout_ticks)

.data      0    20000ec8    00000005     UNINITIALIZED
                  20000ec8    00000004     rtsv7M4_T_le_v4SPD16_eabi.lib : errno.c.obj (.data)
                  20000ecc    00000001     Timer.obj (.data)

__llvm_prf_cnts 
*          0    20000000    00000000     UNINITIALIZED

MODULE SUMMARY

       Module                         code   ro data   rw data
       ------                         ----   -------   -------
    .\
       lcd.obj                        824    8         84     
       tm4c123gh6pm_startup_ccs.obj   12     620       0      
       Timer.obj                      584    0         5      
       uart.obj                       544    21        0      
       Lab6_template_extra_help.obj   20     0         0      
    +--+------------------------------+------+---------+---------+
       Total:                         1984   649       89     
                                                              
    C:/ti/TivaWare_C_Series-2.1.4.178/driverlib/ccs/Debug/driverlib.lib
       interrupt.obj                  52     0         620    
    +--+------------------------------+------+---------+---------+
       Total:                         52     0         620    
                                                              
    C:\ti\ccs1031\ccs\tools\compiler\ti-cgt-arm_20.2.4.LTS\lib\rtsv7M4_T_le_v4SPD16_eabi.lib
       _printfi.c.obj                 4851   0         0      
       fd_add_t2.asm.obj              438    0         0      
       fd_div_t2.asm.obj              310    0         0      
       s_scalbn.c.obj                 272    0         0      
       fd_cmp_t2.asm.obj              268    0         0      
       ctype.c.obj                    0      257       0      
       fd_mul_t2.asm.obj              252    0         0      
       memcpy_t2.asm.obj              156    0         0      
       ull_div_t2.asm.obj             150    0         0      
       vsnprintf.c.obj                136    0         0      
       memset_t2.asm.obj              122    0         0      
       copy_decompress_lzss.c.obj     104    0         0      
       s_frexp.c.obj                  100    0         0      
       sprintf.c.obj                  98     0         0      
       _ltoa.c.obj                    84     0         0      
       atoi.c.obj                     76     0         0      
       fd_toi_t2.asm.obj              72     0         0      
       autoinit.c.obj                 68     0         0      
       boot_cortex_m.c.obj            52     0         0      
       i_tofd_t2.asm.obj              46     0         0      
       copy_zero_init.c.obj           28     0         0      
       memccpy.c.obj                  28     0         0      
       s_copysign.c.obj               26     0         0      
       strcmp.c.obj                   24     0         0      
       strchr.c.obj                   22     0         0      
       strcpy.c.obj                   20     0         0      
       strlen.c.obj                   20     0         0      
       wcslen.c.obj                   18     0         0      
       copy_decompress_none.c.obj     14     0         0      
       errno.c.obj                    8      0         4      
       exit.c.obj                     4      0         0      
       pre_init.c.obj                 4      0         0      
       div0.asm.obj                   2      0         0      
    +--+------------------------------+------+---------+---------+
       Total:                         7873   257       4      
                                                              
       Heap:                          0      0         1024   
       Stack:                         0      0         2048   
       Linker Generated:              0      59        0      
    +--+------------------------------+------+---------+---------+
       Grand Total:                   9909   965       3785   


LINKER GENERATED COPY TABLES

__TI_cinit_table @ 00002a70 records: 3, size/record: 8, table size: 24
	.bss: load addr=00002a58, load size=00000008 bytes, run addr=20000e70, run size=00000058 bytes, compression=zero_init
	.vtable: load addr=00002a60, load size=00000008 bytes, run addr=20000000, run size=0000026c bytes, compression=zero_init
	.data: load addr=00002a68, load size=00000007 bytes, run addr=20000ec8, run size=00000005 bytes, compression=lzss


LINKER GENERATED HANDLER TABLE

__TI_handler_table @ 00002a48 records: 3, size/record: 4, table size: 12
	index: 0, handler: __TI_zero_init
	index: 1, handler: __TI_decompress_lzss
	index: 2, handler: __TI_decompress_none


GLOBAL SYMBOLS: SORTED ALPHABETICALLY BY Name 

address   name                          
-------   ----                          
00002925  C$$EXIT                       
00002721  IntRegister                   
00002903  ResetISR                      
20000a70  __STACK_END                   
00000800  __STACK_SIZE                  
20000470  __STACK_TOP                   
00000400  __SYSMEM_SIZE                 
00002a70  __TI_CINIT_Base               
00002a88  __TI_CINIT_Limit              
00002a48  __TI_Handler_Table_Base       
00002a54  __TI_Handler_Table_Limit      
0000261d  __TI_auto_init_nobinit_nopinit
000023c1  __TI_decompress_lzss          
000028f5  __TI_decompress_none          
000024e3  __TI_ltoa                     
ffffffff  __TI_pprof_out_hndl           
0000026d  __TI_printfi                  
ffffffff  __TI_prof_data_size           
ffffffff  __TI_prof_data_start          
00000000  __TI_static_base__            
000027e7  __TI_zero_init_nomemset       
000021cd  __aeabi_cdcmpeq               
000021cd  __aeabi_cdcmple               
00002253  __aeabi_cdrcmple              
000025d5  __aeabi_d2iz                  
00001897  __aeabi_dadd                  
00001b81  __aeabi_ddiv                  
00001eed  __aeabi_dmul                  
0000188d  __aeabi_dsub                  
00002919  __aeabi_errno_addr            
000027b9  __aeabi_i2d                   
00000cbb  __aeabi_idiv0                 
00000cbb  __aeabi_ldiv0                 
000022d9  __aeabi_memclr                
000022d9  __aeabi_memclr4               
000022d9  __aeabi_memclr8               
0000209b  __aeabi_memcpy                
0000209b  __aeabi_memcpy4               
0000209b  __aeabi_memcpy8               
000022db  __aeabi_memset                
000022db  __aeabi_memset4               
000022db  __aeabi_memset8               
00002137  __aeabi_uldivmod              
ffffffff  __binit__                     
ffffffff  __c_args__                    
UNDEFED   __mpu_init                    
20000270  __stack                       
20000000  __start___llvm_prf_cnts       
20000000  __stop___llvm_prf_cnts        
00002755  _c_int00_noargs               
00002928  _ctypes_                      
20000ecc  _running                      
20000a70  _sys_memory                   
UNDEFED   _system_post_cinit            
00002921  _system_pre_init              
20000ec4  _timeout_ticks                
00002925  abort                         
00002589  atoi                          
ffffffff  binit                         
0000281f  copysign                      
0000281f  copysignl                     
20000ec8  errno                         
00002429  frexp                         
00002429  frexpl                        
20000000  g_pfnRAMVectors               
00000000  g_pfnVectors                  
000028e5  lcd_clear                     
00000e91  lcd_gotoLine                  
00000cf9  lcd_init                      
00000ef7  lcd_printf                    
00000db9  lcd_putc                      
00000df1  lcd_puts                      
00000cbd  lcd_reverseNibble             
00000e0f  lcd_sendCommand               
00000e4d  lcd_sendNibble                
00000eb9  lcd_setCursorPos              
00001ddd  ldexp                         
00001ddd  ldexpl                        
00002897  main                          
00002803  memccpy                       
0000209b  memcpy                        
000022e1  memset                        
00001ddd  scalbn                        
00001ddd  scalbnl                       
00002661  sprintf                       
00002881  strchr                        
00002869  strcmp                        
000028ab  strcpy                        
000028bf  strlen                        
00001373  timer_getMicros               
0000131b  timer_getMillis               
00001255  timer_init                    
000012f7  timer_pause                   
00001309  timer_resume                  
000012cd  timer_stop                    
000013cd  timer_waitMicros              
000013ff  timer_waitMillis              
0000149d  uart_init                     
000015c7  uart_interrupt_handler        
000015a7  uart_interrupt_init           
0000155f  uart_receive                  
00001543  uart_sendChar                 
00001585  uart_sendStr                  
000026a1  vsnprintf                     
000028d3  wcslen                        


GLOBAL SYMBOLS: SORTED BY Symbol Address 

address   name                          
-------   ----                          
00000000  __TI_static_base__            
00000000  g_pfnVectors                  
0000026d  __TI_printfi                  
00000400  __SYSMEM_SIZE                 
00000800  __STACK_SIZE                  
00000cbb  __aeabi_idiv0                 
00000cbb  __aeabi_ldiv0                 
00000cbd  lcd_reverseNibble             
00000cf9  lcd_init                      
00000db9  lcd_putc                      
00000df1  lcd_puts                      
00000e0f  lcd_sendCommand               
00000e4d  lcd_sendNibble                
00000e91  lcd_gotoLine                  
00000eb9  lcd_setCursorPos              
00000ef7  lcd_printf                    
00001255  timer_init                    
000012cd  timer_stop                    
000012f7  timer_pause                   
00001309  timer_resume                  
0000131b  timer_getMillis               
00001373  timer_getMicros               
000013cd  timer_waitMicros              
000013ff  timer_waitMillis              
0000149d  uart_init                     
00001543  uart_sendChar                 
0000155f  uart_receive                  
00001585  uart_sendStr                  
000015a7  uart_interrupt_init           
000015c7  uart_interrupt_handler        
0000188d  __aeabi_dsub                  
00001897  __aeabi_dadd                  
00001b81  __aeabi_ddiv                  
00001ddd  ldexp                         
00001ddd  ldexpl                        
00001ddd  scalbn                        
00001ddd  scalbnl                       
00001eed  __aeabi_dmul                  
0000209b  __aeabi_memcpy                
0000209b  __aeabi_memcpy4               
0000209b  __aeabi_memcpy8               
0000209b  memcpy                        
00002137  __aeabi_uldivmod              
000021cd  __aeabi_cdcmpeq               
000021cd  __aeabi_cdcmple               
00002253  __aeabi_cdrcmple              
000022d9  __aeabi_memclr                
000022d9  __aeabi_memclr4               
000022d9  __aeabi_memclr8               
000022db  __aeabi_memset                
000022db  __aeabi_memset4               
000022db  __aeabi_memset8               
000022e1  memset                        
000023c1  __TI_decompress_lzss          
00002429  frexp                         
00002429  frexpl                        
000024e3  __TI_ltoa                     
00002589  atoi                          
000025d5  __aeabi_d2iz                  
0000261d  __TI_auto_init_nobinit_nopinit
00002661  sprintf                       
000026a1  vsnprintf                     
00002721  IntRegister                   
00002755  _c_int00_noargs               
000027b9  __aeabi_i2d                   
000027e7  __TI_zero_init_nomemset       
00002803  memccpy                       
0000281f  copysign                      
0000281f  copysignl                     
00002869  strcmp                        
00002881  strchr                        
00002897  main                          
000028ab  strcpy                        
000028bf  strlen                        
000028d3  wcslen                        
000028e5  lcd_clear                     
000028f5  __TI_decompress_none          
00002903  ResetISR                      
00002919  __aeabi_errno_addr            
00002921  _system_pre_init              
00002925  C$$EXIT                       
00002925  abort                         
00002928  _ctypes_                      
00002a48  __TI_Handler_Table_Base       
00002a54  __TI_Handler_Table_Limit      
00002a70  __TI_CINIT_Base               
00002a88  __TI_CINIT_Limit              
20000000  __start___llvm_prf_cnts       
20000000  __stop___llvm_prf_cnts        
20000000  g_pfnRAMVectors               
20000270  __stack                       
20000470  __STACK_TOP                   
20000a70  __STACK_END                   
20000a70  _sys_memory                   
20000ec4  _timeout_ticks                
20000ec8  errno                         
20000ecc  _running                      
ffffffff  __TI_pprof_out_hndl           
ffffffff  __TI_prof_data_size           
ffffffff  __TI_prof_data_start          
ffffffff  __binit__                     
ffffffff  __c_args__                    
ffffffff  binit                         
UNDEFED   __mpu_init                    
UNDEFED   _system_post_cinit            

[105 symbols]
