******************************************************************************
                  TI ARM Linker PC v20.2.4                     
******************************************************************************
>> Linked Thu Sep 23 11:20:46 2021

OUTPUT FILE NAME:   <lab_3.out>
ENTRY POINT SYMBOL: "_c_int00_noargs"  address: 00004cd1


MEMORY CONFIGURATION

         name            origin    length      used     unused   attr    fill
----------------------  --------  ---------  --------  --------  ----  --------
  FLASH                 00000000   00040000  000051ef  0003ae11  R  X
  SRAM                  20000000   00008000  00000f5a  000070a6  RW X


SEGMENT ALLOCATION MAP

run origin  load origin   length   init length attrs members
----------  ----------- ---------- ----------- ----- -------
00000000    00000000    000051f8   000051f8    r-x
  00000000    00000000    0000026c   0000026c    r-- .intvecs
  0000026c    0000026c    00004ca8   00004ca8    r-x .text
  00004f18    00004f18    0000028b   0000028b    r-- .const
  000051a8    000051a8    00000050   00000050    r-- .cinit
20000000    20000000    00000f61   00000000    rw-
  20000000    20000000    0000026c   00000000    rw- .vtable
  20000270    20000270    00000800   00000000    rw- .stack
  20000a70    20000a70    00000400   00000000    rw- .sysmem
  20000e70    20000e70    000000b5   00000000    rw- .bss
  20000f28    20000f28    00000039   00000000    rw- .data


SECTION ALLOCATION MAP

 output                                  attributes/
section   page    origin      length       input sections
--------  ----  ----------  ----------   ----------------
.intvecs   0    00000000    0000026c     
                  00000000    0000026c     tm4c123gh6pm_startup_ccs.obj (.intvecs)

.text      0    0000026c    00004ca8     
                  0000026c    00000c20     open_interface.obj (.text)
                  00000e8c    00000a4e     rtsv7M4_T_le_v4SPD16_eabi.lib : _printfi.c.obj (.text:__TI_printfi)
                  000018da    00000002                                   : _lock.c.obj (.text:_nop)
                  000018dc    00000738                                   : k_rem_pio2.c.obj (.text:__kernel_rem_pio2)
                  00002014    000005dc                                   : s_cos.c.obj (.text:cos)
                  000025f0    00000328     lcd.obj (.text)
                  00002918    00000270     rtsv7M4_T_le_v4SPD16_eabi.lib : _printfi.c.obj (.text:_pconv_a)
                  00002b88    00000248     Timer.obj (.text)
                  00002dd0    000001ec     libcybotScan .lib : ping.obj (.text)
                  00002fbc    000001d0     rtsv7M4_T_le_v4SPD16_eabi.lib : _printfi.c.obj (.text:_pconv_g)
                  0000318c    000001b6                                   : fd_add_t2.asm.obj (.text)
                  00003342    00000002                                   : div0.asm.obj (.text)
                  00003344    00000180     main.obj (.text)
                  000034c4    00000174     rtsv7M4_T_le_v4SPD16_eabi.lib : k_sin.c.obj (.text:__kernel_sin)
                  00003638    0000016c                                   : k_cos.c.obj (.text:__kernel_cos)
                  000037a4    0000015c     libcybotUART.lib : uart.obj (.text)
                  00003900    0000013c     rtsv7M4_T_le_v4SPD16_eabi.lib : _printfi.c.obj (.text:_pconv_e)
                  00003a3c    00000136                                   : fd_div_t2.asm.obj (.text)
                  00003b72    00000002     --HOLE-- [fill = 0]
                  00003b74    00000124                                   : _printfi.c.obj (.text:fcvt)
                  00003c98    00000124     libcybotScan .lib : servo.obj (.text)
                  00003dbc    00000118                       : ir.obj (.text)
                  00003ed4    00000110     rtsv7M4_T_le_v4SPD16_eabi.lib : s_scalbn.c.obj (.text:scalbn)
                  00003fe4    00000100                                   : memory.c.obj (.text:aligned_alloc)
                  000040e4    000000fc                                   : fd_mul_t2.asm.obj (.text)
                  000041e0    000000f8                                   : s_floor.c.obj (.text:floor)
                  000042d8    000000e4                                   : memory.c.obj (.text:free)
                  000043bc    000000b1                                   : _printfi.c.obj (.text:_ltostr)
                  0000446d    00000001     --HOLE-- [fill = 0]
                  0000446e    0000009c                                   : memcpy_t2.asm.obj (.text)
                  0000450a    00000096                                   : ull_div_t2.asm.obj (.text)
                  000045a0    00000086                                   : fd_cmp_t2.asm.obj (.text:__aeabi_cdcmple)
                  00004626    00000086                                   : fd_cmp_t2.asm.obj (.text:__aeabi_cdrcmple)
                  000046ac    0000007a                                   : memset_t2.asm.obj (.text)
                  00004726    00000002     --HOLE-- [fill = 0]
                  00004728    00000070                                   : memory.c.obj (.text:split)
                  00004798    0000006e                                   : _printfi.c.obj (.text:_mcpy)
                  00004806    0000006e                                   : fd_tos_t2.asm.obj (.text)
                  00004874    00000068                                   : copy_decompress_lzss.c.obj (.text:decompress:lzss:__TI_decompress_lzss)
                  000048dc    00000064                                   : s_frexp.c.obj (.text:frexp)
                  00004940    00000058     libcybotScan .lib : cyBot_Scan.obj (.text)
                  00004998    00000056     rtsv7M4_T_le_v4SPD16_eabi.lib : _printfi.c.obj (.text:_pconv_f)
                  000049ee    00000054                                   : _ltoa.c.obj (.text:__TI_ltoa)
                  00004a42    00000052                                   : _printfi.c.obj (.text:_ecpy)
                  00004a94    0000004c                                   : atoi.c.obj (.text:atoi)
                  00004ae0    00000048                                   : fd_toi_t2.asm.obj (.text)
                  00004b28    00000044                                   : autoinit.c.obj (.text:__TI_auto_init_nobinit_nopinit:__TI_auto_init_nobinit_nopinit)
                  00004b6c    00000040                                   : sprintf.c.obj (.text:sprintf)
                  00004bac    00000040                                   : vsnprintf.c.obj (.text:vsnprintf)
                  00004bec    0000003e                                   : _printfi.c.obj (.text:_fcpy)
                  00004c2a    00000002     --HOLE-- [fill = 0]
                  00004c2c    00000038                                   : memory.c.obj (.text:calloc)
                  00004c64    00000038                                   : fs_tod_t2.asm.obj (.text)
                  00004c9c    00000034     driverlib.lib : interrupt.obj (.text:IntRegister)
                  00004cd0    00000034     rtsv7M4_T_le_v4SPD16_eabi.lib : boot_cortex_m.c.obj (.text:_c_int00_noargs:_c_int00_noargs)
                  00004d04    00000030                                   : vsnprintf.c.obj (.text:_outs)
                  00004d34    0000002e                                   : i_tofd_t2.asm.obj (.text)
                  00004d62    00000002     --HOLE-- [fill = 0]
                  00004d64    00000028                                   : memory.c.obj (.text:free_list_insert)
                  00004d8c    0000001c                                   : copy_zero_init.c.obj (.text:decompress:ZI:__TI_zero_init_nomemset:__TI_zero_init_nomemset)
                  00004da8    0000001c                                   : memory.c.obj (.text:free_list_remove)
                  00004dc4    0000001c                                   : memccpy.c.obj (.text:memccpy)
                  00004de0    0000001a                                   : s_copysign.c.obj (.text:copysign)
                  00004dfa    00000018                                   : vsnprintf.c.obj (.text:_outc)
                  00004e12    00000018                                   : sprintf.c.obj (.text:_outs)
                  00004e2a    00000018     open_interface.obj (.text:oi_parseInt)
                  00004e42    00000018     rtsv7M4_T_le_v4SPD16_eabi.lib : strcmp.c.obj (.text:strcmp)
                  00004e5a    00000016                                   : strchr.c.obj (.text:strchr)
                  00004e70    00000014                                   : strcpy.c.obj (.text:strcpy)
                  00004e84    00000014                                   : strlen.c.obj (.text:strlen)
                  00004e98    00000012                                   : wcslen.c.obj (.text:wcslen)
                  00004eaa    00000010     driverlib.lib : interrupt.obj (.text:IntMasterEnable)
                  00004eba    00000010     lcd.obj (.text:lcd_clear)
                  00004eca    0000000e     rtsv7M4_T_le_v4SPD16_eabi.lib : copy_decompress_none.c.obj (.text:decompress:none:__TI_decompress_none)
                  00004ed8    0000000c     driverlib.lib : cpu.obj (.text:CPUcpsie)
                  00004ee4    0000000c     tm4c123gh6pm_startup_ccs.obj (.text)
                  00004ef0    0000000a     rtsv7M4_T_le_v4SPD16_eabi.lib : sprintf.c.obj (.text:_outc)
                  00004efa    00000002     --HOLE-- [fill = 0]
                  00004efc    00000008                                   : errno.c.obj (.text:__aeabi_errno_addr)
                  00004f04    00000008                                   : memory.c.obj (.text:malloc)
                  00004f0c    00000004                                   : pre_init.c.obj (.text:_system_pre_init)
                  00004f10    00000004                                   : exit.c.obj (.text:abort:abort)

.const     0    00004f18    0000028b     
                  00004f18    00000158     rtsv7M4_T_le_v4SPD16_eabi.lib : k_rem_pio2.c.obj (.const:$O1$$)
                  00005070    00000101                                   : ctype.c.obj (.const:.string:_ctypes_)
                  00005171    0000001b     main.obj (.const:.string:$P$T0$1)
                  0000518c    0000000f     open_interface.obj (.const:.string:$P$T0$3)
                  0000519b    00000004     lcd.obj (.const:.string:lineAddress$1)
                  0000519f    00000004     lcd.obj (.const:.string:lineAddresses$2)

.cinit     0    000051a8    00000050     
                  000051a8    00000018     (.cinit..data.load) [load image, compression = lzss]
                  000051c0    0000000c     (__TI_handler_table)
                  000051cc    00000004     --HOLE-- [fill = 0]
                  000051d0    00000008     (.cinit..bss.load) [load image, compression = zero_init]
                  000051d8    00000008     (.cinit..vtable.load) [load image, compression = zero_init]
                  000051e0    00000018     (__TI_cinit_table)

.init_array 
*          0    00000000    00000000     UNINITIALIZED

.vtable    0    20000000    0000026c     UNINITIALIZED
                  20000000    0000026c     driverlib.lib : interrupt.obj (.vtable)

.stack     0    20000270    00000800     UNINITIALIZED
                  20000270    00000004     rtsv7M4_T_le_v4SPD16_eabi.lib : boot_cortex_m.c.obj (.stack)
                  20000274    000007fc     --HOLE--

.sysmem    0    20000a70    00000400     UNINITIALIZED
                  20000a70    00000010     rtsv7M4_T_le_v4SPD16_eabi.lib : memory.c.obj (.sysmem)
                  20000a80    000003f0     --HOLE--

.bss       0    20000e70    000000b5     UNINITIALIZED
                  20000e70    00000054     lcd.obj (.bss:lastbuffer$3)
                  20000ec4    00000034     (.common:isr_char_buffer)
                  20000ef8    00000018     open_interface.obj (.bss:firmware$2)
                  20000f10    00000004     (.common:_timeout_ticks)
                  20000f14    00000004     (.common:fallingEdge)
                  20000f18    00000004     (.common:isr_int_value)
                  20000f1c    00000004     (.common:pulseLength)
                  20000f20    00000004     (.common:risingEdge)
                  20000f24    00000001     (.common:isRisingEdge)

.data      0    20000f28    00000039     UNINITIALIZED
                  20000f28    00000020     open_interface.obj (.data)
                  20000f48    00000008     rtsv7M4_T_le_v4SPD16_eabi.lib : _lock.c.obj (.data:$O1$$)
                  20000f50    00000008                                   : memory.c.obj (.data:$O1$$)
                  20000f58    00000004     libcybotUART.lib : uart.obj (.data)
                  20000f5c    00000004     rtsv7M4_T_le_v4SPD16_eabi.lib : errno.c.obj (.data)
                  20000f60    00000001     Timer.obj (.data)

__llvm_prf_cnts 
*          0    20000000    00000000     UNINITIALIZED

MODULE SUMMARY

       Module                         code    ro data   rw data
       ------                         ----    -------   -------
    .\
       open_interface.obj             3128    15        56     
       lcd.obj                        824     8         84     
       tm4c123gh6pm_startup_ccs.obj   12      620       0      
       Timer.obj                      584     0         5      
       main.obj                       384     27        0      
    +--+------------------------------+-------+---------+---------+
       Total:                         4932    670       145    
                                                               
    ../libcybotScan .lib
       ping.obj                       492     0         13     
       servo.obj                      292     0         0      
       ir.obj                         280     0         4      
       cyBot_Scan.obj                 88      0         0      
    +--+------------------------------+-------+---------+---------+
       Total:                         1152    0         17     
                                                               
    ../libcybotUART.lib
       uart.obj                       348     0         56     
    +--+------------------------------+-------+---------+---------+
       Total:                         348     0         56     
                                                               
    C:/ti/TivaWare_C_Series-2.1.4.178/driverlib/ccs/Debug/driverlib.lib
       interrupt.obj                  68      0         620    
       cpu.obj                        12      0         0      
    +--+------------------------------+-------+---------+---------+
       Total:                         80      0         620    
                                                               
    C:\ti\ccs1031\ccs\tools\compiler\ti-cgt-arm_20.2.4.LTS\lib\rtsv7M4_T_le_v4SPD16_eabi.lib
       _printfi.c.obj                 4851    0         0      
       k_rem_pio2.c.obj               1848    344       0      
       s_cos.c.obj                    1500    0         0      
       memory.c.obj                   728     0         8      
       fd_add_t2.asm.obj              438     0         0      
       k_sin.c.obj                    372     0         0      
       k_cos.c.obj                    364     0         0      
       fd_div_t2.asm.obj              310     0         0      
       s_scalbn.c.obj                 272     0         0      
       fd_cmp_t2.asm.obj              268     0         0      
       ctype.c.obj                    0       257       0      
       fd_mul_t2.asm.obj              252     0         0      
       s_floor.c.obj                  248     0         0      
       memcpy_t2.asm.obj              156     0         0      
       ull_div_t2.asm.obj             150     0         0      
       vsnprintf.c.obj                136     0         0      
       memset_t2.asm.obj              122     0         0      
       fd_tos_t2.asm.obj              110     0         0      
       copy_decompress_lzss.c.obj     104     0         0      
       s_frexp.c.obj                  100     0         0      
       sprintf.c.obj                  98      0         0      
       _ltoa.c.obj                    84      0         0      
       atoi.c.obj                     76      0         0      
       fd_toi_t2.asm.obj              72      0         0      
       autoinit.c.obj                 68      0         0      
       fs_tod_t2.asm.obj              56      0         0      
       boot_cortex_m.c.obj            52      0         0      
       i_tofd_t2.asm.obj              46      0         0      
       copy_zero_init.c.obj           28      0         0      
       memccpy.c.obj                  28      0         0      
       s_copysign.c.obj               26      0         0      
       strcmp.c.obj                   24      0         0      
       strchr.c.obj                   22      0         0      
       strcpy.c.obj                   20      0         0      
       strlen.c.obj                   20      0         0      
       wcslen.c.obj                   18      0         0      
       copy_decompress_none.c.obj     14      0         0      
       errno.c.obj                    8       0         4      
       _lock.c.obj                    2       0         8      
       exit.c.obj                     4       0         0      
       pre_init.c.obj                 4       0         0      
       div0.asm.obj                   2       0         0      
    +--+------------------------------+-------+---------+---------+
       Total:                         13101   601       20     
                                                               
       Heap:                          0       0         1024   
       Stack:                         0       0         2048   
       Linker Generated:              0       76        0      
    +--+------------------------------+-------+---------+---------+
       Grand Total:                   19613   1347      3930   


LINKER GENERATED COPY TABLES

__TI_cinit_table @ 000051e0 records: 3, size/record: 8, table size: 24
	.data: load addr=000051a8, load size=00000018 bytes, run addr=20000f28, run size=00000039 bytes, compression=lzss
	.bss: load addr=000051d0, load size=00000008 bytes, run addr=20000e70, run size=000000b5 bytes, compression=zero_init
	.vtable: load addr=000051d8, load size=00000008 bytes, run addr=20000000, run size=0000026c bytes, compression=zero_init


LINKER GENERATED HANDLER TABLE

__TI_handler_table @ 000051c0 records: 3, size/record: 4, table size: 12
	index: 0, handler: __TI_zero_init
	index: 1, handler: __TI_decompress_lzss
	index: 2, handler: __TI_decompress_none


GLOBAL SYMBOLS: SORTED ALPHABETICALLY BY Name 

address   name                          
-------   ----                          
00003e55  ADC0SS0_Handler               
00004f11  C$$EXIT                       
00004ed9  CPUcpsie                      
00000bc3  GPIOF_Handler                 
00004eab  IntMasterEnable               
00004c9d  IntRegister                   
00004ee5  ResetISR                      
00002ec1  TIMER3B_Handler               
20000a70  __STACK_END                   
00000800  __STACK_SIZE                  
20000470  __STACK_TOP                   
00000400  __SYSMEM_SIZE                 
000051e0  __TI_CINIT_Base               
000051f8  __TI_CINIT_Limit              
000051c0  __TI_Handler_Table_Base       
000051cc  __TI_Handler_Table_Limit      
00004b29  __TI_auto_init_nobinit_nopinit
00004875  __TI_decompress_lzss          
00004ecb  __TI_decompress_none          
000049ef  __TI_ltoa                     
ffffffff  __TI_pprof_out_hndl           
00000e8d  __TI_printfi                  
ffffffff  __TI_prof_data_size           
ffffffff  __TI_prof_data_start          
00000000  __TI_static_base__            
00004d8d  __TI_zero_init_nomemset       
000045a1  __aeabi_cdcmpeq               
000045a1  __aeabi_cdcmple               
00004627  __aeabi_cdrcmple              
00004807  __aeabi_d2f                   
00004ae1  __aeabi_d2iz                  
00003197  __aeabi_dadd                  
00003a3d  __aeabi_ddiv                  
000040e5  __aeabi_dmul                  
0000318d  __aeabi_dsub                  
00004efd  __aeabi_errno_addr            
00004c65  __aeabi_f2d                   
00004d35  __aeabi_i2d                   
00003343  __aeabi_idiv0                 
00003343  __aeabi_ldiv0                 
000046ad  __aeabi_memclr                
000046ad  __aeabi_memclr4               
000046ad  __aeabi_memclr8               
0000446f  __aeabi_memcpy                
0000446f  __aeabi_memcpy4               
0000446f  __aeabi_memcpy8               
000046af  __aeabi_memset                
000046af  __aeabi_memset4               
000046af  __aeabi_memset8               
0000450b  __aeabi_uldivmod              
ffffffff  __binit__                     
ffffffff  __c_args__                    
00003639  __kernel_cos                  
000018dd  __kernel_rem_pio2             
000034c5  __kernel_sin                  
UNDEFED   __mpu_init                    
20000270  __stack                       
20000000  __start___llvm_prf_cnts       
20000000  __stop___llvm_prf_cnts        
00004cd1  _c_int00_noargs               
00005070  _ctypes_                      
20000f48  _lock                         
000018db  _nop                          
20000f60  _running                      
20000a70  _sys_memory                   
UNDEFED   _system_post_cinit            
00004f0d  _system_pre_init              
20000f10  _timeout_ticks                
20000f4c  _unlock                       
00004f11  abort                         
00003fe5  aligned_alloc                 
00004a95  atoi                          
ffffffff  binit                         
00004c2d  calloc                        
00004de1  copysign                      
00004de1  copysignl                     
00002015  cos                           
00002015  cosl                          
00004951  cyBOT_Scan                    
00004941  cyBOT_init_Scan               
000038ad  cyBot_UART1_Handler           
00003893  cyBot_getByte                 
000037a5  cyBot_sendByte                
00003875  cyBot_uart_flush              
000037e3  cyBot_uart_init               
000037cb  cyBot_uart_sendBuffer         
000037b1  cyBot_uart_sendStr            
20000f5c  errno                         
20000f14  fallingEdge                   
000041e1  floor                         
000041e1  floorl                        
000042d9  free                          
000048dd  frexp                         
000048dd  frexpl                        
20000000  g_pfnRAMVectors               
00000000  g_pfnVectors                  
0000097f  go_charge                     
00003e6b  ir_enableInterrupt            
00003e4d  ir_getDistance                
00003e25  ir_getValue                   
00003dbd  ir_init                       
20000f24  isRisingEdge                  
20000ec4  isr_char_buffer               
20000f58  isr_counter                   
20000f18  isr_int_value                 
00004ebb  lcd_clear                     
000027c5  lcd_gotoLine                  
0000262d  lcd_init                      
0000282b  lcd_printf                    
000026ed  lcd_putc                      
00002725  lcd_puts                      
000025f1  lcd_reverseNibble             
00002743  lcd_sendCommand               
00002781  lcd_sendNibble                
000027ed  lcd_setCursorPos              
00003ed5  ldexp                         
00003ed5  ldexpl                        
00003345  main                          
00004f05  malloc                        
00003fe5  memalign                      
00004dc5  memccpy                       
0000446f  memcpy                        
000046b5  memset                        
20000f28  motor_cal_factor_L            
20000f2c  motor_cal_factor_R            
0000026d  oi_alloc                      
00000aa9  oi_checkFirmware              
000002c7  oi_close                      
00000279  oi_free                       
00000ded  oi_getMotorCalibrationLeft    
00000e01  oi_getMotorCalibrationRight   
000002b1  oi_init                       
00000289  oi_init_noupdate              
00000915  oi_loadSong                   
00004e2b  oi_parseInt                   
0000032b  oi_parsePacket                
0000096b  oi_play_song                  
0000084b  oi_setLeds                    
00000db1  oi_setMotorCalibration        
0000088f  oi_setWheels                  
00000b51  oi_shutoff_init               
0000098d  oi_uartInit                   
00000a31  oi_uartReceive                
00000a77  oi_uartSendBuff               
00000a15  oi_uartSendChar               
00000a59  oi_uartSendStr                
000002d9  oi_update                     
00002f13  ping_getDistance              
00002dd1  ping_init                     
00002e57  ping_trigger                  
20000f1c  pulseLength                   
20000f20  risingEdge                    
00003ed5  scalbn                        
00003ed5  scalbnl                       
0000347d  sendString                    
00003c99  servo_init                    
00003d1d  servo_move                    
00003d67  servo_setPWM                  
00003d11  servo_stop                    
00004b6d  sprintf                       
00004e5b  strchr                        
00004e43  strcmp                        
00004e71  strcpy                        
00004e85  strlen                        
00002ca7  timer_getMicros               
00002c4f  timer_getMillis               
00002b89  timer_init                    
00002c2b  timer_pause                   
00002c3d  timer_resume                  
00002c01  timer_stop                    
00002d01  timer_waitMicros              
00002d33  timer_waitMillis              
00004bad  vsnprintf                     
00004e99  wcslen                        


GLOBAL SYMBOLS: SORTED BY Symbol Address 

address   name                          
-------   ----                          
00000000  __TI_static_base__            
00000000  g_pfnVectors                  
0000026d  oi_alloc                      
00000279  oi_free                       
00000289  oi_init_noupdate              
000002b1  oi_init                       
000002c7  oi_close                      
000002d9  oi_update                     
0000032b  oi_parsePacket                
00000400  __SYSMEM_SIZE                 
00000800  __STACK_SIZE                  
0000084b  oi_setLeds                    
0000088f  oi_setWheels                  
00000915  oi_loadSong                   
0000096b  oi_play_song                  
0000097f  go_charge                     
0000098d  oi_uartInit                   
00000a15  oi_uartSendChar               
00000a31  oi_uartReceive                
00000a59  oi_uartSendStr                
00000a77  oi_uartSendBuff               
00000aa9  oi_checkFirmware              
00000b51  oi_shutoff_init               
00000bc3  GPIOF_Handler                 
00000db1  oi_setMotorCalibration        
00000ded  oi_getMotorCalibrationLeft    
00000e01  oi_getMotorCalibrationRight   
00000e8d  __TI_printfi                  
000018db  _nop                          
000018dd  __kernel_rem_pio2             
00002015  cos                           
00002015  cosl                          
000025f1  lcd_reverseNibble             
0000262d  lcd_init                      
000026ed  lcd_putc                      
00002725  lcd_puts                      
00002743  lcd_sendCommand               
00002781  lcd_sendNibble                
000027c5  lcd_gotoLine                  
000027ed  lcd_setCursorPos              
0000282b  lcd_printf                    
00002b89  timer_init                    
00002c01  timer_stop                    
00002c2b  timer_pause                   
00002c3d  timer_resume                  
00002c4f  timer_getMillis               
00002ca7  timer_getMicros               
00002d01  timer_waitMicros              
00002d33  timer_waitMillis              
00002dd1  ping_init                     
00002e57  ping_trigger                  
00002ec1  TIMER3B_Handler               
00002f13  ping_getDistance              
0000318d  __aeabi_dsub                  
00003197  __aeabi_dadd                  
00003343  __aeabi_idiv0                 
00003343  __aeabi_ldiv0                 
00003345  main                          
0000347d  sendString                    
000034c5  __kernel_sin                  
00003639  __kernel_cos                  
000037a5  cyBot_sendByte                
000037b1  cyBot_uart_sendStr            
000037cb  cyBot_uart_sendBuffer         
000037e3  cyBot_uart_init               
00003875  cyBot_uart_flush              
00003893  cyBot_getByte                 
000038ad  cyBot_UART1_Handler           
00003a3d  __aeabi_ddiv                  
00003c99  servo_init                    
00003d11  servo_stop                    
00003d1d  servo_move                    
00003d67  servo_setPWM                  
00003dbd  ir_init                       
00003e25  ir_getValue                   
00003e4d  ir_getDistance                
00003e55  ADC0SS0_Handler               
00003e6b  ir_enableInterrupt            
00003ed5  ldexp                         
00003ed5  ldexpl                        
00003ed5  scalbn                        
00003ed5  scalbnl                       
00003fe5  aligned_alloc                 
00003fe5  memalign                      
000040e5  __aeabi_dmul                  
000041e1  floor                         
000041e1  floorl                        
000042d9  free                          
0000446f  __aeabi_memcpy                
0000446f  __aeabi_memcpy4               
0000446f  __aeabi_memcpy8               
0000446f  memcpy                        
0000450b  __aeabi_uldivmod              
000045a1  __aeabi_cdcmpeq               
000045a1  __aeabi_cdcmple               
00004627  __aeabi_cdrcmple              
000046ad  __aeabi_memclr                
000046ad  __aeabi_memclr4               
000046ad  __aeabi_memclr8               
000046af  __aeabi_memset                
000046af  __aeabi_memset4               
000046af  __aeabi_memset8               
000046b5  memset                        
00004807  __aeabi_d2f                   
00004875  __TI_decompress_lzss          
000048dd  frexp                         
000048dd  frexpl                        
00004941  cyBOT_init_Scan               
00004951  cyBOT_Scan                    
000049ef  __TI_ltoa                     
00004a95  atoi                          
00004ae1  __aeabi_d2iz                  
00004b29  __TI_auto_init_nobinit_nopinit
00004b6d  sprintf                       
00004bad  vsnprintf                     
00004c2d  calloc                        
00004c65  __aeabi_f2d                   
00004c9d  IntRegister                   
00004cd1  _c_int00_noargs               
00004d35  __aeabi_i2d                   
00004d8d  __TI_zero_init_nomemset       
00004dc5  memccpy                       
00004de1  copysign                      
00004de1  copysignl                     
00004e2b  oi_parseInt                   
00004e43  strcmp                        
00004e5b  strchr                        
00004e71  strcpy                        
00004e85  strlen                        
00004e99  wcslen                        
00004eab  IntMasterEnable               
00004ebb  lcd_clear                     
00004ecb  __TI_decompress_none          
00004ed9  CPUcpsie                      
00004ee5  ResetISR                      
00004efd  __aeabi_errno_addr            
00004f05  malloc                        
00004f0d  _system_pre_init              
00004f11  C$$EXIT                       
00004f11  abort                         
00005070  _ctypes_                      
000051c0  __TI_Handler_Table_Base       
000051cc  __TI_Handler_Table_Limit      
000051e0  __TI_CINIT_Base               
000051f8  __TI_CINIT_Limit              
20000000  __start___llvm_prf_cnts       
20000000  __stop___llvm_prf_cnts        
20000000  g_pfnRAMVectors               
20000270  __stack                       
20000470  __STACK_TOP                   
20000a70  __STACK_END                   
20000a70  _sys_memory                   
20000ec4  isr_char_buffer               
20000f10  _timeout_ticks                
20000f14  fallingEdge                   
20000f18  isr_int_value                 
20000f1c  pulseLength                   
20000f20  risingEdge                    
20000f24  isRisingEdge                  
20000f28  motor_cal_factor_L            
20000f2c  motor_cal_factor_R            
20000f48  _lock                         
20000f4c  _unlock                       
20000f58  isr_counter                   
20000f5c  errno                         
20000f60  _running                      
ffffffff  __TI_pprof_out_hndl           
ffffffff  __TI_prof_data_size           
ffffffff  __TI_prof_data_start          
ffffffff  __binit__                     
ffffffff  __c_args__                    
ffffffff  binit                         
UNDEFED   __mpu_init                    
UNDEFED   _system_post_cinit            

[174 symbols]
