******************************************************************************
                  TI ARM Linker PC v20.2.4                     
******************************************************************************
>> Linked Wed Nov  3 16:08:32 2021

OUTPUT FILE NAME:   <lab_8OLD.out>
ENTRY POINT SYMBOL: "_c_int00_noargs"  address: 000031f9


MEMORY CONFIGURATION

         name            origin    length      used     unused   attr    fill
----------------------  --------  ---------  --------  --------  ----  --------
  FLASH                 00000000   00040000  00003514  0003caec  R  X
  SRAM                  20000000   00008000  00000ec9  00007137  RW X


SEGMENT ALLOCATION MAP

run origin  load origin   length   init length attrs members
----------  ----------- ---------- ----------- ----- -------
00000000    00000000    00003518   00003518    r-x
  00000000    00000000    0000026c   0000026c    r-- .intvecs
  0000026c    0000026c    0000312c   0000312c    r-x .text
  00003398    00003398    0000013c   0000013c    r-- .const
  000034d8    000034d8    00000040   00000040    r-- .cinit
20000000    20000000    00000ecd   00000000    rw-
  20000000    20000000    0000026c   00000000    rw- .vtable
  20000270    20000270    00000800   00000000    rw- .stack
  20000a70    20000a70    00000400   00000000    rw- .sysmem
  20000e70    20000e70    00000058   00000000    rw- .bss
  20000ec8    20000ec8    00000005   00000000    rw- .data


SECTION ALLOCATION MAP

 output                                  attributes/
section   page    origin      length       input sections
--------  ----  ----------  ----------   ----------------
.intvecs   0    00000000    0000026c     
                  00000000    0000026c     tm4c123gh6pm_startup_ccs.obj (.intvecs)

.text      0    0000026c    0000312c     
                  0000026c    00000a4e     rtsv7M4_T_le_v4SPD16_eabi.lib : _printfi.c.obj (.text:__TI_printfi)
                  00000cba    00000002                                   : div0.asm.obj (.text)
                  00000cbc    000009c0                                   : e_pow.c.obj (.text:pow)
                  0000167c    00000328     lcd.obj (.text)
                  000019a4    00000270     rtsv7M4_T_le_v4SPD16_eabi.lib : _printfi.c.obj (.text:_pconv_a)
                  00001c14    00000248     Timer.obj (.text)
                  00001e5c    000001d0     rtsv7M4_T_le_v4SPD16_eabi.lib : _printfi.c.obj (.text:_pconv_g)
                  0000202c    000001b6                                   : fd_add_t2.asm.obj (.text)
                  000021e2    00000002     --HOLE-- [fill = 0]
                  000021e4    00000158                                   : e_sqrt.c.obj (.text:sqrt)
                  0000233c    0000013c                                   : _printfi.c.obj (.text:_pconv_e)
                  00002478    00000136                                   : fd_div_t2.asm.obj (.text)
                  000025ae    00000002     --HOLE-- [fill = 0]
                  000025b0    00000124     adc.obj (.text)
                  000026d4    00000124     rtsv7M4_T_le_v4SPD16_eabi.lib : _printfi.c.obj (.text:fcvt)
                  000027f8    00000110                                   : s_scalbn.c.obj (.text:scalbn)
                  00002908    000000fc                                   : fd_mul_t2.asm.obj (.text)
                  00002a04    000000c8     Lab7template.obj (.text)
                  00002acc    000000b1     rtsv7M4_T_le_v4SPD16_eabi.lib : _printfi.c.obj (.text:_ltostr)
                  00002b7d    00000001     --HOLE-- [fill = 0]
                  00002b7e    0000009c                                   : memcpy_t2.asm.obj (.text)
                  00002c1a    00000096                                   : ull_div_t2.asm.obj (.text)
                  00002cb0    00000086                                   : fd_cmp_t2.asm.obj (.text:__aeabi_cdcmple)
                  00002d36    00000086                                   : fd_cmp_t2.asm.obj (.text:__aeabi_cdrcmple)
                  00002dbc    0000007a                                   : memset_t2.asm.obj (.text)
                  00002e36    0000006e                                   : _printfi.c.obj (.text:_mcpy)
                  00002ea4    00000068                                   : copy_decompress_lzss.c.obj (.text:decompress:lzss:__TI_decompress_lzss)
                  00002f0c    00000064                                   : s_frexp.c.obj (.text:frexp)
                  00002f70    00000056                                   : _printfi.c.obj (.text:_pconv_f)
                  00002fc6    00000054                                   : _ltoa.c.obj (.text:__TI_ltoa)
                  0000301a    00000052                                   : _printfi.c.obj (.text:_ecpy)
                  0000306c    0000004c                                   : atoi.c.obj (.text:atoi)
                  000030b8    00000048                                   : fd_toi_t2.asm.obj (.text)
                  00003100    00000044                                   : autoinit.c.obj (.text:__TI_auto_init_nobinit_nopinit:__TI_auto_init_nobinit_nopinit)
                  00003144    00000040                                   : vsnprintf.c.obj (.text:vsnprintf)
                  00003184    0000003e                                   : _printfi.c.obj (.text:_fcpy)
                  000031c2    00000002     --HOLE-- [fill = 0]
                  000031c4    00000034     driverlib.lib : interrupt.obj (.text:IntRegister)
                  000031f8    00000034     rtsv7M4_T_le_v4SPD16_eabi.lib : boot_cortex_m.c.obj (.text:_c_int00_noargs:_c_int00_noargs)
                  0000322c    00000030                                   : vsnprintf.c.obj (.text:_outs)
                  0000325c    0000002e                                   : i_tofd_t2.asm.obj (.text)
                  0000328a    0000001c                                   : copy_zero_init.c.obj (.text:decompress:ZI:__TI_zero_init_nomemset:__TI_zero_init_nomemset)
                  000032a6    0000001c                                   : memccpy.c.obj (.text:memccpy)
                  000032c2    0000001a                                   : s_copysign.c.obj (.text:copysign)
                  000032dc    00000018                                   : vsnprintf.c.obj (.text:_outc)
                  000032f4    00000018                                   : strcmp.c.obj (.text:strcmp)
                  0000330c    00000016                                   : strchr.c.obj (.text:strchr)
                  00003322    00000014                                   : strcpy.c.obj (.text:strcpy)
                  00003336    00000014                                   : strlen.c.obj (.text:strlen)
                  0000334a    00000012                                   : wcslen.c.obj (.text:wcslen)
                  0000335c    00000010     lcd.obj (.text:lcd_clear)
                  0000336c    0000000e     rtsv7M4_T_le_v4SPD16_eabi.lib : copy_decompress_none.c.obj (.text:decompress:none:__TI_decompress_none)
                  0000337a    0000000c     tm4c123gh6pm_startup_ccs.obj (.text)
                  00003386    00000002     --HOLE-- [fill = 0]
                  00003388    00000008     rtsv7M4_T_le_v4SPD16_eabi.lib : errno.c.obj (.text:__aeabi_errno_addr)
                  00003390    00000004                                   : pre_init.c.obj (.text:_system_pre_init)
                  00003394    00000004                                   : exit.c.obj (.text:abort:abort)

.const     0    00003398    0000013c     
                  00003398    00000101     rtsv7M4_T_le_v4SPD16_eabi.lib : ctype.c.obj (.const:.string:_ctypes_)
                  00003499    00000004     lcd.obj (.const:.string:lineAddress$1)
                  0000349d    00000003     --HOLE-- [fill = 0]
                  000034a0    00000030     rtsv7M4_T_le_v4SPD16_eabi.lib : e_pow.c.obj (.const:$O1$$)
                  000034d0    00000004     lcd.obj (.const:.string:lineAddresses$2)

.cinit     0    000034d8    00000040     
                  000034d8    0000000c     (__TI_handler_table)
                  000034e4    00000004     --HOLE-- [fill = 0]
                  000034e8    00000008     (.cinit..bss.load) [load image, compression = zero_init]
                  000034f0    00000008     (.cinit..vtable.load) [load image, compression = zero_init]
                  000034f8    00000007     (.cinit..data.load) [load image, compression = lzss]
                  000034ff    00000001     --HOLE-- [fill = 0]
                  00003500    00000018     (__TI_cinit_table)

.init_array 
*          0    00000000    00000000     UNINITIALIZED

.vtable    0    20000000    0000026c     UNINITIALIZED
                  20000000    0000026c     driverlib.lib : interrupt.obj (.vtable)

.stack     0    20000270    00000800     UNINITIALIZED
                  20000270    00000004     rtsv7M4_T_le_v4SPD16_eabi.lib : boot_cortex_m.c.obj (.stack)
                  20000274    000007fc     --HOLE--

.sysmem    0    20000a70    00000400     UNINITIALIZED
                  20000a70    00000010     rtsv7M4_T_le_v4SPD16_eabi.lib : memory.c.obj (.sysmem)
                  20000a80    000003f0     --HOLE--

.bss       0    20000e70    00000058     UNINITIALIZED
                  20000e70    00000054     lcd.obj (.bss:lastbuffer$3)
                  20000ec4    00000004     (.common:_timeout_ticks)

.data      0    20000ec8    00000005     UNINITIALIZED
                  20000ec8    00000004     rtsv7M4_T_le_v4SPD16_eabi.lib : errno.c.obj (.data)
                  20000ecc    00000001     Timer.obj (.data)

__llvm_prf_cnts 
*          0    20000000    00000000     UNINITIALIZED

MODULE SUMMARY

       Module                         code    ro data   rw data
       ------                         ----    -------   -------
    .\
       lcd.obj                        824     8         84     
       tm4c123gh6pm_startup_ccs.obj   12      620       0      
       Timer.obj                      584     0         5      
       adc.obj                        292     0         0      
       Lab7template.obj               200     0         0      
    +--+------------------------------+-------+---------+---------+
       Total:                         1912    628       89     
                                                               
    C:/ti/TivaWare_C_Series-2.1.4.178/driverlib/ccs/Debug/driverlib.lib
       interrupt.obj                  52      0         620    
    +--+------------------------------+-------+---------+---------+
       Total:                         52      0         620    
                                                               
    C:\ti\ccs1031\ccs\tools\compiler\ti-cgt-arm_20.2.4.LTS\lib\rtsv7M4_T_le_v4SPD16_eabi.lib
       _printfi.c.obj                 4851    0         0      
       e_pow.c.obj                    2496    48        0      
       fd_add_t2.asm.obj              438     0         0      
       e_sqrt.c.obj                   344     0         0      
       fd_div_t2.asm.obj              310     0         0      
       s_scalbn.c.obj                 272     0         0      
       fd_cmp_t2.asm.obj              268     0         0      
       ctype.c.obj                    0       257       0      
       fd_mul_t2.asm.obj              252     0         0      
       memcpy_t2.asm.obj              156     0         0      
       ull_div_t2.asm.obj             150     0         0      
       vsnprintf.c.obj                136     0         0      
       memset_t2.asm.obj              122     0         0      
       copy_decompress_lzss.c.obj     104     0         0      
       s_frexp.c.obj                  100     0         0      
       _ltoa.c.obj                    84      0         0      
       atoi.c.obj                     76      0         0      
       fd_toi_t2.asm.obj              72      0         0      
       autoinit.c.obj                 68      0         0      
       boot_cortex_m.c.obj            52      0         0      
       i_tofd_t2.asm.obj              46      0         0      
       copy_zero_init.c.obj           28      0         0      
       memccpy.c.obj                  28      0         0      
       s_copysign.c.obj               26      0         0      
       strcmp.c.obj                   24      0         0      
       strchr.c.obj                   22      0         0      
       strcpy.c.obj                   20      0         0      
       strlen.c.obj                   20      0         0      
       wcslen.c.obj                   18      0         0      
       copy_decompress_none.c.obj     14      0         0      
       errno.c.obj                    8       0         4      
       exit.c.obj                     4       0         0      
       pre_init.c.obj                 4       0         0      
       div0.asm.obj                   2       0         0      
    +--+------------------------------+-------+---------+---------+
       Total:                         10615   305       4      
                                                               
       Heap:                          0       0         1024   
       Stack:                         0       0         2048   
       Linker Generated:              0       59        0      
    +--+------------------------------+-------+---------+---------+
       Grand Total:                   12579   992       3785   


LINKER GENERATED COPY TABLES

__TI_cinit_table @ 00003500 records: 3, size/record: 8, table size: 24
	.bss: load addr=000034e8, load size=00000008 bytes, run addr=20000e70, run size=00000058 bytes, compression=zero_init
	.vtable: load addr=000034f0, load size=00000008 bytes, run addr=20000000, run size=0000026c bytes, compression=zero_init
	.data: load addr=000034f8, load size=00000007 bytes, run addr=20000ec8, run size=00000005 bytes, compression=lzss


LINKER GENERATED HANDLER TABLE

__TI_handler_table @ 000034d8 records: 3, size/record: 4, table size: 12
	index: 0, handler: __TI_zero_init
	index: 1, handler: __TI_decompress_lzss
	index: 2, handler: __TI_decompress_none


GLOBAL SYMBOLS: SORTED ALPHABETICALLY BY Name 

address   name                          
-------   ----                          
000025b1  ADC_init                      
00003395  C$$EXIT                       
000031c5  IntRegister                   
0000337b  ResetISR                      
20000a70  __STACK_END                   
00000800  __STACK_SIZE                  
20000470  __STACK_TOP                   
00000400  __SYSMEM_SIZE                 
00003500  __TI_CINIT_Base               
00003518  __TI_CINIT_Limit              
000034d8  __TI_Handler_Table_Base       
000034e4  __TI_Handler_Table_Limit      
00003101  __TI_auto_init_nobinit_nopinit
00002ea5  __TI_decompress_lzss          
0000336d  __TI_decompress_none          
00002fc7  __TI_ltoa                     
ffffffff  __TI_pprof_out_hndl           
0000026d  __TI_printfi                  
ffffffff  __TI_prof_data_size           
ffffffff  __TI_prof_data_start          
00000000  __TI_static_base__            
0000328b  __TI_zero_init_nomemset       
00002cb1  __aeabi_cdcmpeq               
00002cb1  __aeabi_cdcmple               
00002d37  __aeabi_cdrcmple              
000030b9  __aeabi_d2iz                  
00002037  __aeabi_dadd                  
00002479  __aeabi_ddiv                  
00002909  __aeabi_dmul                  
0000202d  __aeabi_dsub                  
00003389  __aeabi_errno_addr            
0000325d  __aeabi_i2d                   
00000cbb  __aeabi_idiv0                 
00000cbb  __aeabi_ldiv0                 
00002dbd  __aeabi_memclr                
00002dbd  __aeabi_memclr4               
00002dbd  __aeabi_memclr8               
00002b7f  __aeabi_memcpy                
00002b7f  __aeabi_memcpy4               
00002b7f  __aeabi_memcpy8               
00002dbf  __aeabi_memset                
00002dbf  __aeabi_memset4               
00002dbf  __aeabi_memset8               
00002c1b  __aeabi_uldivmod              
ffffffff  __binit__                     
ffffffff  __c_args__                    
UNDEFED   __mpu_init                    
20000270  __stack                       
20000000  __start___llvm_prf_cnts       
20000000  __stop___llvm_prf_cnts        
000031f9  _c_int00_noargs               
00003398  _ctypes_                      
20000ecc  _running                      
20000a70  _sys_memory                   
UNDEFED   _system_post_cinit            
00003391  _system_pre_init              
20000ec4  _timeout_ticks                
00003395  abort                         
00002663  adc_read                      
0000306d  atoi                          
ffffffff  binit                         
000032c3  copysign                      
000032c3  copysignl                     
20000ec8  errno                         
00002f0d  frexp                         
00002f0d  frexpl                        
20000000  g_pfnRAMVectors               
00000000  g_pfnVectors                  
0000335d  lcd_clear                     
00001851  lcd_gotoLine                  
000016b9  lcd_init                      
000018b7  lcd_printf                    
00001779  lcd_putc                      
000017b1  lcd_puts                      
0000167d  lcd_reverseNibble             
000017cf  lcd_sendCommand               
0000180d  lcd_sendNibble                
00001879  lcd_setCursorPos              
000027f9  ldexp                         
000027f9  ldexpl                        
00002a05  main                          
000032a7  memccpy                       
00002b7f  memcpy                        
00002dc5  memset                        
00000cbd  pow                           
00000cbd  powl                          
000027f9  scalbn                        
000027f9  scalbnl                       
000021e5  sqrt                          
000021e5  sqrtl                         
0000330d  strchr                        
000032f5  strcmp                        
00003323  strcpy                        
00003337  strlen                        
00001d33  timer_getMicros               
00001cdb  timer_getMillis               
00001c15  timer_init                    
00001cb7  timer_pause                   
00001cc9  timer_resume                  
00001c8d  timer_stop                    
00001d8d  timer_waitMicros              
00001dbf  timer_waitMillis              
00003145  vsnprintf                     
0000334b  wcslen                        


GLOBAL SYMBOLS: SORTED BY Symbol Address 

address   name                          
-------   ----                          
00000000  __TI_static_base__            
00000000  g_pfnVectors                  
0000026d  __TI_printfi                  
00000400  __SYSMEM_SIZE                 
00000800  __STACK_SIZE                  
00000cbb  __aeabi_idiv0                 
00000cbb  __aeabi_ldiv0                 
00000cbd  pow                           
00000cbd  powl                          
0000167d  lcd_reverseNibble             
000016b9  lcd_init                      
00001779  lcd_putc                      
000017b1  lcd_puts                      
000017cf  lcd_sendCommand               
0000180d  lcd_sendNibble                
00001851  lcd_gotoLine                  
00001879  lcd_setCursorPos              
000018b7  lcd_printf                    
00001c15  timer_init                    
00001c8d  timer_stop                    
00001cb7  timer_pause                   
00001cc9  timer_resume                  
00001cdb  timer_getMillis               
00001d33  timer_getMicros               
00001d8d  timer_waitMicros              
00001dbf  timer_waitMillis              
0000202d  __aeabi_dsub                  
00002037  __aeabi_dadd                  
000021e5  sqrt                          
000021e5  sqrtl                         
00002479  __aeabi_ddiv                  
000025b1  ADC_init                      
00002663  adc_read                      
000027f9  ldexp                         
000027f9  ldexpl                        
000027f9  scalbn                        
000027f9  scalbnl                       
00002909  __aeabi_dmul                  
00002a05  main                          
00002b7f  __aeabi_memcpy                
00002b7f  __aeabi_memcpy4               
00002b7f  __aeabi_memcpy8               
00002b7f  memcpy                        
00002c1b  __aeabi_uldivmod              
00002cb1  __aeabi_cdcmpeq               
00002cb1  __aeabi_cdcmple               
00002d37  __aeabi_cdrcmple              
00002dbd  __aeabi_memclr                
00002dbd  __aeabi_memclr4               
00002dbd  __aeabi_memclr8               
00002dbf  __aeabi_memset                
00002dbf  __aeabi_memset4               
00002dbf  __aeabi_memset8               
00002dc5  memset                        
00002ea5  __TI_decompress_lzss          
00002f0d  frexp                         
00002f0d  frexpl                        
00002fc7  __TI_ltoa                     
0000306d  atoi                          
000030b9  __aeabi_d2iz                  
00003101  __TI_auto_init_nobinit_nopinit
00003145  vsnprintf                     
000031c5  IntRegister                   
000031f9  _c_int00_noargs               
0000325d  __aeabi_i2d                   
0000328b  __TI_zero_init_nomemset       
000032a7  memccpy                       
000032c3  copysign                      
000032c3  copysignl                     
000032f5  strcmp                        
0000330d  strchr                        
00003323  strcpy                        
00003337  strlen                        
0000334b  wcslen                        
0000335d  lcd_clear                     
0000336d  __TI_decompress_none          
0000337b  ResetISR                      
00003389  __aeabi_errno_addr            
00003391  _system_pre_init              
00003395  C$$EXIT                       
00003395  abort                         
00003398  _ctypes_                      
000034d8  __TI_Handler_Table_Base       
000034e4  __TI_Handler_Table_Limit      
00003500  __TI_CINIT_Base               
00003518  __TI_CINIT_Limit              
20000000  __start___llvm_prf_cnts       
20000000  __stop___llvm_prf_cnts        
20000000  g_pfnRAMVectors               
20000270  __stack                       
20000470  __STACK_TOP                   
20000a70  __STACK_END                   
20000a70  _sys_memory                   
20000ec4  _timeout_ticks                
20000ec8  errno                         
20000ecc  _running                      
ffffffff  __TI_pprof_out_hndl           
ffffffff  __TI_prof_data_size           
ffffffff  __TI_prof_data_start          
ffffffff  __binit__                     
ffffffff  __c_args__                    
ffffffff  binit                         
UNDEFED   __mpu_init                    
UNDEFED   _system_post_cinit            

[104 symbols]
