******************************************************************************
                  TI ARM Linker PC v20.2.4                     
******************************************************************************
>> Linked Thu Oct 28 14:49:37 2021

OUTPUT FILE NAME:   <lab_8.out>
ENTRY POINT SYMBOL: "_c_int00_noargs"  address: 000059e1


MEMORY CONFIGURATION

         name            origin    length      used     unused   attr    fill
----------------------  --------  ---------  --------  --------  ----  --------
  FLASH                 00000000   00040000  00005eec  0003a114  R  X
  SRAM                  20000000   00008000  00000f2c  000070d4  RW X


SEGMENT ALLOCATION MAP

run origin  load origin   length   init length attrs members
----------  ----------- ---------- ----------- ----- -------
00000000    00000000    00005ef0   00005ef0    r-x
  00000000    00000000    0000026c   0000026c    r-- .intvecs
  0000026c    0000026c    000059b8   000059b8    r-x .text
  00005c28    00005c28    00000278   00000278    r-- .const
  00005ea0    00005ea0    00000050   00000050    r-- .cinit
20000000    20000000    00000f31   00000000    rw-
  20000000    20000000    0000026c   00000000    rw- .vtable
  20000270    20000270    00000800   00000000    rw- .stack
  20000a70    20000a70    00000400   00000000    rw- .sysmem
  20000e70    20000e70    0000008b   00000000    rw- .bss
  20000efc    20000efc    00000035   00000000    rw- .data


SECTION ALLOCATION MAP

 output                                  attributes/
section   page    origin      length       input sections
--------  ----  ----------  ----------   ----------------
.intvecs   0    00000000    0000026c     
                  00000000    0000026c     tm4c123gh6pm_startup_ccs.obj (.intvecs)

.text      0    0000026c    000059b8     
                  0000026c    00000c20     open_interface.obj (.text)
                  00000e8c    00000a4e     rtsv7M4_T_le_v4SPD16_eabi.lib : _printfi.c.obj (.text:__TI_printfi)
                  000018da    00000002                                   : _lock.c.obj (.text:_nop)
                  000018dc    00000738                                   : k_rem_pio2.c.obj (.text:__kernel_rem_pio2)
                  00002014    000005dc                                   : s_cos.c.obj (.text:cos)
                  000025f0    00000550     extended_simple_mission_main.obj (.text)
                  00002b40    000003f4     movement.obj (.text)
                  00002f34    00000328     lcd.obj (.text)
                  0000325c    00000270     rtsv7M4_T_le_v4SPD16_eabi.lib : _printfi.c.obj (.text:_pconv_a)
                  000034cc    00000258     uart.obj (.text)
                  00003724    00000248     Timer.obj (.text)
                  0000396c    000001ec     libcybotScan.lib : ping.obj (.text)
                  00003b58    000001d0     rtsv7M4_T_le_v4SPD16_eabi.lib : _printfi.c.obj (.text:_pconv_g)
                  00003d28    000001b6                                   : fd_add_t2.asm.obj (.text)
                  00003ede    00000002                                   : div0.asm.obj (.text)
                  00003ee0    00000174                                   : k_sin.c.obj (.text:__kernel_sin)
                  00004054    0000016c                                   : k_cos.c.obj (.text:__kernel_cos)
                  000041c0    00000158                                   : e_sqrt.c.obj (.text:sqrt)
                  00004318    0000013c                                   : _printfi.c.obj (.text:_pconv_e)
                  00004454    00000136                                   : fd_div_t2.asm.obj (.text)
                  0000458a    00000002     --HOLE-- [fill = 0]
                  0000458c    00000124                                   : _printfi.c.obj (.text:fcvt)
                  000046b0    00000124     libcybotScan.lib : servo.obj (.text)
                  000047d4    00000120     mission_helper.obj (.text)
                  000048f4    00000118     libcybotScan.lib : ir.obj (.text)
                  00004a0c    00000110     rtsv7M4_T_le_v4SPD16_eabi.lib : s_scalbn.c.obj (.text:scalbn)
                  00004b1c    00000100                                   : memory.c.obj (.text:aligned_alloc)
                  00004c1c    000000fc                                   : fd_mul_t2.asm.obj (.text)
                  00004d18    000000f8                                   : s_ceil.c.obj (.text:ceil)
                  00004e10    000000f8                                   : s_floor.c.obj (.text:floor)
                  00004f08    000000e4                                   : memory.c.obj (.text:free)
                  00004fec    000000e0     adc.obj (.text)
                  000050cc    000000b1     rtsv7M4_T_le_v4SPD16_eabi.lib : _printfi.c.obj (.text:_ltostr)
                  0000517d    00000001     --HOLE-- [fill = 0]
                  0000517e    0000009c                                   : memcpy_t2.asm.obj (.text)
                  0000521a    00000096                                   : ull_div_t2.asm.obj (.text)
                  000052b0    00000086                                   : fd_cmp_t2.asm.obj (.text:__aeabi_cdcmple)
                  00005336    00000086                                   : fd_cmp_t2.asm.obj (.text:__aeabi_cdrcmple)
                  000053bc    0000007a                                   : memset_t2.asm.obj (.text)
                  00005436    00000002     --HOLE-- [fill = 0]
                  00005438    00000070                                   : memory.c.obj (.text:split)
                  000054a8    0000006e                                   : _printfi.c.obj (.text:_mcpy)
                  00005516    0000006e                                   : fd_tos_t2.asm.obj (.text)
                  00005584    00000068                                   : copy_decompress_lzss.c.obj (.text:decompress:lzss:__TI_decompress_lzss)
                  000055ec    00000064                                   : s_frexp.c.obj (.text:frexp)
                  00005650    00000058     libcybotScan.lib : cyBot_Scan.obj (.text)
                  000056a8    00000056     rtsv7M4_T_le_v4SPD16_eabi.lib : _printfi.c.obj (.text:_pconv_f)
                  000056fe    00000054                                   : _ltoa.c.obj (.text:__TI_ltoa)
                  00005752    00000052                                   : _printfi.c.obj (.text:_ecpy)
                  000057a4    0000004c                                   : atoi.c.obj (.text:atoi)
                  000057f0    00000048                                   : fd_toi_t2.asm.obj (.text)
                  00005838    00000044                                   : autoinit.c.obj (.text:__TI_auto_init_nobinit_nopinit:__TI_auto_init_nobinit_nopinit)
                  0000587c    00000040                                   : sprintf.c.obj (.text:sprintf)
                  000058bc    00000040                                   : vsnprintf.c.obj (.text:vsnprintf)
                  000058fc    0000003e                                   : _printfi.c.obj (.text:_fcpy)
                  0000593a    00000002     --HOLE-- [fill = 0]
                  0000593c    00000038                                   : memory.c.obj (.text:calloc)
                  00005974    00000038                                   : fs_tod_t2.asm.obj (.text)
                  000059ac    00000034     driverlib.lib : interrupt.obj (.text:IntRegister)
                  000059e0    00000034     rtsv7M4_T_le_v4SPD16_eabi.lib : boot_cortex_m.c.obj (.text:_c_int00_noargs:_c_int00_noargs)
                  00005a14    00000030                                   : vsnprintf.c.obj (.text:_outs)
                  00005a44    0000002e                                   : i_tofd_t2.asm.obj (.text)
                  00005a72    00000002     --HOLE-- [fill = 0]
                  00005a74    00000028                                   : memory.c.obj (.text:free_list_insert)
                  00005a9c    0000001c                                   : copy_zero_init.c.obj (.text:decompress:ZI:__TI_zero_init_nomemset:__TI_zero_init_nomemset)
                  00005ab8    0000001c                                   : memory.c.obj (.text:free_list_remove)
                  00005ad4    0000001c                                   : memccpy.c.obj (.text:memccpy)
                  00005af0    0000001a                                   : s_copysign.c.obj (.text:copysign)
                  00005b0a    00000018                                   : vsnprintf.c.obj (.text:_outc)
                  00005b22    00000018                                   : sprintf.c.obj (.text:_outs)
                  00005b3a    00000018     open_interface.obj (.text:oi_parseInt)
                  00005b52    00000018     rtsv7M4_T_le_v4SPD16_eabi.lib : strcmp.c.obj (.text:strcmp)
                  00005b6a    00000016                                   : strchr.c.obj (.text:strchr)
                  00005b80    00000014                                   : strcpy.c.obj (.text:strcpy)
                  00005b94    00000014                                   : strlen.c.obj (.text:strlen)
                  00005ba8    00000012                                   : wcslen.c.obj (.text:wcslen)
                  00005bba    00000010     driverlib.lib : interrupt.obj (.text:IntMasterEnable)
                  00005bca    00000010     lcd.obj (.text:lcd_clear)
                  00005bda    0000000e     rtsv7M4_T_le_v4SPD16_eabi.lib : copy_decompress_none.c.obj (.text:decompress:none:__TI_decompress_none)
                  00005be8    0000000c     driverlib.lib : cpu.obj (.text:CPUcpsie)
                  00005bf4    0000000c     tm4c123gh6pm_startup_ccs.obj (.text)
                  00005c00    0000000a     rtsv7M4_T_le_v4SPD16_eabi.lib : sprintf.c.obj (.text:_outc)
                  00005c0a    00000002     --HOLE-- [fill = 0]
                  00005c0c    00000008                                   : errno.c.obj (.text:__aeabi_errno_addr)
                  00005c14    00000008                                   : memory.c.obj (.text:malloc)
                  00005c1c    00000004                                   : pre_init.c.obj (.text:_system_pre_init)
                  00005c20    00000004                                   : exit.c.obj (.text:abort:abort)

.const     0    00005c28    00000278     
                  00005c28    00000158     rtsv7M4_T_le_v4SPD16_eabi.lib : k_rem_pio2.c.obj (.const:$O1$$)
                  00005d80    00000101                                   : ctype.c.obj (.const:.string:_ctypes_)
                  00005e81    0000000f     open_interface.obj (.const:.string:$P$T0$3)
                  00005e90    00000008     mission_helper.obj (.const:.string:$P$T0$1)
                  00005e98    00000004     lcd.obj (.const:.string:lineAddress$1)
                  00005e9c    00000004     lcd.obj (.const:.string:lineAddresses$2)

.cinit     0    00005ea0    00000050     
                  00005ea0    00000018     (.cinit..data.load) [load image, compression = lzss]
                  00005eb8    0000000c     (__TI_handler_table)
                  00005ec4    00000004     --HOLE-- [fill = 0]
                  00005ec8    00000008     (.cinit..bss.load) [load image, compression = zero_init]
                  00005ed0    00000008     (.cinit..vtable.load) [load image, compression = zero_init]
                  00005ed8    00000018     (__TI_cinit_table)

.init_array 
*          0    00000000    00000000     UNINITIALIZED

.vtable    0    20000000    0000026c     UNINITIALIZED
                  20000000    0000026c     driverlib.lib : interrupt.obj (.vtable)

.stack     0    20000270    00000800     UNINITIALIZED
                  20000270    00000004     rtsv7M4_T_le_v4SPD16_eabi.lib : boot_cortex_m.c.obj (.stack)
                  20000274    000007fc     --HOLE--

.sysmem    0    20000a70    00000400     UNINITIALIZED
                  20000a70    00000010     rtsv7M4_T_le_v4SPD16_eabi.lib : memory.c.obj (.sysmem)
                  20000a80    000003f0     --HOLE--

.bss       0    20000e70    0000008b     UNINITIALIZED
                  20000e70    00000054     lcd.obj (.bss:lastbuffer$3)
                  20000ec4    00000018     open_interface.obj (.bss:firmware$2)
                  20000edc    00000004     (.common:_timeout_ticks)
                  20000ee0    00000004     (.common:fallingEdge)
                  20000ee4    00000004     (.common:isr_int_value)
                  20000ee8    00000004     (.common:measurement_flag)
                  20000eec    00000004     (.common:pulseLength)
                  20000ef0    00000004     (.common:risingEdge)
                  20000ef4    00000004     (.common:sensor_data)
                  20000ef8    00000001     (.common:isRisingEdge)
                  20000ef9    00000001     (.common:mode_flag)
                  20000efa    00000001     (.common:uart_data)

.data      0    20000efc    00000035     UNINITIALIZED
                  20000efc    00000020     open_interface.obj (.data)
                  20000f1c    00000008     rtsv7M4_T_le_v4SPD16_eabi.lib : _lock.c.obj (.data:$O1$$)
                  20000f24    00000008                                   : memory.c.obj (.data:$O1$$)
                  20000f2c    00000004                                   : errno.c.obj (.data)
                  20000f30    00000001     Timer.obj (.data)

__llvm_prf_cnts 
*          0    20000000    00000000     UNINITIALIZED

MODULE SUMMARY

       Module                             code    ro data   rw data
       ------                             ----    -------   -------
    .\
       open_interface.obj                 3128    15        56     
       extended_simple_mission_main.obj   1360    0         4      
       movement.obj                       1012    0         0      
       lcd.obj                            824     8         84     
       tm4c123gh6pm_startup_ccs.obj       12      620       0      
       uart.obj                           600     0         6      
       Timer.obj                          584     0         5      
       mission_helper.obj                 288     8         0      
       adc.obj                            224     0         0      
    +--+----------------------------------+-------+---------+---------+
       Total:                             8032    651       155    
                                                                   
    ../libcybotScan.lib
       ping.obj                           492     0         13     
       servo.obj                          292     0         0      
       ir.obj                             280     0         4      
       cyBot_Scan.obj                     88      0         0      
    +--+----------------------------------+-------+---------+---------+
       Total:                             1152    0         17     
                                                                   
    C:/ti/TivaWare_C_Series-2.1.4.178/driverlib/ccs/Debug/driverlib.lib
       interrupt.obj                      68      0         620    
       cpu.obj                            12      0         0      
    +--+----------------------------------+-------+---------+---------+
       Total:                             80      0         620    
                                                                   
    C:\ti\ccs1031\ccs\tools\compiler\ti-cgt-arm_20.2.4.LTS\lib\rtsv7M4_T_le_v4SPD16_eabi.lib
       _printfi.c.obj                     4851    0         0      
       k_rem_pio2.c.obj                   1848    344       0      
       s_cos.c.obj                        1500    0         0      
       memory.c.obj                       728     0         8      
       fd_add_t2.asm.obj                  438     0         0      
       k_sin.c.obj                        372     0         0      
       k_cos.c.obj                        364     0         0      
       e_sqrt.c.obj                       344     0         0      
       fd_div_t2.asm.obj                  310     0         0      
       s_scalbn.c.obj                     272     0         0      
       fd_cmp_t2.asm.obj                  268     0         0      
       ctype.c.obj                        0       257       0      
       fd_mul_t2.asm.obj                  252     0         0      
       s_ceil.c.obj                       248     0         0      
       s_floor.c.obj                      248     0         0      
       memcpy_t2.asm.obj                  156     0         0      
       ull_div_t2.asm.obj                 150     0         0      
       vsnprintf.c.obj                    136     0         0      
       memset_t2.asm.obj                  122     0         0      
       fd_tos_t2.asm.obj                  110     0         0      
       copy_decompress_lzss.c.obj         104     0         0      
       s_frexp.c.obj                      100     0         0      
       sprintf.c.obj                      98      0         0      
       _ltoa.c.obj                        84      0         0      
       atoi.c.obj                         76      0         0      
       fd_toi_t2.asm.obj                  72      0         0      
       autoinit.c.obj                     68      0         0      
       fs_tod_t2.asm.obj                  56      0         0      
       boot_cortex_m.c.obj                52      0         0      
       i_tofd_t2.asm.obj                  46      0         0      
       copy_zero_init.c.obj               28      0         0      
       memccpy.c.obj                      28      0         0      
       s_copysign.c.obj                   26      0         0      
       strcmp.c.obj                       24      0         0      
       strchr.c.obj                       22      0         0      
       strcpy.c.obj                       20      0         0      
       strlen.c.obj                       20      0         0      
       wcslen.c.obj                       18      0         0      
       copy_decompress_none.c.obj         14      0         0      
       errno.c.obj                        8       0         4      
       _lock.c.obj                        2       0         8      
       exit.c.obj                         4       0         0      
       pre_init.c.obj                     4       0         0      
       div0.asm.obj                       2       0         0      
    +--+----------------------------------+-------+---------+---------+
       Total:                             13693   601       20     
                                                                   
       Heap:                              0       0         1024   
       Stack:                             0       0         2048   
       Linker Generated:                  0       76        0      
    +--+----------------------------------+-------+---------+---------+
       Grand Total:                       22957   1328      3884   


LINKER GENERATED COPY TABLES

__TI_cinit_table @ 00005ed8 records: 3, size/record: 8, table size: 24
	.data: load addr=00005ea0, load size=00000018 bytes, run addr=20000efc, run size=00000035 bytes, compression=lzss
	.bss: load addr=00005ec8, load size=00000008 bytes, run addr=20000e70, run size=0000008b bytes, compression=zero_init
	.vtable: load addr=00005ed0, load size=00000008 bytes, run addr=20000000, run size=0000026c bytes, compression=zero_init


LINKER GENERATED HANDLER TABLE

__TI_handler_table @ 00005eb8 records: 3, size/record: 4, table size: 12
	index: 0, handler: __TI_zero_init
	index: 1, handler: __TI_decompress_lzss
	index: 2, handler: __TI_decompress_none


GLOBAL SYMBOLS: SORTED ALPHABETICALLY BY Name 

address   name                          
-------   ----                          
0000498d  ADC0SS0_Handler               
00005c21  C$$EXIT                       
00005be9  CPUcpsie                      
00000bc3  GPIOF_Handler                 
00005bbb  IntMasterEnable               
000059ad  IntRegister                   
00005bf5  ResetISR                      
00003a5d  TIMER3B_Handler               
00003637  UART1_Handler                 
20000a70  __STACK_END                   
00000800  __STACK_SIZE                  
20000470  __STACK_TOP                   
00000400  __SYSMEM_SIZE                 
00005ed8  __TI_CINIT_Base               
00005ef0  __TI_CINIT_Limit              
00005eb8  __TI_Handler_Table_Base       
00005ec4  __TI_Handler_Table_Limit      
00005839  __TI_auto_init_nobinit_nopinit
00005585  __TI_decompress_lzss          
00005bdb  __TI_decompress_none          
000056ff  __TI_ltoa                     
ffffffff  __TI_pprof_out_hndl           
00000e8d  __TI_printfi                  
ffffffff  __TI_prof_data_size           
ffffffff  __TI_prof_data_start          
00000000  __TI_static_base__            
00005a9d  __TI_zero_init_nomemset       
000052b1  __aeabi_cdcmpeq               
000052b1  __aeabi_cdcmple               
00005337  __aeabi_cdrcmple              
00005517  __aeabi_d2f                   
000057f1  __aeabi_d2iz                  
00003d33  __aeabi_dadd                  
00004455  __aeabi_ddiv                  
00004c1d  __aeabi_dmul                  
00003d29  __aeabi_dsub                  
00005c0d  __aeabi_errno_addr            
00005975  __aeabi_f2d                   
00005a45  __aeabi_i2d                   
00003edf  __aeabi_idiv0                 
00003edf  __aeabi_ldiv0                 
000053bd  __aeabi_memclr                
000053bd  __aeabi_memclr4               
000053bd  __aeabi_memclr8               
0000517f  __aeabi_memcpy                
0000517f  __aeabi_memcpy4               
0000517f  __aeabi_memcpy8               
000053bf  __aeabi_memset                
000053bf  __aeabi_memset4               
000053bf  __aeabi_memset8               
0000521b  __aeabi_uldivmod              
ffffffff  __binit__                     
ffffffff  __c_args__                    
00004055  __kernel_cos                  
000018dd  __kernel_rem_pio2             
00003ee1  __kernel_sin                  
UNDEFED   __mpu_init                    
20000270  __stack                       
20000000  __start___llvm_prf_cnts       
20000000  __stop___llvm_prf_cnts        
000059e1  _c_int00_noargs               
00005d80  _ctypes_                      
20000f1c  _lock                         
000018db  _nop                          
20000f30  _running                      
20000a70  _sys_memory                   
UNDEFED   _system_post_cinit            
00005c1d  _system_pre_init              
20000edc  _timeout_ticks                
20000f20  _unlock                       
00005c21  abort                         
00004fed  adc_init                      
00005061  adc_read                      
00004b1d  aligned_alloc                 
000057a5  atoi                          
000028e1  auto_mode                     
00002cfd  backup                        
ffffffff  binit                         
00004825  calculateWidth                
0000593d  calloc                        
00004d19  ceil                          
00004d19  ceill                         
00005af1  copysign                      
00005af1  copysignl                     
00002015  cos                           
00002015  cosl                          
00005661  cyBOT_Scan                    
00005651  cyBOT_init_Scan               
20000f2c  errno                         
20000ee0  fallingEdge                   
00004e11  floor                         
00004e11  floorl                        
00004f09  free                          
000055ed  frexp                         
000055ed  frexpl                        
20000000  g_pfnRAMVectors               
00000000  g_pfnVectors                  
0000097f  go_charge                     
00002e1b  handle_both_bump              
00002d7f  handle_bump                   
00002df5  handle_left_bump              
00002dcf  handle_right_bump             
000035d7  interrupt_init                
000049a3  ir_enableInterrupt            
00004985  ir_getDistance                
0000495d  ir_getValue                   
000048f5  ir_init                       
20000ef8  isRisingEdge                  
20000ee4  isr_int_value                 
00005bcb  lcd_clear                     
00003109  lcd_gotoLine                  
00002f71  lcd_init                      
0000316f  lcd_printf                    
00003031  lcd_putc                      
00003069  lcd_puts                      
00002f35  lcd_reverseNibble             
00003087  lcd_sendCommand               
000030c5  lcd_sendNibble                
00003131  lcd_setCursorPos              
00004a0d  ldexp                         
00004a0d  ldexpl                        
00002a69  main                          
00005c15  malloc                        
0000281b  manual_mode                   
20000ee8  measurement_flag              
00004b1d  memalign                      
00005ad5  memccpy                       
0000517f  memcpy                        
000053c5  memset                        
20000ef9  mode_flag                     
20000efc  motor_cal_factor_L            
20000f00  motor_cal_factor_R            
00002b41  move_foward                   
0000026d  oi_alloc                      
00000aa9  oi_checkFirmware              
000002c7  oi_close                      
00000279  oi_free                       
00000ded  oi_getMotorCalibrationLeft    
00000e01  oi_getMotorCalibrationRight   
000002b1  oi_init                       
00000289  oi_init_noupdate              
00000915  oi_loadSong                   
00005b3b  oi_parseInt                   
0000032b  oi_parsePacket                
0000096b  oi_play_song                  
0000084b  oi_setLeds                    
00000db1  oi_setMotorCalibration        
0000088f  oi_setWheels                  
00000b51  oi_shutoff_init               
0000098d  oi_uartInit                   
00000a31  oi_uartReceive                
00000a77  oi_uartSendBuff               
00000a15  oi_uartSendChar               
00000a59  oi_uartSendStr                
000002d9  oi_update                     
00003aaf  ping_getDistance              
0000396d  ping_init                     
000039f3  ping_trigger                  
000048cf  pointToObject                 
000047d5  printResponse                 
0000480d  print_data                    
20000eec  pulseLength                   
20000ef0  risingEdge                    
00004a0d  scalbn                        
00004a0d  scalbnl                       
000025f1  scan_for_objects              
20000ef4  sensor_data                   
000046b1  servo_init                    
00004735  servo_move                    
0000477f  servo_setPWM                  
00004729  servo_stop                    
0000587d  sprintf                       
000041c1  sqrt                          
000041c1  sqrtl                         
00005b6b  strchr                        
00005b53  strcmp                        
00005b81  strcpy                        
00005b95  strlen                        
00003843  timer_getMicros               
000037eb  timer_getMillis               
00003725  timer_init                    
000037c7  timer_pause                   
000037d9  timer_resume                  
0000379d  timer_stop                    
0000389d  timer_waitMicros              
000038cf  timer_waitMillis              
00002e39  travel_to_object              
00002c1f  turn_clockwise                
00002ceb  turn_counterClockwise         
20000efa  uart_data                     
000034cd  uart_init                     
0000359d  uart_sendChar                 
000035b9  uart_sendStr                  
000058bd  vsnprintf                     
00005ba9  wcslen                        


GLOBAL SYMBOLS: SORTED BY Symbol Address 

address   name                          
-------   ----                          
00000000  __TI_static_base__            
00000000  g_pfnVectors                  
0000026d  oi_alloc                      
00000279  oi_free                       
00000289  oi_init_noupdate              
000002b1  oi_init                       
000002c7  oi_close                      
000002d9  oi_update                     
0000032b  oi_parsePacket                
00000400  __SYSMEM_SIZE                 
00000800  __STACK_SIZE                  
0000084b  oi_setLeds                    
0000088f  oi_setWheels                  
00000915  oi_loadSong                   
0000096b  oi_play_song                  
0000097f  go_charge                     
0000098d  oi_uartInit                   
00000a15  oi_uartSendChar               
00000a31  oi_uartReceive                
00000a59  oi_uartSendStr                
00000a77  oi_uartSendBuff               
00000aa9  oi_checkFirmware              
00000b51  oi_shutoff_init               
00000bc3  GPIOF_Handler                 
00000db1  oi_setMotorCalibration        
00000ded  oi_getMotorCalibrationLeft    
00000e01  oi_getMotorCalibrationRight   
00000e8d  __TI_printfi                  
000018db  _nop                          
000018dd  __kernel_rem_pio2             
00002015  cos                           
00002015  cosl                          
000025f1  scan_for_objects              
0000281b  manual_mode                   
000028e1  auto_mode                     
00002a69  main                          
00002b41  move_foward                   
00002c1f  turn_clockwise                
00002ceb  turn_counterClockwise         
00002cfd  backup                        
00002d7f  handle_bump                   
00002dcf  handle_right_bump             
00002df5  handle_left_bump              
00002e1b  handle_both_bump              
00002e39  travel_to_object              
00002f35  lcd_reverseNibble             
00002f71  lcd_init                      
00003031  lcd_putc                      
00003069  lcd_puts                      
00003087  lcd_sendCommand               
000030c5  lcd_sendNibble                
00003109  lcd_gotoLine                  
00003131  lcd_setCursorPos              
0000316f  lcd_printf                    
000034cd  uart_init                     
0000359d  uart_sendChar                 
000035b9  uart_sendStr                  
000035d7  interrupt_init                
00003637  UART1_Handler                 
00003725  timer_init                    
0000379d  timer_stop                    
000037c7  timer_pause                   
000037d9  timer_resume                  
000037eb  timer_getMillis               
00003843  timer_getMicros               
0000389d  timer_waitMicros              
000038cf  timer_waitMillis              
0000396d  ping_init                     
000039f3  ping_trigger                  
00003a5d  TIMER3B_Handler               
00003aaf  ping_getDistance              
00003d29  __aeabi_dsub                  
00003d33  __aeabi_dadd                  
00003edf  __aeabi_idiv0                 
00003edf  __aeabi_ldiv0                 
00003ee1  __kernel_sin                  
00004055  __kernel_cos                  
000041c1  sqrt                          
000041c1  sqrtl                         
00004455  __aeabi_ddiv                  
000046b1  servo_init                    
00004729  servo_stop                    
00004735  servo_move                    
0000477f  servo_setPWM                  
000047d5  printResponse                 
0000480d  print_data                    
00004825  calculateWidth                
000048cf  pointToObject                 
000048f5  ir_init                       
0000495d  ir_getValue                   
00004985  ir_getDistance                
0000498d  ADC0SS0_Handler               
000049a3  ir_enableInterrupt            
00004a0d  ldexp                         
00004a0d  ldexpl                        
00004a0d  scalbn                        
00004a0d  scalbnl                       
00004b1d  aligned_alloc                 
00004b1d  memalign                      
00004c1d  __aeabi_dmul                  
00004d19  ceil                          
00004d19  ceill                         
00004e11  floor                         
00004e11  floorl                        
00004f09  free                          
00004fed  adc_init                      
00005061  adc_read                      
0000517f  __aeabi_memcpy                
0000517f  __aeabi_memcpy4               
0000517f  __aeabi_memcpy8               
0000517f  memcpy                        
0000521b  __aeabi_uldivmod              
000052b1  __aeabi_cdcmpeq               
000052b1  __aeabi_cdcmple               
00005337  __aeabi_cdrcmple              
000053bd  __aeabi_memclr                
000053bd  __aeabi_memclr4               
000053bd  __aeabi_memclr8               
000053bf  __aeabi_memset                
000053bf  __aeabi_memset4               
000053bf  __aeabi_memset8               
000053c5  memset                        
00005517  __aeabi_d2f                   
00005585  __TI_decompress_lzss          
000055ed  frexp                         
000055ed  frexpl                        
00005651  cyBOT_init_Scan               
00005661  cyBOT_Scan                    
000056ff  __TI_ltoa                     
000057a5  atoi                          
000057f1  __aeabi_d2iz                  
00005839  __TI_auto_init_nobinit_nopinit
0000587d  sprintf                       
000058bd  vsnprintf                     
0000593d  calloc                        
00005975  __aeabi_f2d                   
000059ad  IntRegister                   
000059e1  _c_int00_noargs               
00005a45  __aeabi_i2d                   
00005a9d  __TI_zero_init_nomemset       
00005ad5  memccpy                       
00005af1  copysign                      
00005af1  copysignl                     
00005b3b  oi_parseInt                   
00005b53  strcmp                        
00005b6b  strchr                        
00005b81  strcpy                        
00005b95  strlen                        
00005ba9  wcslen                        
00005bbb  IntMasterEnable               
00005bcb  lcd_clear                     
00005bdb  __TI_decompress_none          
00005be9  CPUcpsie                      
00005bf5  ResetISR                      
00005c0d  __aeabi_errno_addr            
00005c15  malloc                        
00005c1d  _system_pre_init              
00005c21  C$$EXIT                       
00005c21  abort                         
00005d80  _ctypes_                      
00005eb8  __TI_Handler_Table_Base       
00005ec4  __TI_Handler_Table_Limit      
00005ed8  __TI_CINIT_Base               
00005ef0  __TI_CINIT_Limit              
20000000  __start___llvm_prf_cnts       
20000000  __stop___llvm_prf_cnts        
20000000  g_pfnRAMVectors               
20000270  __stack                       
20000470  __STACK_TOP                   
20000a70  __STACK_END                   
20000a70  _sys_memory                   
20000edc  _timeout_ticks                
20000ee0  fallingEdge                   
20000ee4  isr_int_value                 
20000ee8  measurement_flag              
20000eec  pulseLength                   
20000ef0  risingEdge                    
20000ef4  sensor_data                   
20000ef8  isRisingEdge                  
20000ef9  mode_flag                     
20000efa  uart_data                     
20000efc  motor_cal_factor_L            
20000f00  motor_cal_factor_R            
20000f1c  _lock                         
20000f20  _unlock                       
20000f2c  errno                         
20000f30  _running                      
ffffffff  __TI_pprof_out_hndl           
ffffffff  __TI_prof_data_size           
ffffffff  __TI_prof_data_start          
ffffffff  __binit__                     
ffffffff  __c_args__                    
ffffffff  binit                         
UNDEFED   __mpu_init                    
UNDEFED   _system_post_cinit            

[195 symbols]
