******************************************************************************
                  TI ARM Linker PC v20.2.4                     
******************************************************************************
>> Linked Thu Oct 21 12:49:42 2021

OUTPUT FILE NAME:   <lab_3.out>
ENTRY POINT SYMBOL: "_c_int00_noargs"  address: 000056ed


MEMORY CONFIGURATION

         name            origin    length      used     unused   attr    fill
----------------------  --------  ---------  --------  --------  ----  --------
  FLASH                 00000000   00040000  00005bf8  0003a408  R  X
  SRAM                  20000000   00008000  00000f5a  000070a6  RW X


SEGMENT ALLOCATION MAP

run origin  load origin   length   init length attrs members
----------  ----------- ---------- ----------- ----- -------
00000000    00000000    00005bf8   00005bf8    r-x
  00000000    00000000    0000026c   0000026c    r-- .intvecs
  0000026c    0000026c    000056c4   000056c4    r-x .text
  00005930    00005930    00000278   00000278    r-- .const
  00005ba8    00005ba8    00000050   00000050    r-- .cinit
20000000    20000000    00000f61   00000000    rw-
  20000000    20000000    0000026c   00000000    rw- .vtable
  20000270    20000270    00000800   00000000    rw- .stack
  20000a70    20000a70    00000400   00000000    rw- .sysmem
  20000e70    20000e70    000000b5   00000000    rw- .bss
  20000f28    20000f28    00000039   00000000    rw- .data


SECTION ALLOCATION MAP

 output                                  attributes/
section   page    origin      length       input sections
--------  ----  ----------  ----------   ----------------
.intvecs   0    00000000    0000026c     
                  00000000    0000026c     tm4c123gh6pm_startup_ccs.obj (.intvecs)

.text      0    0000026c    000056c4     
                  0000026c    00000c20     open_interface.obj (.text)
                  00000e8c    00000a4e     rtsv7M4_T_le_v4SPD16_eabi.lib : _printfi.c.obj (.text:__TI_printfi)
                  000018da    00000002                                   : _lock.c.obj (.text:_nop)
                  000018dc    00000738                                   : k_rem_pio2.c.obj (.text:__kernel_rem_pio2)
                  00002014    000005dc                                   : s_cos.c.obj (.text:cos)
                  000025f0    00000556     main.obj (.text)
                  00002b46    00000002     rtsv7M4_T_le_v4SPD16_eabi.lib : div0.asm.obj (.text)
                  00002b48    000003f4     movement.obj (.text)
                  00002f3c    00000328     lcd.obj (.text)
                  00003264    00000270     rtsv7M4_T_le_v4SPD16_eabi.lib : _printfi.c.obj (.text:_pconv_a)
                  000034d4    00000248     Timer.obj (.text)
                  0000371c    000001ec     libcybotScan.lib : ping.obj (.text)
                  00003908    000001d0     rtsv7M4_T_le_v4SPD16_eabi.lib : _printfi.c.obj (.text:_pconv_g)
                  00003ad8    000001b6                                   : fd_add_t2.asm.obj (.text)
                  00003c8e    00000002     --HOLE-- [fill = 0]
                  00003c90    00000174                                   : k_sin.c.obj (.text:__kernel_sin)
                  00003e04    0000016c                                   : k_cos.c.obj (.text:__kernel_cos)
                  00003f70    0000015c     libcybotUART.lib : uart.obj (.text)
                  000040cc    00000158     rtsv7M4_T_le_v4SPD16_eabi.lib : e_sqrt.c.obj (.text:sqrt)
                  00004224    0000013c                                   : _printfi.c.obj (.text:_pconv_e)
                  00004360    00000136                                   : fd_div_t2.asm.obj (.text)
                  00004496    00000002     --HOLE-- [fill = 0]
                  00004498    00000124                                   : _printfi.c.obj (.text:fcvt)
                  000045bc    00000124     libcybotScan.lib : servo.obj (.text)
                  000046e0    00000118                      : ir.obj (.text)
                  000047f8    00000110     rtsv7M4_T_le_v4SPD16_eabi.lib : s_scalbn.c.obj (.text:scalbn)
                  00004908    00000100                                   : memory.c.obj (.text:aligned_alloc)
                  00004a08    000000fc                                   : fd_mul_t2.asm.obj (.text)
                  00004b04    000000f8                                   : s_ceil.c.obj (.text:ceil)
                  00004bfc    000000f8                                   : s_floor.c.obj (.text:floor)
                  00004cf4    000000e4                                   : memory.c.obj (.text:free)
                  00004dd8    000000b1                                   : _printfi.c.obj (.text:_ltostr)
                  00004e89    00000001     --HOLE-- [fill = 0]
                  00004e8a    0000009c                                   : memcpy_t2.asm.obj (.text)
                  00004f26    00000096                                   : ull_div_t2.asm.obj (.text)
                  00004fbc    00000086                                   : fd_cmp_t2.asm.obj (.text:__aeabi_cdcmple)
                  00005042    00000086                                   : fd_cmp_t2.asm.obj (.text:__aeabi_cdrcmple)
                  000050c8    0000007a                                   : memset_t2.asm.obj (.text)
                  00005142    00000002     --HOLE-- [fill = 0]
                  00005144    00000070                                   : memory.c.obj (.text:split)
                  000051b4    0000006e                                   : _printfi.c.obj (.text:_mcpy)
                  00005222    0000006e                                   : fd_tos_t2.asm.obj (.text)
                  00005290    00000068                                   : copy_decompress_lzss.c.obj (.text:decompress:lzss:__TI_decompress_lzss)
                  000052f8    00000064                                   : s_frexp.c.obj (.text:frexp)
                  0000535c    00000058     libcybotScan.lib : cyBot_Scan.obj (.text)
                  000053b4    00000056     rtsv7M4_T_le_v4SPD16_eabi.lib : _printfi.c.obj (.text:_pconv_f)
                  0000540a    00000054                                   : _ltoa.c.obj (.text:__TI_ltoa)
                  0000545e    00000052                                   : _printfi.c.obj (.text:_ecpy)
                  000054b0    0000004c                                   : atoi.c.obj (.text:atoi)
                  000054fc    00000048                                   : fd_toi_t2.asm.obj (.text)
                  00005544    00000044                                   : autoinit.c.obj (.text:__TI_auto_init_nobinit_nopinit:__TI_auto_init_nobinit_nopinit)
                  00005588    00000040                                   : sprintf.c.obj (.text:sprintf)
                  000055c8    00000040                                   : vsnprintf.c.obj (.text:vsnprintf)
                  00005608    0000003e                                   : _printfi.c.obj (.text:_fcpy)
                  00005646    00000002     --HOLE-- [fill = 0]
                  00005648    00000038                                   : memory.c.obj (.text:calloc)
                  00005680    00000038                                   : fs_tod_t2.asm.obj (.text)
                  000056b8    00000034     driverlib.lib : interrupt.obj (.text:IntRegister)
                  000056ec    00000034     rtsv7M4_T_le_v4SPD16_eabi.lib : boot_cortex_m.c.obj (.text:_c_int00_noargs:_c_int00_noargs)
                  00005720    00000030                                   : vsnprintf.c.obj (.text:_outs)
                  00005750    0000002e                                   : i_tofd_t2.asm.obj (.text)
                  0000577e    00000002     --HOLE-- [fill = 0]
                  00005780    00000028                                   : memory.c.obj (.text:free_list_insert)
                  000057a8    0000001c                                   : copy_zero_init.c.obj (.text:decompress:ZI:__TI_zero_init_nomemset:__TI_zero_init_nomemset)
                  000057c4    0000001c                                   : memory.c.obj (.text:free_list_remove)
                  000057e0    0000001c                                   : memccpy.c.obj (.text:memccpy)
                  000057fc    0000001a                                   : s_copysign.c.obj (.text:copysign)
                  00005816    00000018                                   : vsnprintf.c.obj (.text:_outc)
                  0000582e    00000018                                   : sprintf.c.obj (.text:_outs)
                  00005846    00000018     open_interface.obj (.text:oi_parseInt)
                  0000585e    00000018     rtsv7M4_T_le_v4SPD16_eabi.lib : strcmp.c.obj (.text:strcmp)
                  00005876    00000016                                   : strchr.c.obj (.text:strchr)
                  0000588c    00000014                                   : strcpy.c.obj (.text:strcpy)
                  000058a0    00000014                                   : strlen.c.obj (.text:strlen)
                  000058b4    00000012                                   : wcslen.c.obj (.text:wcslen)
                  000058c6    00000010     driverlib.lib : interrupt.obj (.text:IntMasterEnable)
                  000058d6    00000010     lcd.obj (.text:lcd_clear)
                  000058e6    0000000e     rtsv7M4_T_le_v4SPD16_eabi.lib : copy_decompress_none.c.obj (.text:decompress:none:__TI_decompress_none)
                  000058f4    0000000c     driverlib.lib : cpu.obj (.text:CPUcpsie)
                  00005900    0000000c     tm4c123gh6pm_startup_ccs.obj (.text)
                  0000590c    0000000a     rtsv7M4_T_le_v4SPD16_eabi.lib : sprintf.c.obj (.text:_outc)
                  00005916    00000002     --HOLE-- [fill = 0]
                  00005918    00000008                                   : errno.c.obj (.text:__aeabi_errno_addr)
                  00005920    00000008                                   : memory.c.obj (.text:malloc)
                  00005928    00000004                                   : pre_init.c.obj (.text:_system_pre_init)
                  0000592c    00000004                                   : exit.c.obj (.text:abort:abort)

.const     0    00005930    00000278     
                  00005930    00000158     rtsv7M4_T_le_v4SPD16_eabi.lib : k_rem_pio2.c.obj (.const:$O1$$)
                  00005a88    00000101                                   : ctype.c.obj (.const:.string:_ctypes_)
                  00005b89    0000000f     open_interface.obj (.const:.string:$P$T0$3)
                  00005b98    00000008     main.obj (.const:.string:$P$T0$1)
                  00005ba0    00000004     lcd.obj (.const:.string:lineAddress$1)
                  00005ba4    00000004     lcd.obj (.const:.string:lineAddresses$2)

.cinit     0    00005ba8    00000050     
                  00005ba8    00000018     (.cinit..data.load) [load image, compression = lzss]
                  00005bc0    0000000c     (__TI_handler_table)
                  00005bcc    00000004     --HOLE-- [fill = 0]
                  00005bd0    00000008     (.cinit..bss.load) [load image, compression = zero_init]
                  00005bd8    00000008     (.cinit..vtable.load) [load image, compression = zero_init]
                  00005be0    00000018     (__TI_cinit_table)

.init_array 
*          0    00000000    00000000     UNINITIALIZED

.vtable    0    20000000    0000026c     UNINITIALIZED
                  20000000    0000026c     driverlib.lib : interrupt.obj (.vtable)

.stack     0    20000270    00000800     UNINITIALIZED
                  20000270    00000004     rtsv7M4_T_le_v4SPD16_eabi.lib : boot_cortex_m.c.obj (.stack)
                  20000274    000007fc     --HOLE--

.sysmem    0    20000a70    00000400     UNINITIALIZED
                  20000a70    00000010     rtsv7M4_T_le_v4SPD16_eabi.lib : memory.c.obj (.sysmem)
                  20000a80    000003f0     --HOLE--

.bss       0    20000e70    000000b5     UNINITIALIZED
                  20000e70    00000054     lcd.obj (.bss:lastbuffer$3)
                  20000ec4    00000034     (.common:isr_char_buffer)
                  20000ef8    00000018     open_interface.obj (.bss:firmware$2)
                  20000f10    00000004     (.common:_timeout_ticks)
                  20000f14    00000004     (.common:fallingEdge)
                  20000f18    00000004     (.common:isr_int_value)
                  20000f1c    00000004     (.common:pulseLength)
                  20000f20    00000004     (.common:risingEdge)
                  20000f24    00000001     (.common:isRisingEdge)

.data      0    20000f28    00000039     UNINITIALIZED
                  20000f28    00000020     open_interface.obj (.data)
                  20000f48    00000008     rtsv7M4_T_le_v4SPD16_eabi.lib : _lock.c.obj (.data:$O1$$)
                  20000f50    00000008                                   : memory.c.obj (.data:$O1$$)
                  20000f58    00000004     libcybotUART.lib : uart.obj (.data)
                  20000f5c    00000004     rtsv7M4_T_le_v4SPD16_eabi.lib : errno.c.obj (.data)
                  20000f60    00000001     Timer.obj (.data)

__llvm_prf_cnts 
*          0    20000000    00000000     UNINITIALIZED

MODULE SUMMARY

       Module                         code    ro data   rw data
       ------                         ----    -------   -------
    .\
       open_interface.obj             3128    15        56     
       main.obj                       1366    8         0      
       movement.obj                   1012    0         0      
       lcd.obj                        824     8         84     
       tm4c123gh6pm_startup_ccs.obj   12      620       0      
       Timer.obj                      584     0         5      
    +--+------------------------------+-------+---------+---------+
       Total:                         6926    651       145    
                                                               
    ../libcybotScan.lib
       ping.obj                       492     0         13     
       servo.obj                      292     0         0      
       ir.obj                         280     0         4      
       cyBot_Scan.obj                 88      0         0      
    +--+------------------------------+-------+---------+---------+
       Total:                         1152    0         17     
                                                               
    ../libcybotUART.lib
       uart.obj                       348     0         56     
    +--+------------------------------+-------+---------+---------+
       Total:                         348     0         56     
                                                               
    C:/ti/TivaWare_C_Series-2.1.4.178/driverlib/ccs/Debug/driverlib.lib
       interrupt.obj                  68      0         620    
       cpu.obj                        12      0         0      
    +--+------------------------------+-------+---------+---------+
       Total:                         80      0         620    
                                                               
    C:\ti\ccs1031\ccs\tools\compiler\ti-cgt-arm_20.2.4.LTS\lib\rtsv7M4_T_le_v4SPD16_eabi.lib
       _printfi.c.obj                 4851    0         0      
       k_rem_pio2.c.obj               1848    344       0      
       s_cos.c.obj                    1500    0         0      
       memory.c.obj                   728     0         8      
       fd_add_t2.asm.obj              438     0         0      
       k_sin.c.obj                    372     0         0      
       k_cos.c.obj                    364     0         0      
       e_sqrt.c.obj                   344     0         0      
       fd_div_t2.asm.obj              310     0         0      
       s_scalbn.c.obj                 272     0         0      
       fd_cmp_t2.asm.obj              268     0         0      
       ctype.c.obj                    0       257       0      
       fd_mul_t2.asm.obj              252     0         0      
       s_ceil.c.obj                   248     0         0      
       s_floor.c.obj                  248     0         0      
       memcpy_t2.asm.obj              156     0         0      
       ull_div_t2.asm.obj             150     0         0      
       vsnprintf.c.obj                136     0         0      
       memset_t2.asm.obj              122     0         0      
       fd_tos_t2.asm.obj              110     0         0      
       copy_decompress_lzss.c.obj     104     0         0      
       s_frexp.c.obj                  100     0         0      
       sprintf.c.obj                  98      0         0      
       _ltoa.c.obj                    84      0         0      
       atoi.c.obj                     76      0         0      
       fd_toi_t2.asm.obj              72      0         0      
       autoinit.c.obj                 68      0         0      
       fs_tod_t2.asm.obj              56      0         0      
       boot_cortex_m.c.obj            52      0         0      
       i_tofd_t2.asm.obj              46      0         0      
       copy_zero_init.c.obj           28      0         0      
       memccpy.c.obj                  28      0         0      
       s_copysign.c.obj               26      0         0      
       strcmp.c.obj                   24      0         0      
       strchr.c.obj                   22      0         0      
       strcpy.c.obj                   20      0         0      
       strlen.c.obj                   20      0         0      
       wcslen.c.obj                   18      0         0      
       copy_decompress_none.c.obj     14      0         0      
       errno.c.obj                    8       0         4      
       _lock.c.obj                    2       0         8      
       exit.c.obj                     4       0         0      
       pre_init.c.obj                 4       0         0      
       div0.asm.obj                   2       0         0      
    +--+------------------------------+-------+---------+---------+
       Total:                         13693   601       20     
                                                               
       Heap:                          0       0         1024   
       Stack:                         0       0         2048   
       Linker Generated:              0       76        0      
    +--+------------------------------+-------+---------+---------+
       Grand Total:                   22199   1328      3930   


LINKER GENERATED COPY TABLES

__TI_cinit_table @ 00005be0 records: 3, size/record: 8, table size: 24
	.data: load addr=00005ba8, load size=00000018 bytes, run addr=20000f28, run size=00000039 bytes, compression=lzss
	.bss: load addr=00005bd0, load size=00000008 bytes, run addr=20000e70, run size=000000b5 bytes, compression=zero_init
	.vtable: load addr=00005bd8, load size=00000008 bytes, run addr=20000000, run size=0000026c bytes, compression=zero_init


LINKER GENERATED HANDLER TABLE

__TI_handler_table @ 00005bc0 records: 3, size/record: 4, table size: 12
	index: 0, handler: __TI_zero_init
	index: 1, handler: __TI_decompress_lzss
	index: 2, handler: __TI_decompress_none


GLOBAL SYMBOLS: SORTED ALPHABETICALLY BY Name 

address   name                          
-------   ----                          
00004779  ADC0SS0_Handler               
0000592d  C$$EXIT                       
000058f5  CPUcpsie                      
00000bc3  GPIOF_Handler                 
000058c7  IntMasterEnable               
000056b9  IntRegister                   
00005901  ResetISR                      
0000380d  TIMER3B_Handler               
20000a70  __STACK_END                   
00000800  __STACK_SIZE                  
20000470  __STACK_TOP                   
00000400  __SYSMEM_SIZE                 
00005be0  __TI_CINIT_Base               
00005bf8  __TI_CINIT_Limit              
00005bc0  __TI_Handler_Table_Base       
00005bcc  __TI_Handler_Table_Limit      
00005545  __TI_auto_init_nobinit_nopinit
00005291  __TI_decompress_lzss          
000058e7  __TI_decompress_none          
0000540b  __TI_ltoa                     
ffffffff  __TI_pprof_out_hndl           
00000e8d  __TI_printfi                  
ffffffff  __TI_prof_data_size           
ffffffff  __TI_prof_data_start          
00000000  __TI_static_base__            
000057a9  __TI_zero_init_nomemset       
00004fbd  __aeabi_cdcmpeq               
00004fbd  __aeabi_cdcmple               
00005043  __aeabi_cdrcmple              
00005223  __aeabi_d2f                   
000054fd  __aeabi_d2iz                  
00003ae3  __aeabi_dadd                  
00004361  __aeabi_ddiv                  
00004a09  __aeabi_dmul                  
00003ad9  __aeabi_dsub                  
00005919  __aeabi_errno_addr            
00005681  __aeabi_f2d                   
00005751  __aeabi_i2d                   
00002b47  __aeabi_idiv0                 
00002b47  __aeabi_ldiv0                 
000050c9  __aeabi_memclr                
000050c9  __aeabi_memclr4               
000050c9  __aeabi_memclr8               
00004e8b  __aeabi_memcpy                
00004e8b  __aeabi_memcpy4               
00004e8b  __aeabi_memcpy8               
000050cb  __aeabi_memset                
000050cb  __aeabi_memset4               
000050cb  __aeabi_memset8               
00004f27  __aeabi_uldivmod              
ffffffff  __binit__                     
ffffffff  __c_args__                    
00003e05  __kernel_cos                  
000018dd  __kernel_rem_pio2             
00003c91  __kernel_sin                  
UNDEFED   __mpu_init                    
20000270  __stack                       
20000000  __start___llvm_prf_cnts       
20000000  __stop___llvm_prf_cnts        
000056ed  _c_int00_noargs               
00005a88  _ctypes_                      
20000f48  _lock                         
000018db  _nop                          
20000f60  _running                      
20000a70  _sys_memory                   
UNDEFED   _system_post_cinit            
00005929  _system_pre_init              
20000f10  _timeout_ticks                
20000f4c  _unlock                       
0000592d  abort                         
00004909  aligned_alloc                 
000054b1  atoi                          
00002d05  backup                        
ffffffff  binit                         
00002665  calculateWidth                
00005649  calloc                        
00004b05  ceil                          
00004b05  ceill                         
000057fd  copysign                      
000057fd  copysignl                     
00002015  cos                           
00002015  cosl                          
0000536d  cyBOT_Scan                    
0000535d  cyBOT_init_Scan               
00004079  cyBot_UART1_Handler           
0000405f  cyBot_getByte                 
00003f71  cyBot_sendByte                
00004041  cyBot_uart_flush              
00003faf  cyBot_uart_init               
00003f97  cyBot_uart_sendBuffer         
00003f7d  cyBot_uart_sendStr            
20000f5c  errno                         
20000f14  fallingEdge                   
00004bfd  floor                         
00004bfd  floorl                        
00004cf5  free                          
000052f9  frexp                         
000052f9  frexpl                        
20000000  g_pfnRAMVectors               
00000000  g_pfnVectors                  
0000097f  go_charge                     
00002e23  handle_both_bump              
00002d87  handle_bump                   
00002dfd  handle_left_bump              
00002dd7  handle_right_bump             
0000478f  ir_enableInterrupt            
00004771  ir_getDistance                
00004749  ir_getValue                   
000046e1  ir_init                       
20000f24  isRisingEdge                  
20000ec4  isr_char_buffer               
20000f58  isr_counter                   
20000f18  isr_int_value                 
000058d7  lcd_clear                     
00003111  lcd_gotoLine                  
00002f79  lcd_init                      
00003177  lcd_printf                    
00003039  lcd_putc                      
00003071  lcd_puts                      
00002f3d  lcd_reverseNibble             
0000308f  lcd_sendCommand               
000030cd  lcd_sendNibble                
00003139  lcd_setCursorPos              
000047f9  ldexp                         
000047f9  ldexpl                        
000028dd  main                          
00005921  malloc                        
00004909  memalign                      
000057e1  memccpy                       
00004e8b  memcpy                        
000050d1  memset                        
20000f28  motor_cal_factor_L            
20000f2c  motor_cal_factor_R            
00002b49  move_foward                   
0000026d  oi_alloc                      
00000aa9  oi_checkFirmware              
000002c7  oi_close                      
00000279  oi_free                       
00000ded  oi_getMotorCalibrationLeft    
00000e01  oi_getMotorCalibrationRight   
000002b1  oi_init                       
00000289  oi_init_noupdate              
00000915  oi_loadSong                   
00005847  oi_parseInt                   
0000032b  oi_parsePacket                
0000096b  oi_play_song                  
0000084b  oi_setLeds                    
00000db1  oi_setMotorCalibration        
0000088f  oi_setWheels                  
00000b51  oi_shutoff_init               
0000098d  oi_uartInit                   
00000a31  oi_uartReceive                
00000a77  oi_uartSendBuff               
00000a15  oi_uartSendChar               
00000a59  oi_uartSendStr                
000002d9  oi_update                     
0000385f  ping_getDistance              
0000371d  ping_init                     
000037a3  ping_trigger                  
000028b7  pointToObject                 
000025f1  printResponse                 
0000263b  print_data                    
20000f1c  pulseLength                   
20000f20  risingEdge                    
000047f9  scalbn                        
000047f9  scalbnl                       
00002715  scan_for_objects              
000045bd  servo_init                    
00004641  servo_move                    
0000468b  servo_setPWM                  
00004635  servo_stop                    
00005589  sprintf                       
000040cd  sqrt                          
000040cd  sqrtl                         
00005877  strchr                        
0000585f  strcmp                        
0000588d  strcpy                        
000058a1  strlen                        
000035f3  timer_getMicros               
0000359b  timer_getMillis               
000034d5  timer_init                    
00003577  timer_pause                   
00003589  timer_resume                  
0000354d  timer_stop                    
0000364d  timer_waitMicros              
0000367f  timer_waitMillis              
00002e41  travel_to_object              
00002c27  turn_clockwise                
00002cf3  turn_counterClockwise         
000055c9  vsnprintf                     
000058b5  wcslen                        


GLOBAL SYMBOLS: SORTED BY Symbol Address 

address   name                          
-------   ----                          
00000000  __TI_static_base__            
00000000  g_pfnVectors                  
0000026d  oi_alloc                      
00000279  oi_free                       
00000289  oi_init_noupdate              
000002b1  oi_init                       
000002c7  oi_close                      
000002d9  oi_update                     
0000032b  oi_parsePacket                
00000400  __SYSMEM_SIZE                 
00000800  __STACK_SIZE                  
0000084b  oi_setLeds                    
0000088f  oi_setWheels                  
00000915  oi_loadSong                   
0000096b  oi_play_song                  
0000097f  go_charge                     
0000098d  oi_uartInit                   
00000a15  oi_uartSendChar               
00000a31  oi_uartReceive                
00000a59  oi_uartSendStr                
00000a77  oi_uartSendBuff               
00000aa9  oi_checkFirmware              
00000b51  oi_shutoff_init               
00000bc3  GPIOF_Handler                 
00000db1  oi_setMotorCalibration        
00000ded  oi_getMotorCalibrationLeft    
00000e01  oi_getMotorCalibrationRight   
00000e8d  __TI_printfi                  
000018db  _nop                          
000018dd  __kernel_rem_pio2             
00002015  cos                           
00002015  cosl                          
000025f1  printResponse                 
0000263b  print_data                    
00002665  calculateWidth                
00002715  scan_for_objects              
000028b7  pointToObject                 
000028dd  main                          
00002b47  __aeabi_idiv0                 
00002b47  __aeabi_ldiv0                 
00002b49  move_foward                   
00002c27  turn_clockwise                
00002cf3  turn_counterClockwise         
00002d05  backup                        
00002d87  handle_bump                   
00002dd7  handle_right_bump             
00002dfd  handle_left_bump              
00002e23  handle_both_bump              
00002e41  travel_to_object              
00002f3d  lcd_reverseNibble             
00002f79  lcd_init                      
00003039  lcd_putc                      
00003071  lcd_puts                      
0000308f  lcd_sendCommand               
000030cd  lcd_sendNibble                
00003111  lcd_gotoLine                  
00003139  lcd_setCursorPos              
00003177  lcd_printf                    
000034d5  timer_init                    
0000354d  timer_stop                    
00003577  timer_pause                   
00003589  timer_resume                  
0000359b  timer_getMillis               
000035f3  timer_getMicros               
0000364d  timer_waitMicros              
0000367f  timer_waitMillis              
0000371d  ping_init                     
000037a3  ping_trigger                  
0000380d  TIMER3B_Handler               
0000385f  ping_getDistance              
00003ad9  __aeabi_dsub                  
00003ae3  __aeabi_dadd                  
00003c91  __kernel_sin                  
00003e05  __kernel_cos                  
00003f71  cyBot_sendByte                
00003f7d  cyBot_uart_sendStr            
00003f97  cyBot_uart_sendBuffer         
00003faf  cyBot_uart_init               
00004041  cyBot_uart_flush              
0000405f  cyBot_getByte                 
00004079  cyBot_UART1_Handler           
000040cd  sqrt                          
000040cd  sqrtl                         
00004361  __aeabi_ddiv                  
000045bd  servo_init                    
00004635  servo_stop                    
00004641  servo_move                    
0000468b  servo_setPWM                  
000046e1  ir_init                       
00004749  ir_getValue                   
00004771  ir_getDistance                
00004779  ADC0SS0_Handler               
0000478f  ir_enableInterrupt            
000047f9  ldexp                         
000047f9  ldexpl                        
000047f9  scalbn                        
000047f9  scalbnl                       
00004909  aligned_alloc                 
00004909  memalign                      
00004a09  __aeabi_dmul                  
00004b05  ceil                          
00004b05  ceill                         
00004bfd  floor                         
00004bfd  floorl                        
00004cf5  free                          
00004e8b  __aeabi_memcpy                
00004e8b  __aeabi_memcpy4               
00004e8b  __aeabi_memcpy8               
00004e8b  memcpy                        
00004f27  __aeabi_uldivmod              
00004fbd  __aeabi_cdcmpeq               
00004fbd  __aeabi_cdcmple               
00005043  __aeabi_cdrcmple              
000050c9  __aeabi_memclr                
000050c9  __aeabi_memclr4               
000050c9  __aeabi_memclr8               
000050cb  __aeabi_memset                
000050cb  __aeabi_memset4               
000050cb  __aeabi_memset8               
000050d1  memset                        
00005223  __aeabi_d2f                   
00005291  __TI_decompress_lzss          
000052f9  frexp                         
000052f9  frexpl                        
0000535d  cyBOT_init_Scan               
0000536d  cyBOT_Scan                    
0000540b  __TI_ltoa                     
000054b1  atoi                          
000054fd  __aeabi_d2iz                  
00005545  __TI_auto_init_nobinit_nopinit
00005589  sprintf                       
000055c9  vsnprintf                     
00005649  calloc                        
00005681  __aeabi_f2d                   
000056b9  IntRegister                   
000056ed  _c_int00_noargs               
00005751  __aeabi_i2d                   
000057a9  __TI_zero_init_nomemset       
000057e1  memccpy                       
000057fd  copysign                      
000057fd  copysignl                     
00005847  oi_parseInt                   
0000585f  strcmp                        
00005877  strchr                        
0000588d  strcpy                        
000058a1  strlen                        
000058b5  wcslen                        
000058c7  IntMasterEnable               
000058d7  lcd_clear                     
000058e7  __TI_decompress_none          
000058f5  CPUcpsie                      
00005901  ResetISR                      
00005919  __aeabi_errno_addr            
00005921  malloc                        
00005929  _system_pre_init              
0000592d  C$$EXIT                       
0000592d  abort                         
00005a88  _ctypes_                      
00005bc0  __TI_Handler_Table_Base       
00005bcc  __TI_Handler_Table_Limit      
00005be0  __TI_CINIT_Base               
00005bf8  __TI_CINIT_Limit              
20000000  __start___llvm_prf_cnts       
20000000  __stop___llvm_prf_cnts        
20000000  g_pfnRAMVectors               
20000270  __stack                       
20000470  __STACK_TOP                   
20000a70  __STACK_END                   
20000a70  _sys_memory                   
20000ec4  isr_char_buffer               
20000f10  _timeout_ticks                
20000f14  fallingEdge                   
20000f18  isr_int_value                 
20000f1c  pulseLength                   
20000f20  risingEdge                    
20000f24  isRisingEdge                  
20000f28  motor_cal_factor_L            
20000f2c  motor_cal_factor_R            
20000f48  _lock                         
20000f4c  _unlock                       
20000f58  isr_counter                   
20000f5c  errno                         
20000f60  _running                      
ffffffff  __TI_pprof_out_hndl           
ffffffff  __TI_prof_data_size           
ffffffff  __TI_prof_data_start          
ffffffff  __binit__                     
ffffffff  __c_args__                    
ffffffff  binit                         
UNDEFED   __mpu_init                    
UNDEFED   _system_post_cinit            

[191 symbols]
