******************************************************************************
                  TI ARM Linker PC v20.2.4                     
******************************************************************************
>> Linked Tue Oct 19 21:35:20 2021

OUTPUT FILE NAME:   <lab_6.out>
ENTRY POINT SYMBOL: "_c_int00_noargs"  address: 0000586d


MEMORY CONFIGURATION

         name            origin    length      used     unused   attr    fill
----------------------  --------  ---------  --------  --------  ----  --------
  FLASH                 00000000   00040000  00005d78  0003a288  R  X
  SRAM                  20000000   00008000  00000f29  000070d7  RW X


SEGMENT ALLOCATION MAP

run origin  load origin   length   init length attrs members
----------  ----------- ---------- ----------- ----- -------
00000000    00000000    00005d78   00005d78    r-x
  00000000    00000000    0000026c   0000026c    r-- .intvecs
  0000026c    0000026c    00005844   00005844    r-x .text
  00005ab0    00005ab0    00000278   00000278    r-- .const
  00005d28    00005d28    00000050   00000050    r-- .cinit
20000000    20000000    00000f2d   00000000    rw-
  20000000    20000000    0000026c   00000000    rw- .vtable
  20000270    20000270    00000800   00000000    rw- .stack
  20000a70    20000a70    00000400   00000000    rw- .sysmem
  20000e70    20000e70    00000088   00000000    rw- .bss
  20000ef8    20000ef8    00000035   00000000    rw- .data


SECTION ALLOCATION MAP

 output                                  attributes/
section   page    origin      length       input sections
--------  ----  ----------  ----------   ----------------
.intvecs   0    00000000    0000026c     
                  00000000    0000026c     tm4c123gh6pm_startup_ccs.obj (.intvecs)

.text      0    0000026c    00005844     
                  0000026c    00000c20     open_interface.obj (.text)
                  00000e8c    00000a4e     rtsv7M4_T_le_v4SPD16_eabi.lib : _printfi.c.obj (.text:__TI_printfi)
                  000018da    00000002                                   : _lock.c.obj (.text:_nop)
                  000018dc    00000738                                   : k_rem_pio2.c.obj (.text:__kernel_rem_pio2)
                  00002014    000005dc                                   : s_cos.c.obj (.text:cos)
                  000025f0    000004d2     main.obj (.text)
                  00002ac2    00000002     rtsv7M4_T_le_v4SPD16_eabi.lib : div0.asm.obj (.text)
                  00002ac4    000003f4     movement.obj (.text)
                  00002eb8    00000328     lcd.obj (.text)
                  000031e0    00000270     rtsv7M4_T_le_v4SPD16_eabi.lib : _printfi.c.obj (.text:_pconv_a)
                  00003450    00000248     Timer.obj (.text)
                  00003698    00000240     uart.obj (.text)
                  000038d8    000001ec     libcybotScan.lib : ping.obj (.text)
                  00003ac4    000001d0     rtsv7M4_T_le_v4SPD16_eabi.lib : _printfi.c.obj (.text:_pconv_g)
                  00003c94    000001b6                                   : fd_add_t2.asm.obj (.text)
                  00003e4a    00000002     --HOLE-- [fill = 0]
                  00003e4c    00000174                                   : k_sin.c.obj (.text:__kernel_sin)
                  00003fc0    0000016c                                   : k_cos.c.obj (.text:__kernel_cos)
                  0000412c    00000158                                   : e_sqrt.c.obj (.text:sqrt)
                  00004284    0000013c                                   : _printfi.c.obj (.text:_pconv_e)
                  000043c0    00000136                                   : fd_div_t2.asm.obj (.text)
                  000044f6    00000002     --HOLE-- [fill = 0]
                  000044f8    00000124                                   : _printfi.c.obj (.text:fcvt)
                  0000461c    00000124     libcybotScan.lib : servo.obj (.text)
                  00004740    00000120     mission_helper.obj (.text)
                  00004860    00000118     libcybotScan.lib : ir.obj (.text)
                  00004978    00000110     rtsv7M4_T_le_v4SPD16_eabi.lib : s_scalbn.c.obj (.text:scalbn)
                  00004a88    00000100                                   : memory.c.obj (.text:aligned_alloc)
                  00004b88    000000fc                                   : fd_mul_t2.asm.obj (.text)
                  00004c84    000000f8                                   : s_ceil.c.obj (.text:ceil)
                  00004d7c    000000f8                                   : s_floor.c.obj (.text:floor)
                  00004e74    000000e4                                   : memory.c.obj (.text:free)
                  00004f58    000000b1                                   : _printfi.c.obj (.text:_ltostr)
                  00005009    00000001     --HOLE-- [fill = 0]
                  0000500a    0000009c                                   : memcpy_t2.asm.obj (.text)
                  000050a6    00000096                                   : ull_div_t2.asm.obj (.text)
                  0000513c    00000086                                   : fd_cmp_t2.asm.obj (.text:__aeabi_cdcmple)
                  000051c2    00000086                                   : fd_cmp_t2.asm.obj (.text:__aeabi_cdrcmple)
                  00005248    0000007a                                   : memset_t2.asm.obj (.text)
                  000052c2    00000002     --HOLE-- [fill = 0]
                  000052c4    00000070                                   : memory.c.obj (.text:split)
                  00005334    0000006e                                   : _printfi.c.obj (.text:_mcpy)
                  000053a2    0000006e                                   : fd_tos_t2.asm.obj (.text)
                  00005410    00000068                                   : copy_decompress_lzss.c.obj (.text:decompress:lzss:__TI_decompress_lzss)
                  00005478    00000064                                   : s_frexp.c.obj (.text:frexp)
                  000054dc    00000058     libcybotScan.lib : cyBot_Scan.obj (.text)
                  00005534    00000056     rtsv7M4_T_le_v4SPD16_eabi.lib : _printfi.c.obj (.text:_pconv_f)
                  0000558a    00000054                                   : _ltoa.c.obj (.text:__TI_ltoa)
                  000055de    00000052                                   : _printfi.c.obj (.text:_ecpy)
                  00005630    0000004c                                   : atoi.c.obj (.text:atoi)
                  0000567c    00000048                                   : fd_toi_t2.asm.obj (.text)
                  000056c4    00000044                                   : autoinit.c.obj (.text:__TI_auto_init_nobinit_nopinit:__TI_auto_init_nobinit_nopinit)
                  00005708    00000040                                   : sprintf.c.obj (.text:sprintf)
                  00005748    00000040                                   : vsnprintf.c.obj (.text:vsnprintf)
                  00005788    0000003e                                   : _printfi.c.obj (.text:_fcpy)
                  000057c6    00000002     --HOLE-- [fill = 0]
                  000057c8    00000038                                   : memory.c.obj (.text:calloc)
                  00005800    00000038                                   : fs_tod_t2.asm.obj (.text)
                  00005838    00000034     driverlib.lib : interrupt.obj (.text:IntRegister)
                  0000586c    00000034     rtsv7M4_T_le_v4SPD16_eabi.lib : boot_cortex_m.c.obj (.text:_c_int00_noargs:_c_int00_noargs)
                  000058a0    00000030                                   : vsnprintf.c.obj (.text:_outs)
                  000058d0    0000002e                                   : i_tofd_t2.asm.obj (.text)
                  000058fe    00000002     --HOLE-- [fill = 0]
                  00005900    00000028                                   : memory.c.obj (.text:free_list_insert)
                  00005928    0000001c                                   : copy_zero_init.c.obj (.text:decompress:ZI:__TI_zero_init_nomemset:__TI_zero_init_nomemset)
                  00005944    0000001c                                   : memory.c.obj (.text:free_list_remove)
                  00005960    0000001c                                   : memccpy.c.obj (.text:memccpy)
                  0000597c    0000001a                                   : s_copysign.c.obj (.text:copysign)
                  00005996    00000018                                   : vsnprintf.c.obj (.text:_outc)
                  000059ae    00000018                                   : sprintf.c.obj (.text:_outs)
                  000059c6    00000018     open_interface.obj (.text:oi_parseInt)
                  000059de    00000018     rtsv7M4_T_le_v4SPD16_eabi.lib : strcmp.c.obj (.text:strcmp)
                  000059f6    00000016                                   : strchr.c.obj (.text:strchr)
                  00005a0c    00000014                                   : strcpy.c.obj (.text:strcpy)
                  00005a20    00000014                                   : strlen.c.obj (.text:strlen)
                  00005a34    00000012                                   : wcslen.c.obj (.text:wcslen)
                  00005a46    00000010     driverlib.lib : interrupt.obj (.text:IntMasterEnable)
                  00005a56    00000010     lcd.obj (.text:lcd_clear)
                  00005a66    0000000e     rtsv7M4_T_le_v4SPD16_eabi.lib : copy_decompress_none.c.obj (.text:decompress:none:__TI_decompress_none)
                  00005a74    0000000c     driverlib.lib : cpu.obj (.text:CPUcpsie)
                  00005a80    0000000c     tm4c123gh6pm_startup_ccs.obj (.text)
                  00005a8c    0000000a     rtsv7M4_T_le_v4SPD16_eabi.lib : sprintf.c.obj (.text:_outc)
                  00005a96    00000002     --HOLE-- [fill = 0]
                  00005a98    00000008                                   : errno.c.obj (.text:__aeabi_errno_addr)
                  00005aa0    00000008                                   : memory.c.obj (.text:malloc)
                  00005aa8    00000004                                   : pre_init.c.obj (.text:_system_pre_init)
                  00005aac    00000004                                   : exit.c.obj (.text:abort:abort)

.const     0    00005ab0    00000278     
                  00005ab0    00000158     rtsv7M4_T_le_v4SPD16_eabi.lib : k_rem_pio2.c.obj (.const:$O1$$)
                  00005c08    00000101                                   : ctype.c.obj (.const:.string:_ctypes_)
                  00005d09    0000000f     open_interface.obj (.const:.string:$P$T0$3)
                  00005d18    00000008     mission_helper.obj (.const:.string:$P$T0$1)
                  00005d20    00000004     lcd.obj (.const:.string:lineAddress$1)
                  00005d24    00000004     lcd.obj (.const:.string:lineAddresses$2)

.cinit     0    00005d28    00000050     
                  00005d28    00000018     (.cinit..data.load) [load image, compression = lzss]
                  00005d40    0000000c     (__TI_handler_table)
                  00005d4c    00000004     --HOLE-- [fill = 0]
                  00005d50    00000008     (.cinit..bss.load) [load image, compression = zero_init]
                  00005d58    00000008     (.cinit..vtable.load) [load image, compression = zero_init]
                  00005d60    00000018     (__TI_cinit_table)

.init_array 
*          0    00000000    00000000     UNINITIALIZED

.vtable    0    20000000    0000026c     UNINITIALIZED
                  20000000    0000026c     driverlib.lib : interrupt.obj (.vtable)

.stack     0    20000270    00000800     UNINITIALIZED
                  20000270    00000004     rtsv7M4_T_le_v4SPD16_eabi.lib : boot_cortex_m.c.obj (.stack)
                  20000274    000007fc     --HOLE--

.sysmem    0    20000a70    00000400     UNINITIALIZED
                  20000a70    00000010     rtsv7M4_T_le_v4SPD16_eabi.lib : memory.c.obj (.sysmem)
                  20000a80    000003f0     --HOLE--

.bss       0    20000e70    00000088     UNINITIALIZED
                  20000e70    00000054     lcd.obj (.bss:lastbuffer$3)
                  20000ec4    00000018     open_interface.obj (.bss:firmware$2)
                  20000edc    00000004     (.common:_timeout_ticks)
                  20000ee0    00000004     (.common:fallingEdge)
                  20000ee4    00000004     (.common:isr_int_value)
                  20000ee8    00000004     (.common:pulseLength)
                  20000eec    00000004     (.common:risingEdge)
                  20000ef0    00000004     (.common:sensor_data)
                  20000ef4    00000001     (.common:flag)
                  20000ef5    00000001     (.common:isRisingEdge)
                  20000ef6    00000001     (.common:mode_flag)
                  20000ef7    00000001     (.common:uart_data)

.data      0    20000ef8    00000035     UNINITIALIZED
                  20000ef8    00000020     open_interface.obj (.data)
                  20000f18    00000008     rtsv7M4_T_le_v4SPD16_eabi.lib : _lock.c.obj (.data:$O1$$)
                  20000f20    00000008                                   : memory.c.obj (.data:$O1$$)
                  20000f28    00000004                                   : errno.c.obj (.data)
                  20000f2c    00000001     Timer.obj (.data)

__llvm_prf_cnts 
*          0    20000000    00000000     UNINITIALIZED

MODULE SUMMARY

       Module                         code    ro data   rw data
       ------                         ----    -------   -------
    .\
       open_interface.obj             3128    15        56     
       main.obj                       1234    0         4      
       movement.obj                   1012    0         0      
       lcd.obj                        824     8         84     
       tm4c123gh6pm_startup_ccs.obj   12      620       0      
       Timer.obj                      584     0         5      
       uart.obj                       576     0         3      
       mission_helper.obj             288     8         0      
    +--+------------------------------+-------+---------+---------+
       Total:                         7658    651       152    
                                                               
    ../libcybotScan.lib
       ping.obj                       492     0         13     
       servo.obj                      292     0         0      
       ir.obj                         280     0         4      
       cyBot_Scan.obj                 88      0         0      
    +--+------------------------------+-------+---------+---------+
       Total:                         1152    0         17     
                                                               
    C:/ti/TivaWare_C_Series-2.1.4.178/driverlib/ccs/Debug/driverlib.lib
       interrupt.obj                  68      0         620    
       cpu.obj                        12      0         0      
    +--+------------------------------+-------+---------+---------+
       Total:                         80      0         620    
                                                               
    C:\ti\ccs1031\ccs\tools\compiler\ti-cgt-arm_20.2.4.LTS\lib\rtsv7M4_T_le_v4SPD16_eabi.lib
       _printfi.c.obj                 4851    0         0      
       k_rem_pio2.c.obj               1848    344       0      
       s_cos.c.obj                    1500    0         0      
       memory.c.obj                   728     0         8      
       fd_add_t2.asm.obj              438     0         0      
       k_sin.c.obj                    372     0         0      
       k_cos.c.obj                    364     0         0      
       e_sqrt.c.obj                   344     0         0      
       fd_div_t2.asm.obj              310     0         0      
       s_scalbn.c.obj                 272     0         0      
       fd_cmp_t2.asm.obj              268     0         0      
       ctype.c.obj                    0       257       0      
       fd_mul_t2.asm.obj              252     0         0      
       s_ceil.c.obj                   248     0         0      
       s_floor.c.obj                  248     0         0      
       memcpy_t2.asm.obj              156     0         0      
       ull_div_t2.asm.obj             150     0         0      
       vsnprintf.c.obj                136     0         0      
       memset_t2.asm.obj              122     0         0      
       fd_tos_t2.asm.obj              110     0         0      
       copy_decompress_lzss.c.obj     104     0         0      
       s_frexp.c.obj                  100     0         0      
       sprintf.c.obj                  98      0         0      
       _ltoa.c.obj                    84      0         0      
       atoi.c.obj                     76      0         0      
       fd_toi_t2.asm.obj              72      0         0      
       autoinit.c.obj                 68      0         0      
       fs_tod_t2.asm.obj              56      0         0      
       boot_cortex_m.c.obj            52      0         0      
       i_tofd_t2.asm.obj              46      0         0      
       copy_zero_init.c.obj           28      0         0      
       memccpy.c.obj                  28      0         0      
       s_copysign.c.obj               26      0         0      
       strcmp.c.obj                   24      0         0      
       strchr.c.obj                   22      0         0      
       strcpy.c.obj                   20      0         0      
       strlen.c.obj                   20      0         0      
       wcslen.c.obj                   18      0         0      
       copy_decompress_none.c.obj     14      0         0      
       errno.c.obj                    8       0         4      
       _lock.c.obj                    2       0         8      
       exit.c.obj                     4       0         0      
       pre_init.c.obj                 4       0         0      
       div0.asm.obj                   2       0         0      
    +--+------------------------------+-------+---------+---------+
       Total:                         13693   601       20     
                                                               
       Heap:                          0       0         1024   
       Stack:                         0       0         2048   
       Linker Generated:              0       76        0      
    +--+------------------------------+-------+---------+---------+
       Grand Total:                   22583   1328      3881   


LINKER GENERATED COPY TABLES

__TI_cinit_table @ 00005d60 records: 3, size/record: 8, table size: 24
	.data: load addr=00005d28, load size=00000018 bytes, run addr=20000ef8, run size=00000035 bytes, compression=lzss
	.bss: load addr=00005d50, load size=00000008 bytes, run addr=20000e70, run size=00000088 bytes, compression=zero_init
	.vtable: load addr=00005d58, load size=00000008 bytes, run addr=20000000, run size=0000026c bytes, compression=zero_init


LINKER GENERATED HANDLER TABLE

__TI_handler_table @ 00005d40 records: 3, size/record: 4, table size: 12
	index: 0, handler: __TI_zero_init
	index: 1, handler: __TI_decompress_lzss
	index: 2, handler: __TI_decompress_none


GLOBAL SYMBOLS: SORTED ALPHABETICALLY BY Name 

address   name                          
-------   ----                          
000048f9  ADC0SS0_Handler               
00005aad  C$$EXIT                       
00005a75  CPUcpsie                      
00000bc3  GPIOF_Handler                 
00005a47  IntMasterEnable               
00005839  IntRegister                   
00005a81  ResetISR                      
000039c9  TIMER3B_Handler               
000037f9  UART1_Handler                 
20000a70  __STACK_END                   
00000800  __STACK_SIZE                  
20000470  __STACK_TOP                   
00000400  __SYSMEM_SIZE                 
00005d60  __TI_CINIT_Base               
00005d78  __TI_CINIT_Limit              
00005d40  __TI_Handler_Table_Base       
00005d4c  __TI_Handler_Table_Limit      
000056c5  __TI_auto_init_nobinit_nopinit
00005411  __TI_decompress_lzss          
00005a67  __TI_decompress_none          
0000558b  __TI_ltoa                     
ffffffff  __TI_pprof_out_hndl           
00000e8d  __TI_printfi                  
ffffffff  __TI_prof_data_size           
ffffffff  __TI_prof_data_start          
00000000  __TI_static_base__            
00005929  __TI_zero_init_nomemset       
0000513d  __aeabi_cdcmpeq               
0000513d  __aeabi_cdcmple               
000051c3  __aeabi_cdrcmple              
000053a3  __aeabi_d2f                   
0000567d  __aeabi_d2iz                  
00003c9f  __aeabi_dadd                  
000043c1  __aeabi_ddiv                  
00004b89  __aeabi_dmul                  
00003c95  __aeabi_dsub                  
00005a99  __aeabi_errno_addr            
00005801  __aeabi_f2d                   
000058d1  __aeabi_i2d                   
00002ac3  __aeabi_idiv0                 
00002ac3  __aeabi_ldiv0                 
00005249  __aeabi_memclr                
00005249  __aeabi_memclr4               
00005249  __aeabi_memclr8               
0000500b  __aeabi_memcpy                
0000500b  __aeabi_memcpy4               
0000500b  __aeabi_memcpy8               
0000524b  __aeabi_memset                
0000524b  __aeabi_memset4               
0000524b  __aeabi_memset8               
000050a7  __aeabi_uldivmod              
ffffffff  __binit__                     
ffffffff  __c_args__                    
00003fc1  __kernel_cos                  
000018dd  __kernel_rem_pio2             
00003e4d  __kernel_sin                  
UNDEFED   __mpu_init                    
20000270  __stack                       
20000000  __start___llvm_prf_cnts       
20000000  __stop___llvm_prf_cnts        
0000586d  _c_int00_noargs               
00005c08  _ctypes_                      
20000f18  _lock                         
000018db  _nop                          
20000f2c  _running                      
20000a70  _sys_memory                   
UNDEFED   _system_post_cinit            
00005aa9  _system_pre_init              
20000edc  _timeout_ticks                
20000f1c  _unlock                       
00005aad  abort                         
00004a89  aligned_alloc                 
00005631  atoi                          
0000286d  auto_mode                     
00002c81  backup                        
ffffffff  binit                         
00004791  calculateWidth                
000057c9  calloc                        
00004c85  ceil                          
00004c85  ceill                         
0000597d  copysign                      
0000597d  copysignl                     
00002015  cos                           
00002015  cosl                          
000054ed  cyBOT_Scan                    
000054dd  cyBOT_init_Scan               
20000f28  errno                         
20000ee0  fallingEdge                   
20000ef4  flag                          
00004d7d  floor                         
00004d7d  floorl                        
00004e75  free                          
00005479  frexp                         
00005479  frexpl                        
20000000  g_pfnRAMVectors               
00000000  g_pfnVectors                  
0000097f  go_charge                     
00002d9f  handle_both_bump              
00002d03  handle_bump                   
00002d79  handle_left_bump              
00002d53  handle_right_bump             
00003793  interrupt_init                
0000490f  ir_enableInterrupt            
000048f1  ir_getDistance                
000048c9  ir_getValue                   
00004861  ir_init                       
20000ef5  isRisingEdge                  
20000ee4  isr_int_value                 
00005a57  lcd_clear                     
0000308d  lcd_gotoLine                  
00002ef5  lcd_init                      
000030f3  lcd_printf                    
00002fb5  lcd_putc                      
00002fed  lcd_puts                      
00002eb9  lcd_reverseNibble             
0000300b  lcd_sendCommand               
00003049  lcd_sendNibble                
000030b5  lcd_setCursorPos              
00004979  ldexp                         
00004979  ldexpl                        
00002a09  main                          
00005aa1  malloc                        
00002793  manual_mode                   
00004a89  memalign                      
00005961  memccpy                       
0000500b  memcpy                        
00005251  memset                        
20000ef6  mode_flag                     
20000ef8  motor_cal_factor_L            
20000efc  motor_cal_factor_R            
00002ac5  move_foward                   
0000026d  oi_alloc                      
00000aa9  oi_checkFirmware              
000002c7  oi_close                      
00000279  oi_free                       
00000ded  oi_getMotorCalibrationLeft    
00000e01  oi_getMotorCalibrationRight   
000002b1  oi_init                       
00000289  oi_init_noupdate              
00000915  oi_loadSong                   
000059c7  oi_parseInt                   
0000032b  oi_parsePacket                
0000096b  oi_play_song                  
0000084b  oi_setLeds                    
00000db1  oi_setMotorCalibration        
0000088f  oi_setWheels                  
00000b51  oi_shutoff_init               
0000098d  oi_uartInit                   
00000a31  oi_uartReceive                
00000a77  oi_uartSendBuff               
00000a15  oi_uartSendChar               
00000a59  oi_uartSendStr                
000002d9  oi_update                     
00003a1b  ping_getDistance              
000038d9  ping_init                     
0000395f  ping_trigger                  
0000483b  pointToObject                 
00004741  printResponse                 
00004779  print_data                    
20000ee8  pulseLength                   
20000eec  risingEdge                    
00004979  scalbn                        
00004979  scalbnl                       
000025f1  scan_for_objects              
20000ef0  sensor_data                   
0000461d  servo_init                    
000046a1  servo_move                    
000046eb  servo_setPWM                  
00004695  servo_stop                    
00005709  sprintf                       
0000412d  sqrt                          
0000412d  sqrtl                         
000059f7  strchr                        
000059df  strcmp                        
00005a0d  strcpy                        
00005a21  strlen                        
0000356f  timer_getMicros               
00003517  timer_getMillis               
00003451  timer_init                    
000034f3  timer_pause                   
00003505  timer_resume                  
000034c9  timer_stop                    
000035c9  timer_waitMicros              
000035fb  timer_waitMillis              
00002dbd  travel_to_object              
00002ba3  turn_clockwise                
00002c6f  turn_counterClockwise         
20000ef7  uart_data                     
00003699  uart_init                     
00003759  uart_sendChar                 
00003775  uart_sendStr                  
00005749  vsnprintf                     
00005a35  wcslen                        


GLOBAL SYMBOLS: SORTED BY Symbol Address 

address   name                          
-------   ----                          
00000000  __TI_static_base__            
00000000  g_pfnVectors                  
0000026d  oi_alloc                      
00000279  oi_free                       
00000289  oi_init_noupdate              
000002b1  oi_init                       
000002c7  oi_close                      
000002d9  oi_update                     
0000032b  oi_parsePacket                
00000400  __SYSMEM_SIZE                 
00000800  __STACK_SIZE                  
0000084b  oi_setLeds                    
0000088f  oi_setWheels                  
00000915  oi_loadSong                   
0000096b  oi_play_song                  
0000097f  go_charge                     
0000098d  oi_uartInit                   
00000a15  oi_uartSendChar               
00000a31  oi_uartReceive                
00000a59  oi_uartSendStr                
00000a77  oi_uartSendBuff               
00000aa9  oi_checkFirmware              
00000b51  oi_shutoff_init               
00000bc3  GPIOF_Handler                 
00000db1  oi_setMotorCalibration        
00000ded  oi_getMotorCalibrationLeft    
00000e01  oi_getMotorCalibrationRight   
00000e8d  __TI_printfi                  
000018db  _nop                          
000018dd  __kernel_rem_pio2             
00002015  cos                           
00002015  cosl                          
000025f1  scan_for_objects              
00002793  manual_mode                   
0000286d  auto_mode                     
00002a09  main                          
00002ac3  __aeabi_idiv0                 
00002ac3  __aeabi_ldiv0                 
00002ac5  move_foward                   
00002ba3  turn_clockwise                
00002c6f  turn_counterClockwise         
00002c81  backup                        
00002d03  handle_bump                   
00002d53  handle_right_bump             
00002d79  handle_left_bump              
00002d9f  handle_both_bump              
00002dbd  travel_to_object              
00002eb9  lcd_reverseNibble             
00002ef5  lcd_init                      
00002fb5  lcd_putc                      
00002fed  lcd_puts                      
0000300b  lcd_sendCommand               
00003049  lcd_sendNibble                
0000308d  lcd_gotoLine                  
000030b5  lcd_setCursorPos              
000030f3  lcd_printf                    
00003451  timer_init                    
000034c9  timer_stop                    
000034f3  timer_pause                   
00003505  timer_resume                  
00003517  timer_getMillis               
0000356f  timer_getMicros               
000035c9  timer_waitMicros              
000035fb  timer_waitMillis              
00003699  uart_init                     
00003759  uart_sendChar                 
00003775  uart_sendStr                  
00003793  interrupt_init                
000037f9  UART1_Handler                 
000038d9  ping_init                     
0000395f  ping_trigger                  
000039c9  TIMER3B_Handler               
00003a1b  ping_getDistance              
00003c95  __aeabi_dsub                  
00003c9f  __aeabi_dadd                  
00003e4d  __kernel_sin                  
00003fc1  __kernel_cos                  
0000412d  sqrt                          
0000412d  sqrtl                         
000043c1  __aeabi_ddiv                  
0000461d  servo_init                    
00004695  servo_stop                    
000046a1  servo_move                    
000046eb  servo_setPWM                  
00004741  printResponse                 
00004779  print_data                    
00004791  calculateWidth                
0000483b  pointToObject                 
00004861  ir_init                       
000048c9  ir_getValue                   
000048f1  ir_getDistance                
000048f9  ADC0SS0_Handler               
0000490f  ir_enableInterrupt            
00004979  ldexp                         
00004979  ldexpl                        
00004979  scalbn                        
00004979  scalbnl                       
00004a89  aligned_alloc                 
00004a89  memalign                      
00004b89  __aeabi_dmul                  
00004c85  ceil                          
00004c85  ceill                         
00004d7d  floor                         
00004d7d  floorl                        
00004e75  free                          
0000500b  __aeabi_memcpy                
0000500b  __aeabi_memcpy4               
0000500b  __aeabi_memcpy8               
0000500b  memcpy                        
000050a7  __aeabi_uldivmod              
0000513d  __aeabi_cdcmpeq               
0000513d  __aeabi_cdcmple               
000051c3  __aeabi_cdrcmple              
00005249  __aeabi_memclr                
00005249  __aeabi_memclr4               
00005249  __aeabi_memclr8               
0000524b  __aeabi_memset                
0000524b  __aeabi_memset4               
0000524b  __aeabi_memset8               
00005251  memset                        
000053a3  __aeabi_d2f                   
00005411  __TI_decompress_lzss          
00005479  frexp                         
00005479  frexpl                        
000054dd  cyBOT_init_Scan               
000054ed  cyBOT_Scan                    
0000558b  __TI_ltoa                     
00005631  atoi                          
0000567d  __aeabi_d2iz                  
000056c5  __TI_auto_init_nobinit_nopinit
00005709  sprintf                       
00005749  vsnprintf                     
000057c9  calloc                        
00005801  __aeabi_f2d                   
00005839  IntRegister                   
0000586d  _c_int00_noargs               
000058d1  __aeabi_i2d                   
00005929  __TI_zero_init_nomemset       
00005961  memccpy                       
0000597d  copysign                      
0000597d  copysignl                     
000059c7  oi_parseInt                   
000059df  strcmp                        
000059f7  strchr                        
00005a0d  strcpy                        
00005a21  strlen                        
00005a35  wcslen                        
00005a47  IntMasterEnable               
00005a57  lcd_clear                     
00005a67  __TI_decompress_none          
00005a75  CPUcpsie                      
00005a81  ResetISR                      
00005a99  __aeabi_errno_addr            
00005aa1  malloc                        
00005aa9  _system_pre_init              
00005aad  C$$EXIT                       
00005aad  abort                         
00005c08  _ctypes_                      
00005d40  __TI_Handler_Table_Base       
00005d4c  __TI_Handler_Table_Limit      
00005d60  __TI_CINIT_Base               
00005d78  __TI_CINIT_Limit              
20000000  __start___llvm_prf_cnts       
20000000  __stop___llvm_prf_cnts        
20000000  g_pfnRAMVectors               
20000270  __stack                       
20000470  __STACK_TOP                   
20000a70  __STACK_END                   
20000a70  _sys_memory                   
20000edc  _timeout_ticks                
20000ee0  fallingEdge                   
20000ee4  isr_int_value                 
20000ee8  pulseLength                   
20000eec  risingEdge                    
20000ef0  sensor_data                   
20000ef4  flag                          
20000ef5  isRisingEdge                  
20000ef6  mode_flag                     
20000ef7  uart_data                     
20000ef8  motor_cal_factor_L            
20000efc  motor_cal_factor_R            
20000f18  _lock                         
20000f1c  _unlock                       
20000f28  errno                         
20000f2c  _running                      
ffffffff  __TI_pprof_out_hndl           
ffffffff  __TI_prof_data_size           
ffffffff  __TI_prof_data_start          
ffffffff  __binit__                     
ffffffff  __c_args__                    
ffffffff  binit                         
UNDEFED   __mpu_init                    
UNDEFED   _system_post_cinit            

[193 symbols]
