******************************************************************************
                  TI ARM Linker PC v20.2.4                     
******************************************************************************
>> Linked Thu Sep 30 15:33:06 2021

OUTPUT FILE NAME:   <lab_3.out>
ENTRY POINT SYMBOL: "_c_int00_noargs"  address: 000056e5


MEMORY CONFIGURATION

         name            origin    length      used     unused   attr    fill
----------------------  --------  ---------  --------  --------  ----  --------
  FLASH                 00000000   00040000  00005bf0  0003a410  R  X
  SRAM                  20000000   00008000  00000f5a  000070a6  RW X


SEGMENT ALLOCATION MAP

run origin  load origin   length   init length attrs members
----------  ----------- ---------- ----------- ----- -------
00000000    00000000    00005bf0   00005bf0    r-x
  00000000    00000000    0000026c   0000026c    r-- .intvecs
  0000026c    0000026c    000056bc   000056bc    r-x .text
  00005928    00005928    00000278   00000278    r-- .const
  00005ba0    00005ba0    00000050   00000050    r-- .cinit
20000000    20000000    00000f61   00000000    rw-
  20000000    20000000    0000026c   00000000    rw- .vtable
  20000270    20000270    00000800   00000000    rw- .stack
  20000a70    20000a70    00000400   00000000    rw- .sysmem
  20000e70    20000e70    000000b5   00000000    rw- .bss
  20000f28    20000f28    00000039   00000000    rw- .data


SECTION ALLOCATION MAP

 output                                  attributes/
section   page    origin      length       input sections
--------  ----  ----------  ----------   ----------------
.intvecs   0    00000000    0000026c     
                  00000000    0000026c     tm4c123gh6pm_startup_ccs.obj (.intvecs)

.text      0    0000026c    000056bc     
                  0000026c    00000c20     open_interface.obj (.text)
                  00000e8c    00000a4e     rtsv7M4_T_le_v4SPD16_eabi.lib : _printfi.c.obj (.text:__TI_printfi)
                  000018da    00000002                                   : _lock.c.obj (.text:_nop)
                  000018dc    00000738                                   : k_rem_pio2.c.obj (.text:__kernel_rem_pio2)
                  00002014    000005dc                                   : s_cos.c.obj (.text:cos)
                  000025f0    0000054e     main.obj (.text)
                  00002b3e    00000002     rtsv7M4_T_le_v4SPD16_eabi.lib : div0.asm.obj (.text)
                  00002b40    000003f4     movement.obj (.text)
                  00002f34    00000328     lcd.obj (.text)
                  0000325c    00000270     rtsv7M4_T_le_v4SPD16_eabi.lib : _printfi.c.obj (.text:_pconv_a)
                  000034cc    00000248     Timer.obj (.text)
                  00003714    000001ec     libcybotScan.lib : ping.obj (.text)
                  00003900    000001d0     rtsv7M4_T_le_v4SPD16_eabi.lib : _printfi.c.obj (.text:_pconv_g)
                  00003ad0    000001b6                                   : fd_add_t2.asm.obj (.text)
                  00003c86    00000002     --HOLE-- [fill = 0]
                  00003c88    00000174                                   : k_sin.c.obj (.text:__kernel_sin)
                  00003dfc    0000016c                                   : k_cos.c.obj (.text:__kernel_cos)
                  00003f68    0000015c     libcybotUART.lib : uart.obj (.text)
                  000040c4    00000158     rtsv7M4_T_le_v4SPD16_eabi.lib : e_sqrt.c.obj (.text:sqrt)
                  0000421c    0000013c                                   : _printfi.c.obj (.text:_pconv_e)
                  00004358    00000136                                   : fd_div_t2.asm.obj (.text)
                  0000448e    00000002     --HOLE-- [fill = 0]
                  00004490    00000124                                   : _printfi.c.obj (.text:fcvt)
                  000045b4    00000124     libcybotScan.lib : servo.obj (.text)
                  000046d8    00000118                      : ir.obj (.text)
                  000047f0    00000110     rtsv7M4_T_le_v4SPD16_eabi.lib : s_scalbn.c.obj (.text:scalbn)
                  00004900    00000100                                   : memory.c.obj (.text:aligned_alloc)
                  00004a00    000000fc                                   : fd_mul_t2.asm.obj (.text)
                  00004afc    000000f8                                   : s_ceil.c.obj (.text:ceil)
                  00004bf4    000000f8                                   : s_floor.c.obj (.text:floor)
                  00004cec    000000e4                                   : memory.c.obj (.text:free)
                  00004dd0    000000b1                                   : _printfi.c.obj (.text:_ltostr)
                  00004e81    00000001     --HOLE-- [fill = 0]
                  00004e82    0000009c                                   : memcpy_t2.asm.obj (.text)
                  00004f1e    00000096                                   : ull_div_t2.asm.obj (.text)
                  00004fb4    00000086                                   : fd_cmp_t2.asm.obj (.text:__aeabi_cdcmple)
                  0000503a    00000086                                   : fd_cmp_t2.asm.obj (.text:__aeabi_cdrcmple)
                  000050c0    0000007a                                   : memset_t2.asm.obj (.text)
                  0000513a    00000002     --HOLE-- [fill = 0]
                  0000513c    00000070                                   : memory.c.obj (.text:split)
                  000051ac    0000006e                                   : _printfi.c.obj (.text:_mcpy)
                  0000521a    0000006e                                   : fd_tos_t2.asm.obj (.text)
                  00005288    00000068                                   : copy_decompress_lzss.c.obj (.text:decompress:lzss:__TI_decompress_lzss)
                  000052f0    00000064                                   : s_frexp.c.obj (.text:frexp)
                  00005354    00000058     libcybotScan.lib : cyBot_Scan.obj (.text)
                  000053ac    00000056     rtsv7M4_T_le_v4SPD16_eabi.lib : _printfi.c.obj (.text:_pconv_f)
                  00005402    00000054                                   : _ltoa.c.obj (.text:__TI_ltoa)
                  00005456    00000052                                   : _printfi.c.obj (.text:_ecpy)
                  000054a8    0000004c                                   : atoi.c.obj (.text:atoi)
                  000054f4    00000048                                   : fd_toi_t2.asm.obj (.text)
                  0000553c    00000044                                   : autoinit.c.obj (.text:__TI_auto_init_nobinit_nopinit:__TI_auto_init_nobinit_nopinit)
                  00005580    00000040                                   : sprintf.c.obj (.text:sprintf)
                  000055c0    00000040                                   : vsnprintf.c.obj (.text:vsnprintf)
                  00005600    0000003e                                   : _printfi.c.obj (.text:_fcpy)
                  0000563e    00000002     --HOLE-- [fill = 0]
                  00005640    00000038                                   : memory.c.obj (.text:calloc)
                  00005678    00000038                                   : fs_tod_t2.asm.obj (.text)
                  000056b0    00000034     driverlib.lib : interrupt.obj (.text:IntRegister)
                  000056e4    00000034     rtsv7M4_T_le_v4SPD16_eabi.lib : boot_cortex_m.c.obj (.text:_c_int00_noargs:_c_int00_noargs)
                  00005718    00000030                                   : vsnprintf.c.obj (.text:_outs)
                  00005748    0000002e                                   : i_tofd_t2.asm.obj (.text)
                  00005776    00000002     --HOLE-- [fill = 0]
                  00005778    00000028                                   : memory.c.obj (.text:free_list_insert)
                  000057a0    0000001c                                   : copy_zero_init.c.obj (.text:decompress:ZI:__TI_zero_init_nomemset:__TI_zero_init_nomemset)
                  000057bc    0000001c                                   : memory.c.obj (.text:free_list_remove)
                  000057d8    0000001c                                   : memccpy.c.obj (.text:memccpy)
                  000057f4    0000001a                                   : s_copysign.c.obj (.text:copysign)
                  0000580e    00000018                                   : vsnprintf.c.obj (.text:_outc)
                  00005826    00000018                                   : sprintf.c.obj (.text:_outs)
                  0000583e    00000018     open_interface.obj (.text:oi_parseInt)
                  00005856    00000018     rtsv7M4_T_le_v4SPD16_eabi.lib : strcmp.c.obj (.text:strcmp)
                  0000586e    00000016                                   : strchr.c.obj (.text:strchr)
                  00005884    00000014                                   : strcpy.c.obj (.text:strcpy)
                  00005898    00000014                                   : strlen.c.obj (.text:strlen)
                  000058ac    00000012                                   : wcslen.c.obj (.text:wcslen)
                  000058be    00000010     driverlib.lib : interrupt.obj (.text:IntMasterEnable)
                  000058ce    00000010     lcd.obj (.text:lcd_clear)
                  000058de    0000000e     rtsv7M4_T_le_v4SPD16_eabi.lib : copy_decompress_none.c.obj (.text:decompress:none:__TI_decompress_none)
                  000058ec    0000000c     driverlib.lib : cpu.obj (.text:CPUcpsie)
                  000058f8    0000000c     tm4c123gh6pm_startup_ccs.obj (.text)
                  00005904    0000000a     rtsv7M4_T_le_v4SPD16_eabi.lib : sprintf.c.obj (.text:_outc)
                  0000590e    00000002     --HOLE-- [fill = 0]
                  00005910    00000008                                   : errno.c.obj (.text:__aeabi_errno_addr)
                  00005918    00000008                                   : memory.c.obj (.text:malloc)
                  00005920    00000004                                   : pre_init.c.obj (.text:_system_pre_init)
                  00005924    00000004                                   : exit.c.obj (.text:abort:abort)

.const     0    00005928    00000278     
                  00005928    00000158     rtsv7M4_T_le_v4SPD16_eabi.lib : k_rem_pio2.c.obj (.const:$O1$$)
                  00005a80    00000101                                   : ctype.c.obj (.const:.string:_ctypes_)
                  00005b81    0000000f     open_interface.obj (.const:.string:$P$T0$3)
                  00005b90    00000008     main.obj (.const:.string:$P$T0$1)
                  00005b98    00000004     lcd.obj (.const:.string:lineAddress$1)
                  00005b9c    00000004     lcd.obj (.const:.string:lineAddresses$2)

.cinit     0    00005ba0    00000050     
                  00005ba0    00000018     (.cinit..data.load) [load image, compression = lzss]
                  00005bb8    0000000c     (__TI_handler_table)
                  00005bc4    00000004     --HOLE-- [fill = 0]
                  00005bc8    00000008     (.cinit..bss.load) [load image, compression = zero_init]
                  00005bd0    00000008     (.cinit..vtable.load) [load image, compression = zero_init]
                  00005bd8    00000018     (__TI_cinit_table)

.init_array 
*          0    00000000    00000000     UNINITIALIZED

.vtable    0    20000000    0000026c     UNINITIALIZED
                  20000000    0000026c     driverlib.lib : interrupt.obj (.vtable)

.stack     0    20000270    00000800     UNINITIALIZED
                  20000270    00000004     rtsv7M4_T_le_v4SPD16_eabi.lib : boot_cortex_m.c.obj (.stack)
                  20000274    000007fc     --HOLE--

.sysmem    0    20000a70    00000400     UNINITIALIZED
                  20000a70    00000010     rtsv7M4_T_le_v4SPD16_eabi.lib : memory.c.obj (.sysmem)
                  20000a80    000003f0     --HOLE--

.bss       0    20000e70    000000b5     UNINITIALIZED
                  20000e70    00000054     lcd.obj (.bss:lastbuffer$3)
                  20000ec4    00000034     (.common:isr_char_buffer)
                  20000ef8    00000018     open_interface.obj (.bss:firmware$2)
                  20000f10    00000004     (.common:_timeout_ticks)
                  20000f14    00000004     (.common:fallingEdge)
                  20000f18    00000004     (.common:isr_int_value)
                  20000f1c    00000004     (.common:pulseLength)
                  20000f20    00000004     (.common:risingEdge)
                  20000f24    00000001     (.common:isRisingEdge)

.data      0    20000f28    00000039     UNINITIALIZED
                  20000f28    00000020     open_interface.obj (.data)
                  20000f48    00000008     rtsv7M4_T_le_v4SPD16_eabi.lib : _lock.c.obj (.data:$O1$$)
                  20000f50    00000008                                   : memory.c.obj (.data:$O1$$)
                  20000f58    00000004     libcybotUART.lib : uart.obj (.data)
                  20000f5c    00000004     rtsv7M4_T_le_v4SPD16_eabi.lib : errno.c.obj (.data)
                  20000f60    00000001     Timer.obj (.data)

__llvm_prf_cnts 
*          0    20000000    00000000     UNINITIALIZED

MODULE SUMMARY

       Module                         code    ro data   rw data
       ------                         ----    -------   -------
    .\
       open_interface.obj             3128    15        56     
       main.obj                       1358    8         0      
       movement.obj                   1012    0         0      
       lcd.obj                        824     8         84     
       tm4c123gh6pm_startup_ccs.obj   12      620       0      
       Timer.obj                      584     0         5      
    +--+------------------------------+-------+---------+---------+
       Total:                         6918    651       145    
                                                               
    ../libcybotScan.lib
       ping.obj                       492     0         13     
       servo.obj                      292     0         0      
       ir.obj                         280     0         4      
       cyBot_Scan.obj                 88      0         0      
    +--+------------------------------+-------+---------+---------+
       Total:                         1152    0         17     
                                                               
    ../libcybotUART.lib
       uart.obj                       348     0         56     
    +--+------------------------------+-------+---------+---------+
       Total:                         348     0         56     
                                                               
    C:/ti/TivaWare_C_Series-2.1.4.178/driverlib/ccs/Debug/driverlib.lib
       interrupt.obj                  68      0         620    
       cpu.obj                        12      0         0      
    +--+------------------------------+-------+---------+---------+
       Total:                         80      0         620    
                                                               
    C:\ti\ccs1031\ccs\tools\compiler\ti-cgt-arm_20.2.4.LTS\lib\rtsv7M4_T_le_v4SPD16_eabi.lib
       _printfi.c.obj                 4851    0         0      
       k_rem_pio2.c.obj               1848    344       0      
       s_cos.c.obj                    1500    0         0      
       memory.c.obj                   728     0         8      
       fd_add_t2.asm.obj              438     0         0      
       k_sin.c.obj                    372     0         0      
       k_cos.c.obj                    364     0         0      
       e_sqrt.c.obj                   344     0         0      
       fd_div_t2.asm.obj              310     0         0      
       s_scalbn.c.obj                 272     0         0      
       fd_cmp_t2.asm.obj              268     0         0      
       ctype.c.obj                    0       257       0      
       fd_mul_t2.asm.obj              252     0         0      
       s_ceil.c.obj                   248     0         0      
       s_floor.c.obj                  248     0         0      
       memcpy_t2.asm.obj              156     0         0      
       ull_div_t2.asm.obj             150     0         0      
       vsnprintf.c.obj                136     0         0      
       memset_t2.asm.obj              122     0         0      
       fd_tos_t2.asm.obj              110     0         0      
       copy_decompress_lzss.c.obj     104     0         0      
       s_frexp.c.obj                  100     0         0      
       sprintf.c.obj                  98      0         0      
       _ltoa.c.obj                    84      0         0      
       atoi.c.obj                     76      0         0      
       fd_toi_t2.asm.obj              72      0         0      
       autoinit.c.obj                 68      0         0      
       fs_tod_t2.asm.obj              56      0         0      
       boot_cortex_m.c.obj            52      0         0      
       i_tofd_t2.asm.obj              46      0         0      
       copy_zero_init.c.obj           28      0         0      
       memccpy.c.obj                  28      0         0      
       s_copysign.c.obj               26      0         0      
       strcmp.c.obj                   24      0         0      
       strchr.c.obj                   22      0         0      
       strcpy.c.obj                   20      0         0      
       strlen.c.obj                   20      0         0      
       wcslen.c.obj                   18      0         0      
       copy_decompress_none.c.obj     14      0         0      
       errno.c.obj                    8       0         4      
       _lock.c.obj                    2       0         8      
       exit.c.obj                     4       0         0      
       pre_init.c.obj                 4       0         0      
       div0.asm.obj                   2       0         0      
    +--+------------------------------+-------+---------+---------+
       Total:                         13693   601       20     
                                                               
       Heap:                          0       0         1024   
       Stack:                         0       0         2048   
       Linker Generated:              0       76        0      
    +--+------------------------------+-------+---------+---------+
       Grand Total:                   22191   1328      3930   


LINKER GENERATED COPY TABLES

__TI_cinit_table @ 00005bd8 records: 3, size/record: 8, table size: 24
	.data: load addr=00005ba0, load size=00000018 bytes, run addr=20000f28, run size=00000039 bytes, compression=lzss
	.bss: load addr=00005bc8, load size=00000008 bytes, run addr=20000e70, run size=000000b5 bytes, compression=zero_init
	.vtable: load addr=00005bd0, load size=00000008 bytes, run addr=20000000, run size=0000026c bytes, compression=zero_init


LINKER GENERATED HANDLER TABLE

__TI_handler_table @ 00005bb8 records: 3, size/record: 4, table size: 12
	index: 0, handler: __TI_zero_init
	index: 1, handler: __TI_decompress_lzss
	index: 2, handler: __TI_decompress_none


GLOBAL SYMBOLS: SORTED ALPHABETICALLY BY Name 

address   name                          
-------   ----                          
00004771  ADC0SS0_Handler               
00005925  C$$EXIT                       
000058ed  CPUcpsie                      
00000bc3  GPIOF_Handler                 
000058bf  IntMasterEnable               
000056b1  IntRegister                   
000058f9  ResetISR                      
00003805  TIMER3B_Handler               
20000a70  __STACK_END                   
00000800  __STACK_SIZE                  
20000470  __STACK_TOP                   
00000400  __SYSMEM_SIZE                 
00005bd8  __TI_CINIT_Base               
00005bf0  __TI_CINIT_Limit              
00005bb8  __TI_Handler_Table_Base       
00005bc4  __TI_Handler_Table_Limit      
0000553d  __TI_auto_init_nobinit_nopinit
00005289  __TI_decompress_lzss          
000058df  __TI_decompress_none          
00005403  __TI_ltoa                     
ffffffff  __TI_pprof_out_hndl           
00000e8d  __TI_printfi                  
ffffffff  __TI_prof_data_size           
ffffffff  __TI_prof_data_start          
00000000  __TI_static_base__            
000057a1  __TI_zero_init_nomemset       
00004fb5  __aeabi_cdcmpeq               
00004fb5  __aeabi_cdcmple               
0000503b  __aeabi_cdrcmple              
0000521b  __aeabi_d2f                   
000054f5  __aeabi_d2iz                  
00003adb  __aeabi_dadd                  
00004359  __aeabi_ddiv                  
00004a01  __aeabi_dmul                  
00003ad1  __aeabi_dsub                  
00005911  __aeabi_errno_addr            
00005679  __aeabi_f2d                   
00005749  __aeabi_i2d                   
00002b3f  __aeabi_idiv0                 
00002b3f  __aeabi_ldiv0                 
000050c1  __aeabi_memclr                
000050c1  __aeabi_memclr4               
000050c1  __aeabi_memclr8               
00004e83  __aeabi_memcpy                
00004e83  __aeabi_memcpy4               
00004e83  __aeabi_memcpy8               
000050c3  __aeabi_memset                
000050c3  __aeabi_memset4               
000050c3  __aeabi_memset8               
00004f1f  __aeabi_uldivmod              
ffffffff  __binit__                     
ffffffff  __c_args__                    
00003dfd  __kernel_cos                  
000018dd  __kernel_rem_pio2             
00003c89  __kernel_sin                  
UNDEFED   __mpu_init                    
20000270  __stack                       
20000000  __start___llvm_prf_cnts       
20000000  __stop___llvm_prf_cnts        
000056e5  _c_int00_noargs               
00005a80  _ctypes_                      
20000f48  _lock                         
000018db  _nop                          
20000f60  _running                      
20000a70  _sys_memory                   
UNDEFED   _system_post_cinit            
00005921  _system_pre_init              
20000f10  _timeout_ticks                
20000f4c  _unlock                       
00005925  abort                         
00004901  aligned_alloc                 
000054a9  atoi                          
00002cfd  backup                        
ffffffff  binit                         
00002665  calculateWidth                
00005641  calloc                        
00004afd  ceil                          
00004afd  ceill                         
000057f5  copysign                      
000057f5  copysignl                     
00002015  cos                           
00002015  cosl                          
00005365  cyBOT_Scan                    
00005355  cyBOT_init_Scan               
00004071  cyBot_UART1_Handler           
00004057  cyBot_getByte                 
00003f69  cyBot_sendByte                
00004039  cyBot_uart_flush              
00003fa7  cyBot_uart_init               
00003f8f  cyBot_uart_sendBuffer         
00003f75  cyBot_uart_sendStr            
20000f5c  errno                         
20000f14  fallingEdge                   
00004bf5  floor                         
00004bf5  floorl                        
00004ced  free                          
000052f1  frexp                         
000052f1  frexpl                        
20000000  g_pfnRAMVectors               
00000000  g_pfnVectors                  
0000097f  go_charge                     
00002e1b  handle_both_bump              
00002d7f  handle_bump                   
00002df5  handle_left_bump              
00002dcf  handle_right_bump             
00004787  ir_enableInterrupt            
00004769  ir_getDistance                
00004741  ir_getValue                   
000046d9  ir_init                       
20000f24  isRisingEdge                  
20000ec4  isr_char_buffer               
20000f58  isr_counter                   
20000f18  isr_int_value                 
000058cf  lcd_clear                     
00003109  lcd_gotoLine                  
00002f71  lcd_init                      
0000316f  lcd_printf                    
00003031  lcd_putc                      
00003069  lcd_puts                      
00002f35  lcd_reverseNibble             
00003087  lcd_sendCommand               
000030c5  lcd_sendNibble                
00003131  lcd_setCursorPos              
000047f1  ldexp                         
000047f1  ldexpl                        
000028dd  main                          
00005919  malloc                        
00004901  memalign                      
000057d9  memccpy                       
00004e83  memcpy                        
000050c9  memset                        
20000f28  motor_cal_factor_L            
20000f2c  motor_cal_factor_R            
00002b41  move_foward                   
0000026d  oi_alloc                      
00000aa9  oi_checkFirmware              
000002c7  oi_close                      
00000279  oi_free                       
00000ded  oi_getMotorCalibrationLeft    
00000e01  oi_getMotorCalibrationRight   
000002b1  oi_init                       
00000289  oi_init_noupdate              
00000915  oi_loadSong                   
0000583f  oi_parseInt                   
0000032b  oi_parsePacket                
0000096b  oi_play_song                  
0000084b  oi_setLeds                    
00000db1  oi_setMotorCalibration        
0000088f  oi_setWheels                  
00000b51  oi_shutoff_init               
0000098d  oi_uartInit                   
00000a31  oi_uartReceive                
00000a77  oi_uartSendBuff               
00000a15  oi_uartSendChar               
00000a59  oi_uartSendStr                
000002d9  oi_update                     
00003857  ping_getDistance              
00003715  ping_init                     
0000379b  ping_trigger                  
000028b7  pointToObject                 
000025f1  printResponse                 
0000263b  print_data                    
20000f1c  pulseLength                   
20000f20  risingEdge                    
000047f1  scalbn                        
000047f1  scalbnl                       
00002715  scan_for_objects              
000045b5  servo_init                    
00004639  servo_move                    
00004683  servo_setPWM                  
0000462d  servo_stop                    
00005581  sprintf                       
000040c5  sqrt                          
000040c5  sqrtl                         
0000586f  strchr                        
00005857  strcmp                        
00005885  strcpy                        
00005899  strlen                        
000035eb  timer_getMicros               
00003593  timer_getMillis               
000034cd  timer_init                    
0000356f  timer_pause                   
00003581  timer_resume                  
00003545  timer_stop                    
00003645  timer_waitMicros              
00003677  timer_waitMillis              
00002e39  travel_to_object              
00002c1f  turn_clockwise                
00002ceb  turn_counterClockwise         
000055c1  vsnprintf                     
000058ad  wcslen                        


GLOBAL SYMBOLS: SORTED BY Symbol Address 

address   name                          
-------   ----                          
00000000  __TI_static_base__            
00000000  g_pfnVectors                  
0000026d  oi_alloc                      
00000279  oi_free                       
00000289  oi_init_noupdate              
000002b1  oi_init                       
000002c7  oi_close                      
000002d9  oi_update                     
0000032b  oi_parsePacket                
00000400  __SYSMEM_SIZE                 
00000800  __STACK_SIZE                  
0000084b  oi_setLeds                    
0000088f  oi_setWheels                  
00000915  oi_loadSong                   
0000096b  oi_play_song                  
0000097f  go_charge                     
0000098d  oi_uartInit                   
00000a15  oi_uartSendChar               
00000a31  oi_uartReceive                
00000a59  oi_uartSendStr                
00000a77  oi_uartSendBuff               
00000aa9  oi_checkFirmware              
00000b51  oi_shutoff_init               
00000bc3  GPIOF_Handler                 
00000db1  oi_setMotorCalibration        
00000ded  oi_getMotorCalibrationLeft    
00000e01  oi_getMotorCalibrationRight   
00000e8d  __TI_printfi                  
000018db  _nop                          
000018dd  __kernel_rem_pio2             
00002015  cos                           
00002015  cosl                          
000025f1  printResponse                 
0000263b  print_data                    
00002665  calculateWidth                
00002715  scan_for_objects              
000028b7  pointToObject                 
000028dd  main                          
00002b3f  __aeabi_idiv0                 
00002b3f  __aeabi_ldiv0                 
00002b41  move_foward                   
00002c1f  turn_clockwise                
00002ceb  turn_counterClockwise         
00002cfd  backup                        
00002d7f  handle_bump                   
00002dcf  handle_right_bump             
00002df5  handle_left_bump              
00002e1b  handle_both_bump              
00002e39  travel_to_object              
00002f35  lcd_reverseNibble             
00002f71  lcd_init                      
00003031  lcd_putc                      
00003069  lcd_puts                      
00003087  lcd_sendCommand               
000030c5  lcd_sendNibble                
00003109  lcd_gotoLine                  
00003131  lcd_setCursorPos              
0000316f  lcd_printf                    
000034cd  timer_init                    
00003545  timer_stop                    
0000356f  timer_pause                   
00003581  timer_resume                  
00003593  timer_getMillis               
000035eb  timer_getMicros               
00003645  timer_waitMicros              
00003677  timer_waitMillis              
00003715  ping_init                     
0000379b  ping_trigger                  
00003805  TIMER3B_Handler               
00003857  ping_getDistance              
00003ad1  __aeabi_dsub                  
00003adb  __aeabi_dadd                  
00003c89  __kernel_sin                  
00003dfd  __kernel_cos                  
00003f69  cyBot_sendByte                
00003f75  cyBot_uart_sendStr            
00003f8f  cyBot_uart_sendBuffer         
00003fa7  cyBot_uart_init               
00004039  cyBot_uart_flush              
00004057  cyBot_getByte                 
00004071  cyBot_UART1_Handler           
000040c5  sqrt                          
000040c5  sqrtl                         
00004359  __aeabi_ddiv                  
000045b5  servo_init                    
0000462d  servo_stop                    
00004639  servo_move                    
00004683  servo_setPWM                  
000046d9  ir_init                       
00004741  ir_getValue                   
00004769  ir_getDistance                
00004771  ADC0SS0_Handler               
00004787  ir_enableInterrupt            
000047f1  ldexp                         
000047f1  ldexpl                        
000047f1  scalbn                        
000047f1  scalbnl                       
00004901  aligned_alloc                 
00004901  memalign                      
00004a01  __aeabi_dmul                  
00004afd  ceil                          
00004afd  ceill                         
00004bf5  floor                         
00004bf5  floorl                        
00004ced  free                          
00004e83  __aeabi_memcpy                
00004e83  __aeabi_memcpy4               
00004e83  __aeabi_memcpy8               
00004e83  memcpy                        
00004f1f  __aeabi_uldivmod              
00004fb5  __aeabi_cdcmpeq               
00004fb5  __aeabi_cdcmple               
0000503b  __aeabi_cdrcmple              
000050c1  __aeabi_memclr                
000050c1  __aeabi_memclr4               
000050c1  __aeabi_memclr8               
000050c3  __aeabi_memset                
000050c3  __aeabi_memset4               
000050c3  __aeabi_memset8               
000050c9  memset                        
0000521b  __aeabi_d2f                   
00005289  __TI_decompress_lzss          
000052f1  frexp                         
000052f1  frexpl                        
00005355  cyBOT_init_Scan               
00005365  cyBOT_Scan                    
00005403  __TI_ltoa                     
000054a9  atoi                          
000054f5  __aeabi_d2iz                  
0000553d  __TI_auto_init_nobinit_nopinit
00005581  sprintf                       
000055c1  vsnprintf                     
00005641  calloc                        
00005679  __aeabi_f2d                   
000056b1  IntRegister                   
000056e5  _c_int00_noargs               
00005749  __aeabi_i2d                   
000057a1  __TI_zero_init_nomemset       
000057d9  memccpy                       
000057f5  copysign                      
000057f5  copysignl                     
0000583f  oi_parseInt                   
00005857  strcmp                        
0000586f  strchr                        
00005885  strcpy                        
00005899  strlen                        
000058ad  wcslen                        
000058bf  IntMasterEnable               
000058cf  lcd_clear                     
000058df  __TI_decompress_none          
000058ed  CPUcpsie                      
000058f9  ResetISR                      
00005911  __aeabi_errno_addr            
00005919  malloc                        
00005921  _system_pre_init              
00005925  C$$EXIT                       
00005925  abort                         
00005a80  _ctypes_                      
00005bb8  __TI_Handler_Table_Base       
00005bc4  __TI_Handler_Table_Limit      
00005bd8  __TI_CINIT_Base               
00005bf0  __TI_CINIT_Limit              
20000000  __start___llvm_prf_cnts       
20000000  __stop___llvm_prf_cnts        
20000000  g_pfnRAMVectors               
20000270  __stack                       
20000470  __STACK_TOP                   
20000a70  __STACK_END                   
20000a70  _sys_memory                   
20000ec4  isr_char_buffer               
20000f10  _timeout_ticks                
20000f14  fallingEdge                   
20000f18  isr_int_value                 
20000f1c  pulseLength                   
20000f20  risingEdge                    
20000f24  isRisingEdge                  
20000f28  motor_cal_factor_L            
20000f2c  motor_cal_factor_R            
20000f48  _lock                         
20000f4c  _unlock                       
20000f58  isr_counter                   
20000f5c  errno                         
20000f60  _running                      
ffffffff  __TI_pprof_out_hndl           
ffffffff  __TI_prof_data_size           
ffffffff  __TI_prof_data_start          
ffffffff  __binit__                     
ffffffff  __c_args__                    
ffffffff  binit                         
UNDEFED   __mpu_init                    
UNDEFED   _system_post_cinit            

[191 symbols]
