******************************************************************************
                  TI ARM Linker PC v20.2.4                     
******************************************************************************
>> Linked Thu Oct 21 14:25:14 2021

OUTPUT FILE NAME:   <lab_7.out>
ENTRY POINT SYMBOL: "_c_int00_noargs"  address: 000058f9


MEMORY CONFIGURATION

         name            origin    length      used     unused   attr    fill
----------------------  --------  ---------  --------  --------  ----  --------
  FLASH                 00000000   00040000  00005e04  0003a1fc  R  X
  SRAM                  20000000   00008000  00000f29  000070d7  RW X


SEGMENT ALLOCATION MAP

run origin  load origin   length   init length attrs members
----------  ----------- ---------- ----------- ----- -------
00000000    00000000    00005e08   00005e08    r-x
  00000000    00000000    0000026c   0000026c    r-- .intvecs
  0000026c    0000026c    000058d0   000058d0    r-x .text
  00005b40    00005b40    00000278   00000278    r-- .const
  00005db8    00005db8    00000050   00000050    r-- .cinit
20000000    20000000    00000f2d   00000000    rw-
  20000000    20000000    0000026c   00000000    rw- .vtable
  20000270    20000270    00000800   00000000    rw- .stack
  20000a70    20000a70    00000400   00000000    rw- .sysmem
  20000e70    20000e70    00000088   00000000    rw- .bss
  20000ef8    20000ef8    00000035   00000000    rw- .data


SECTION ALLOCATION MAP

 output                                  attributes/
section   page    origin      length       input sections
--------  ----  ----------  ----------   ----------------
.intvecs   0    00000000    0000026c     
                  00000000    0000026c     tm4c123gh6pm_startup_ccs.obj (.intvecs)

.text      0    0000026c    000058d0     
                  0000026c    00000c20     open_interface.obj (.text)
                  00000e8c    00000a4e     rtsv7M4_T_le_v4SPD16_eabi.lib : _printfi.c.obj (.text:__TI_printfi)
                  000018da    00000002                                   : _lock.c.obj (.text:_nop)
                  000018dc    00000738                                   : k_rem_pio2.c.obj (.text:__kernel_rem_pio2)
                  00002014    000005dc                                   : s_cos.c.obj (.text:cos)
                  000025f0    0000055e     main.obj (.text)
                  00002b4e    00000002     rtsv7M4_T_le_v4SPD16_eabi.lib : div0.asm.obj (.text)
                  00002b50    000003f4     movement.obj (.text)
                  00002f44    00000328     lcd.obj (.text)
                  0000326c    00000270     rtsv7M4_T_le_v4SPD16_eabi.lib : _printfi.c.obj (.text:_pconv_a)
                  000034dc    00000248     Timer.obj (.text)
                  00003724    00000240     uart.obj (.text)
                  00003964    000001ec     libcybotScan.lib : ping.obj (.text)
                  00003b50    000001d0     rtsv7M4_T_le_v4SPD16_eabi.lib : _printfi.c.obj (.text:_pconv_g)
                  00003d20    000001b6                                   : fd_add_t2.asm.obj (.text)
                  00003ed6    00000002     --HOLE-- [fill = 0]
                  00003ed8    00000174                                   : k_sin.c.obj (.text:__kernel_sin)
                  0000404c    0000016c                                   : k_cos.c.obj (.text:__kernel_cos)
                  000041b8    00000158                                   : e_sqrt.c.obj (.text:sqrt)
                  00004310    0000013c                                   : _printfi.c.obj (.text:_pconv_e)
                  0000444c    00000136                                   : fd_div_t2.asm.obj (.text)
                  00004582    00000002     --HOLE-- [fill = 0]
                  00004584    00000124                                   : _printfi.c.obj (.text:fcvt)
                  000046a8    00000124     libcybotScan.lib : servo.obj (.text)
                  000047cc    00000120     mission_helper.obj (.text)
                  000048ec    00000118     libcybotScan.lib : ir.obj (.text)
                  00004a04    00000110     rtsv7M4_T_le_v4SPD16_eabi.lib : s_scalbn.c.obj (.text:scalbn)
                  00004b14    00000100                                   : memory.c.obj (.text:aligned_alloc)
                  00004c14    000000fc                                   : fd_mul_t2.asm.obj (.text)
                  00004d10    000000f8                                   : s_ceil.c.obj (.text:ceil)
                  00004e08    000000f8                                   : s_floor.c.obj (.text:floor)
                  00004f00    000000e4                                   : memory.c.obj (.text:free)
                  00004fe4    000000b1                                   : _printfi.c.obj (.text:_ltostr)
                  00005095    00000001     --HOLE-- [fill = 0]
                  00005096    0000009c                                   : memcpy_t2.asm.obj (.text)
                  00005132    00000096                                   : ull_div_t2.asm.obj (.text)
                  000051c8    00000086                                   : fd_cmp_t2.asm.obj (.text:__aeabi_cdcmple)
                  0000524e    00000086                                   : fd_cmp_t2.asm.obj (.text:__aeabi_cdrcmple)
                  000052d4    0000007a                                   : memset_t2.asm.obj (.text)
                  0000534e    00000002     --HOLE-- [fill = 0]
                  00005350    00000070                                   : memory.c.obj (.text:split)
                  000053c0    0000006e                                   : _printfi.c.obj (.text:_mcpy)
                  0000542e    0000006e                                   : fd_tos_t2.asm.obj (.text)
                  0000549c    00000068                                   : copy_decompress_lzss.c.obj (.text:decompress:lzss:__TI_decompress_lzss)
                  00005504    00000064                                   : s_frexp.c.obj (.text:frexp)
                  00005568    00000058     libcybotScan.lib : cyBot_Scan.obj (.text)
                  000055c0    00000056     rtsv7M4_T_le_v4SPD16_eabi.lib : _printfi.c.obj (.text:_pconv_f)
                  00005616    00000054                                   : _ltoa.c.obj (.text:__TI_ltoa)
                  0000566a    00000052                                   : _printfi.c.obj (.text:_ecpy)
                  000056bc    0000004c                                   : atoi.c.obj (.text:atoi)
                  00005708    00000048                                   : fd_toi_t2.asm.obj (.text)
                  00005750    00000044                                   : autoinit.c.obj (.text:__TI_auto_init_nobinit_nopinit:__TI_auto_init_nobinit_nopinit)
                  00005794    00000040                                   : sprintf.c.obj (.text:sprintf)
                  000057d4    00000040                                   : vsnprintf.c.obj (.text:vsnprintf)
                  00005814    0000003e                                   : _printfi.c.obj (.text:_fcpy)
                  00005852    00000002     --HOLE-- [fill = 0]
                  00005854    00000038                                   : memory.c.obj (.text:calloc)
                  0000588c    00000038                                   : fs_tod_t2.asm.obj (.text)
                  000058c4    00000034     driverlib.lib : interrupt.obj (.text:IntRegister)
                  000058f8    00000034     rtsv7M4_T_le_v4SPD16_eabi.lib : boot_cortex_m.c.obj (.text:_c_int00_noargs:_c_int00_noargs)
                  0000592c    00000030                                   : vsnprintf.c.obj (.text:_outs)
                  0000595c    0000002e                                   : i_tofd_t2.asm.obj (.text)
                  0000598a    00000002     --HOLE-- [fill = 0]
                  0000598c    00000028                                   : memory.c.obj (.text:free_list_insert)
                  000059b4    0000001c                                   : copy_zero_init.c.obj (.text:decompress:ZI:__TI_zero_init_nomemset:__TI_zero_init_nomemset)
                  000059d0    0000001c                                   : memory.c.obj (.text:free_list_remove)
                  000059ec    0000001c                                   : memccpy.c.obj (.text:memccpy)
                  00005a08    0000001a                                   : s_copysign.c.obj (.text:copysign)
                  00005a22    00000018                                   : vsnprintf.c.obj (.text:_outc)
                  00005a3a    00000018                                   : sprintf.c.obj (.text:_outs)
                  00005a52    00000018     open_interface.obj (.text:oi_parseInt)
                  00005a6a    00000018     rtsv7M4_T_le_v4SPD16_eabi.lib : strcmp.c.obj (.text:strcmp)
                  00005a82    00000016                                   : strchr.c.obj (.text:strchr)
                  00005a98    00000014                                   : strcpy.c.obj (.text:strcpy)
                  00005aac    00000014                                   : strlen.c.obj (.text:strlen)
                  00005ac0    00000012                                   : wcslen.c.obj (.text:wcslen)
                  00005ad2    00000010     driverlib.lib : interrupt.obj (.text:IntMasterEnable)
                  00005ae2    00000010     lcd.obj (.text:lcd_clear)
                  00005af2    0000000e     rtsv7M4_T_le_v4SPD16_eabi.lib : copy_decompress_none.c.obj (.text:decompress:none:__TI_decompress_none)
                  00005b00    0000000c     driverlib.lib : cpu.obj (.text:CPUcpsie)
                  00005b0c    0000000c     tm4c123gh6pm_startup_ccs.obj (.text)
                  00005b18    0000000a     rtsv7M4_T_le_v4SPD16_eabi.lib : sprintf.c.obj (.text:_outc)
                  00005b22    00000002     --HOLE-- [fill = 0]
                  00005b24    00000008                                   : errno.c.obj (.text:__aeabi_errno_addr)
                  00005b2c    00000008                                   : memory.c.obj (.text:malloc)
                  00005b34    00000004                                   : pre_init.c.obj (.text:_system_pre_init)
                  00005b38    00000004                                   : exit.c.obj (.text:abort:abort)

.const     0    00005b40    00000278     
                  00005b40    00000158     rtsv7M4_T_le_v4SPD16_eabi.lib : k_rem_pio2.c.obj (.const:$O1$$)
                  00005c98    00000101                                   : ctype.c.obj (.const:.string:_ctypes_)
                  00005d99    0000000f     open_interface.obj (.const:.string:$P$T0$3)
                  00005da8    00000008     mission_helper.obj (.const:.string:$P$T0$1)
                  00005db0    00000004     lcd.obj (.const:.string:lineAddress$1)
                  00005db4    00000004     lcd.obj (.const:.string:lineAddresses$2)

.cinit     0    00005db8    00000050     
                  00005db8    00000018     (.cinit..data.load) [load image, compression = lzss]
                  00005dd0    0000000c     (__TI_handler_table)
                  00005ddc    00000004     --HOLE-- [fill = 0]
                  00005de0    00000008     (.cinit..bss.load) [load image, compression = zero_init]
                  00005de8    00000008     (.cinit..vtable.load) [load image, compression = zero_init]
                  00005df0    00000018     (__TI_cinit_table)

.init_array 
*          0    00000000    00000000     UNINITIALIZED

.vtable    0    20000000    0000026c     UNINITIALIZED
                  20000000    0000026c     driverlib.lib : interrupt.obj (.vtable)

.stack     0    20000270    00000800     UNINITIALIZED
                  20000270    00000004     rtsv7M4_T_le_v4SPD16_eabi.lib : boot_cortex_m.c.obj (.stack)
                  20000274    000007fc     --HOLE--

.sysmem    0    20000a70    00000400     UNINITIALIZED
                  20000a70    00000010     rtsv7M4_T_le_v4SPD16_eabi.lib : memory.c.obj (.sysmem)
                  20000a80    000003f0     --HOLE--

.bss       0    20000e70    00000088     UNINITIALIZED
                  20000e70    00000054     lcd.obj (.bss:lastbuffer$3)
                  20000ec4    00000018     open_interface.obj (.bss:firmware$2)
                  20000edc    00000004     (.common:_timeout_ticks)
                  20000ee0    00000004     (.common:fallingEdge)
                  20000ee4    00000004     (.common:isr_int_value)
                  20000ee8    00000004     (.common:pulseLength)
                  20000eec    00000004     (.common:risingEdge)
                  20000ef0    00000004     (.common:sensor_data)
                  20000ef4    00000001     (.common:flag)
                  20000ef5    00000001     (.common:isRisingEdge)
                  20000ef6    00000001     (.common:mode_flag)
                  20000ef7    00000001     (.common:uart_data)

.data      0    20000ef8    00000035     UNINITIALIZED
                  20000ef8    00000020     open_interface.obj (.data)
                  20000f18    00000008     rtsv7M4_T_le_v4SPD16_eabi.lib : _lock.c.obj (.data:$O1$$)
                  20000f20    00000008                                   : memory.c.obj (.data:$O1$$)
                  20000f28    00000004                                   : errno.c.obj (.data)
                  20000f2c    00000001     Timer.obj (.data)

__llvm_prf_cnts 
*          0    20000000    00000000     UNINITIALIZED

MODULE SUMMARY

       Module                         code    ro data   rw data
       ------                         ----    -------   -------
    .\
       open_interface.obj             3128    15        56     
       main.obj                       1374    0         4      
       movement.obj                   1012    0         0      
       lcd.obj                        824     8         84     
       tm4c123gh6pm_startup_ccs.obj   12      620       0      
       Timer.obj                      584     0         5      
       uart.obj                       576     0         3      
       mission_helper.obj             288     8         0      
    +--+------------------------------+-------+---------+---------+
       Total:                         7798    651       152    
                                                               
    ../libcybotScan.lib
       ping.obj                       492     0         13     
       servo.obj                      292     0         0      
       ir.obj                         280     0         4      
       cyBot_Scan.obj                 88      0         0      
    +--+------------------------------+-------+---------+---------+
       Total:                         1152    0         17     
                                                               
    C:/ti/TivaWare_C_Series-2.1.4.178/driverlib/ccs/Debug/driverlib.lib
       interrupt.obj                  68      0         620    
       cpu.obj                        12      0         0      
    +--+------------------------------+-------+---------+---------+
       Total:                         80      0         620    
                                                               
    C:\ti\ccs1031\ccs\tools\compiler\ti-cgt-arm_20.2.4.LTS\lib\rtsv7M4_T_le_v4SPD16_eabi.lib
       _printfi.c.obj                 4851    0         0      
       k_rem_pio2.c.obj               1848    344       0      
       s_cos.c.obj                    1500    0         0      
       memory.c.obj                   728     0         8      
       fd_add_t2.asm.obj              438     0         0      
       k_sin.c.obj                    372     0         0      
       k_cos.c.obj                    364     0         0      
       e_sqrt.c.obj                   344     0         0      
       fd_div_t2.asm.obj              310     0         0      
       s_scalbn.c.obj                 272     0         0      
       fd_cmp_t2.asm.obj              268     0         0      
       ctype.c.obj                    0       257       0      
       fd_mul_t2.asm.obj              252     0         0      
       s_ceil.c.obj                   248     0         0      
       s_floor.c.obj                  248     0         0      
       memcpy_t2.asm.obj              156     0         0      
       ull_div_t2.asm.obj             150     0         0      
       vsnprintf.c.obj                136     0         0      
       memset_t2.asm.obj              122     0         0      
       fd_tos_t2.asm.obj              110     0         0      
       copy_decompress_lzss.c.obj     104     0         0      
       s_frexp.c.obj                  100     0         0      
       sprintf.c.obj                  98      0         0      
       _ltoa.c.obj                    84      0         0      
       atoi.c.obj                     76      0         0      
       fd_toi_t2.asm.obj              72      0         0      
       autoinit.c.obj                 68      0         0      
       fs_tod_t2.asm.obj              56      0         0      
       boot_cortex_m.c.obj            52      0         0      
       i_tofd_t2.asm.obj              46      0         0      
       copy_zero_init.c.obj           28      0         0      
       memccpy.c.obj                  28      0         0      
       s_copysign.c.obj               26      0         0      
       strcmp.c.obj                   24      0         0      
       strchr.c.obj                   22      0         0      
       strcpy.c.obj                   20      0         0      
       strlen.c.obj                   20      0         0      
       wcslen.c.obj                   18      0         0      
       copy_decompress_none.c.obj     14      0         0      
       errno.c.obj                    8       0         4      
       _lock.c.obj                    2       0         8      
       exit.c.obj                     4       0         0      
       pre_init.c.obj                 4       0         0      
       div0.asm.obj                   2       0         0      
    +--+------------------------------+-------+---------+---------+
       Total:                         13693   601       20     
                                                               
       Heap:                          0       0         1024   
       Stack:                         0       0         2048   
       Linker Generated:              0       76        0      
    +--+------------------------------+-------+---------+---------+
       Grand Total:                   22723   1328      3881   


LINKER GENERATED COPY TABLES

__TI_cinit_table @ 00005df0 records: 3, size/record: 8, table size: 24
	.data: load addr=00005db8, load size=00000018 bytes, run addr=20000ef8, run size=00000035 bytes, compression=lzss
	.bss: load addr=00005de0, load size=00000008 bytes, run addr=20000e70, run size=00000088 bytes, compression=zero_init
	.vtable: load addr=00005de8, load size=00000008 bytes, run addr=20000000, run size=0000026c bytes, compression=zero_init


LINKER GENERATED HANDLER TABLE

__TI_handler_table @ 00005dd0 records: 3, size/record: 4, table size: 12
	index: 0, handler: __TI_zero_init
	index: 1, handler: __TI_decompress_lzss
	index: 2, handler: __TI_decompress_none


GLOBAL SYMBOLS: SORTED ALPHABETICALLY BY Name 

address   name                          
-------   ----                          
00004985  ADC0SS0_Handler               
00005b39  C$$EXIT                       
00005b01  CPUcpsie                      
00000bc3  GPIOF_Handler                 
00005ad3  IntMasterEnable               
000058c5  IntRegister                   
00005b0d  ResetISR                      
00003a55  TIMER3B_Handler               
00003885  UART1_Handler                 
20000a70  __STACK_END                   
00000800  __STACK_SIZE                  
20000470  __STACK_TOP                   
00000400  __SYSMEM_SIZE                 
00005df0  __TI_CINIT_Base               
00005e08  __TI_CINIT_Limit              
00005dd0  __TI_Handler_Table_Base       
00005ddc  __TI_Handler_Table_Limit      
00005751  __TI_auto_init_nobinit_nopinit
0000549d  __TI_decompress_lzss          
00005af3  __TI_decompress_none          
00005617  __TI_ltoa                     
ffffffff  __TI_pprof_out_hndl           
00000e8d  __TI_printfi                  
ffffffff  __TI_prof_data_size           
ffffffff  __TI_prof_data_start          
00000000  __TI_static_base__            
000059b5  __TI_zero_init_nomemset       
000051c9  __aeabi_cdcmpeq               
000051c9  __aeabi_cdcmple               
0000524f  __aeabi_cdrcmple              
0000542f  __aeabi_d2f                   
00005709  __aeabi_d2iz                  
00003d2b  __aeabi_dadd                  
0000444d  __aeabi_ddiv                  
00004c15  __aeabi_dmul                  
00003d21  __aeabi_dsub                  
00005b25  __aeabi_errno_addr            
0000588d  __aeabi_f2d                   
0000595d  __aeabi_i2d                   
00002b4f  __aeabi_idiv0                 
00002b4f  __aeabi_ldiv0                 
000052d5  __aeabi_memclr                
000052d5  __aeabi_memclr4               
000052d5  __aeabi_memclr8               
00005097  __aeabi_memcpy                
00005097  __aeabi_memcpy4               
00005097  __aeabi_memcpy8               
000052d7  __aeabi_memset                
000052d7  __aeabi_memset4               
000052d7  __aeabi_memset8               
00005133  __aeabi_uldivmod              
ffffffff  __binit__                     
ffffffff  __c_args__                    
0000404d  __kernel_cos                  
000018dd  __kernel_rem_pio2             
00003ed9  __kernel_sin                  
UNDEFED   __mpu_init                    
20000270  __stack                       
20000000  __start___llvm_prf_cnts       
20000000  __stop___llvm_prf_cnts        
000058f9  _c_int00_noargs               
00005c98  _ctypes_                      
20000f18  _lock                         
000018db  _nop                          
20000f2c  _running                      
20000a70  _sys_memory                   
UNDEFED   _system_post_cinit            
00005b35  _system_pre_init              
20000edc  _timeout_ticks                
20000f1c  _unlock                       
00005b39  abort                         
00004b15  aligned_alloc                 
000056bd  atoi                          
000028f5  auto_mode                     
00002d0d  backup                        
ffffffff  binit                         
0000481d  calculateWidth                
00005855  calloc                        
00004d11  ceil                          
00004d11  ceill                         
00005a09  copysign                      
00005a09  copysignl                     
00002015  cos                           
00002015  cosl                          
00005579  cyBOT_Scan                    
00005569  cyBOT_init_Scan               
20000f28  errno                         
20000ee0  fallingEdge                   
20000ef4  flag                          
00004e09  floor                         
00004e09  floorl                        
00004f01  free                          
00005505  frexp                         
00005505  frexpl                        
20000000  g_pfnRAMVectors               
00000000  g_pfnVectors                  
0000097f  go_charge                     
00002e2b  handle_both_bump              
00002d8f  handle_bump                   
00002e05  handle_left_bump              
00002ddf  handle_right_bump             
0000381f  interrupt_init                
0000499b  ir_enableInterrupt            
0000497d  ir_getDistance                
00004955  ir_getValue                   
000048ed  ir_init                       
20000ef5  isRisingEdge                  
20000ee4  isr_int_value                 
00005ae3  lcd_clear                     
00003119  lcd_gotoLine                  
00002f81  lcd_init                      
0000317f  lcd_printf                    
00003041  lcd_putc                      
00003079  lcd_puts                      
00002f45  lcd_reverseNibble             
00003097  lcd_sendCommand               
000030d5  lcd_sendNibble                
00003141  lcd_setCursorPos              
00004a05  ldexp                         
00004a05  ldexpl                        
00002a95  main                          
00005b2d  malloc                        
0000281b  manual_mode                   
00004b15  memalign                      
000059ed  memccpy                       
00005097  memcpy                        
000052dd  memset                        
20000ef6  mode_flag                     
20000ef8  motor_cal_factor_L            
20000efc  motor_cal_factor_R            
00002b51  move_foward                   
0000026d  oi_alloc                      
00000aa9  oi_checkFirmware              
000002c7  oi_close                      
00000279  oi_free                       
00000ded  oi_getMotorCalibrationLeft    
00000e01  oi_getMotorCalibrationRight   
000002b1  oi_init                       
00000289  oi_init_noupdate              
00000915  oi_loadSong                   
00005a53  oi_parseInt                   
0000032b  oi_parsePacket                
0000096b  oi_play_song                  
0000084b  oi_setLeds                    
00000db1  oi_setMotorCalibration        
0000088f  oi_setWheels                  
00000b51  oi_shutoff_init               
0000098d  oi_uartInit                   
00000a31  oi_uartReceive                
00000a77  oi_uartSendBuff               
00000a15  oi_uartSendChar               
00000a59  oi_uartSendStr                
000002d9  oi_update                     
00003aa7  ping_getDistance              
00003965  ping_init                     
000039eb  ping_trigger                  
000048c7  pointToObject                 
000047cd  printResponse                 
00004805  print_data                    
20000ee8  pulseLength                   
20000eec  risingEdge                    
00004a05  scalbn                        
00004a05  scalbnl                       
000025f1  scan_for_objects              
20000ef0  sensor_data                   
000046a9  servo_init                    
0000472d  servo_move                    
00004777  servo_setPWM                  
00004721  servo_stop                    
00005795  sprintf                       
000041b9  sqrt                          
000041b9  sqrtl                         
00005a83  strchr                        
00005a6b  strcmp                        
00005a99  strcpy                        
00005aad  strlen                        
000035fb  timer_getMicros               
000035a3  timer_getMillis               
000034dd  timer_init                    
0000357f  timer_pause                   
00003591  timer_resume                  
00003555  timer_stop                    
00003655  timer_waitMicros              
00003687  timer_waitMillis              
00002e49  travel_to_object              
00002c2f  turn_clockwise                
00002cfb  turn_counterClockwise         
20000ef7  uart_data                     
00003725  uart_init                     
000037e5  uart_sendChar                 
00003801  uart_sendStr                  
000057d5  vsnprintf                     
00005ac1  wcslen                        


GLOBAL SYMBOLS: SORTED BY Symbol Address 

address   name                          
-------   ----                          
00000000  __TI_static_base__            
00000000  g_pfnVectors                  
0000026d  oi_alloc                      
00000279  oi_free                       
00000289  oi_init_noupdate              
000002b1  oi_init                       
000002c7  oi_close                      
000002d9  oi_update                     
0000032b  oi_parsePacket                
00000400  __SYSMEM_SIZE                 
00000800  __STACK_SIZE                  
0000084b  oi_setLeds                    
0000088f  oi_setWheels                  
00000915  oi_loadSong                   
0000096b  oi_play_song                  
0000097f  go_charge                     
0000098d  oi_uartInit                   
00000a15  oi_uartSendChar               
00000a31  oi_uartReceive                
00000a59  oi_uartSendStr                
00000a77  oi_uartSendBuff               
00000aa9  oi_checkFirmware              
00000b51  oi_shutoff_init               
00000bc3  GPIOF_Handler                 
00000db1  oi_setMotorCalibration        
00000ded  oi_getMotorCalibrationLeft    
00000e01  oi_getMotorCalibrationRight   
00000e8d  __TI_printfi                  
000018db  _nop                          
000018dd  __kernel_rem_pio2             
00002015  cos                           
00002015  cosl                          
000025f1  scan_for_objects              
0000281b  manual_mode                   
000028f5  auto_mode                     
00002a95  main                          
00002b4f  __aeabi_idiv0                 
00002b4f  __aeabi_ldiv0                 
00002b51  move_foward                   
00002c2f  turn_clockwise                
00002cfb  turn_counterClockwise         
00002d0d  backup                        
00002d8f  handle_bump                   
00002ddf  handle_right_bump             
00002e05  handle_left_bump              
00002e2b  handle_both_bump              
00002e49  travel_to_object              
00002f45  lcd_reverseNibble             
00002f81  lcd_init                      
00003041  lcd_putc                      
00003079  lcd_puts                      
00003097  lcd_sendCommand               
000030d5  lcd_sendNibble                
00003119  lcd_gotoLine                  
00003141  lcd_setCursorPos              
0000317f  lcd_printf                    
000034dd  timer_init                    
00003555  timer_stop                    
0000357f  timer_pause                   
00003591  timer_resume                  
000035a3  timer_getMillis               
000035fb  timer_getMicros               
00003655  timer_waitMicros              
00003687  timer_waitMillis              
00003725  uart_init                     
000037e5  uart_sendChar                 
00003801  uart_sendStr                  
0000381f  interrupt_init                
00003885  UART1_Handler                 
00003965  ping_init                     
000039eb  ping_trigger                  
00003a55  TIMER3B_Handler               
00003aa7  ping_getDistance              
00003d21  __aeabi_dsub                  
00003d2b  __aeabi_dadd                  
00003ed9  __kernel_sin                  
0000404d  __kernel_cos                  
000041b9  sqrt                          
000041b9  sqrtl                         
0000444d  __aeabi_ddiv                  
000046a9  servo_init                    
00004721  servo_stop                    
0000472d  servo_move                    
00004777  servo_setPWM                  
000047cd  printResponse                 
00004805  print_data                    
0000481d  calculateWidth                
000048c7  pointToObject                 
000048ed  ir_init                       
00004955  ir_getValue                   
0000497d  ir_getDistance                
00004985  ADC0SS0_Handler               
0000499b  ir_enableInterrupt            
00004a05  ldexp                         
00004a05  ldexpl                        
00004a05  scalbn                        
00004a05  scalbnl                       
00004b15  aligned_alloc                 
00004b15  memalign                      
00004c15  __aeabi_dmul                  
00004d11  ceil                          
00004d11  ceill                         
00004e09  floor                         
00004e09  floorl                        
00004f01  free                          
00005097  __aeabi_memcpy                
00005097  __aeabi_memcpy4               
00005097  __aeabi_memcpy8               
00005097  memcpy                        
00005133  __aeabi_uldivmod              
000051c9  __aeabi_cdcmpeq               
000051c9  __aeabi_cdcmple               
0000524f  __aeabi_cdrcmple              
000052d5  __aeabi_memclr                
000052d5  __aeabi_memclr4               
000052d5  __aeabi_memclr8               
000052d7  __aeabi_memset                
000052d7  __aeabi_memset4               
000052d7  __aeabi_memset8               
000052dd  memset                        
0000542f  __aeabi_d2f                   
0000549d  __TI_decompress_lzss          
00005505  frexp                         
00005505  frexpl                        
00005569  cyBOT_init_Scan               
00005579  cyBOT_Scan                    
00005617  __TI_ltoa                     
000056bd  atoi                          
00005709  __aeabi_d2iz                  
00005751  __TI_auto_init_nobinit_nopinit
00005795  sprintf                       
000057d5  vsnprintf                     
00005855  calloc                        
0000588d  __aeabi_f2d                   
000058c5  IntRegister                   
000058f9  _c_int00_noargs               
0000595d  __aeabi_i2d                   
000059b5  __TI_zero_init_nomemset       
000059ed  memccpy                       
00005a09  copysign                      
00005a09  copysignl                     
00005a53  oi_parseInt                   
00005a6b  strcmp                        
00005a83  strchr                        
00005a99  strcpy                        
00005aad  strlen                        
00005ac1  wcslen                        
00005ad3  IntMasterEnable               
00005ae3  lcd_clear                     
00005af3  __TI_decompress_none          
00005b01  CPUcpsie                      
00005b0d  ResetISR                      
00005b25  __aeabi_errno_addr            
00005b2d  malloc                        
00005b35  _system_pre_init              
00005b39  C$$EXIT                       
00005b39  abort                         
00005c98  _ctypes_                      
00005dd0  __TI_Handler_Table_Base       
00005ddc  __TI_Handler_Table_Limit      
00005df0  __TI_CINIT_Base               
00005e08  __TI_CINIT_Limit              
20000000  __start___llvm_prf_cnts       
20000000  __stop___llvm_prf_cnts        
20000000  g_pfnRAMVectors               
20000270  __stack                       
20000470  __STACK_TOP                   
20000a70  __STACK_END                   
20000a70  _sys_memory                   
20000edc  _timeout_ticks                
20000ee0  fallingEdge                   
20000ee4  isr_int_value                 
20000ee8  pulseLength                   
20000eec  risingEdge                    
20000ef0  sensor_data                   
20000ef4  flag                          
20000ef5  isRisingEdge                  
20000ef6  mode_flag                     
20000ef7  uart_data                     
20000ef8  motor_cal_factor_L            
20000efc  motor_cal_factor_R            
20000f18  _lock                         
20000f1c  _unlock                       
20000f28  errno                         
20000f2c  _running                      
ffffffff  __TI_pprof_out_hndl           
ffffffff  __TI_prof_data_size           
ffffffff  __TI_prof_data_start          
ffffffff  __binit__                     
ffffffff  __c_args__                    
ffffffff  binit                         
UNDEFED   __mpu_init                    
UNDEFED   _system_post_cinit            

[193 symbols]
