<?xml version="1.0" encoding="ISO-8859-1" ?>
<link_info>
   <banner>TI ARM Linker PC v20.2.4.LTS</banner>
   <copyright>Copyright (c) 1996-2018 Texas Instruments Incorporated</copyright>
   <link_time>0x617b1314</link_time>
   <link_errors>0x0</link_errors>
   <output_file>lab_8.out</output_file>
   <entry_point>
      <name>_c_int00_noargs</name>
      <address>0x59f5</address>
   </entry_point>
   <input_file_list>
      <input_file id="fl-2">
         <path>.\</path>
         <kind>object</kind>
         <file>Lab6_main.obj</file>
         <name>Lab6_main.obj</name>
      </input_file>
      <input_file id="fl-3">
         <path>.\</path>
         <kind>object</kind>
         <file>Timer.obj</file>
         <name>Timer.obj</name>
      </input_file>
      <input_file id="fl-4">
         <path>.\</path>
         <kind>object</kind>
         <file>adc.obj</file>
         <name>adc.obj</name>
      </input_file>
      <input_file id="fl-5">
         <path>.\</path>
         <kind>object</kind>
         <file>button.obj</file>
         <name>button.obj</name>
      </input_file>
      <input_file id="fl-6">
         <path>.\</path>
         <kind>object</kind>
         <file>extended_simple_mission_main.obj</file>
         <name>extended_simple_mission_main.obj</name>
      </input_file>
      <input_file id="fl-7">
         <path>.\</path>
         <kind>object</kind>
         <file>lcd.obj</file>
         <name>lcd.obj</name>
      </input_file>
      <input_file id="fl-8">
         <path>.\</path>
         <kind>object</kind>
         <file>main.obj</file>
         <name>main.obj</name>
      </input_file>
      <input_file id="fl-9">
         <path>.\</path>
         <kind>object</kind>
         <file>mission_helper.obj</file>
         <name>mission_helper.obj</name>
      </input_file>
      <input_file id="fl-a">
         <path>.\</path>
         <kind>object</kind>
         <file>movement.obj</file>
         <name>movement.obj</name>
      </input_file>
      <input_file id="fl-b">
         <path>.\</path>
         <kind>object</kind>
         <file>open_interface.obj</file>
         <name>open_interface.obj</name>
      </input_file>
      <input_file id="fl-c">
         <path>.\</path>
         <kind>object</kind>
         <file>tm4c123gh6pm_startup_ccs.obj</file>
         <name>tm4c123gh6pm_startup_ccs.obj</name>
      </input_file>
      <input_file id="fl-d">
         <path>.\</path>
         <kind>object</kind>
         <file>uart.obj</file>
         <name>uart.obj</name>
      </input_file>
      <input_file id="fl-15">
         <kind>object</kind>
         <file>&lt;internal&gt;</file>
         <name>&lt;internal&gt;</name>
      </input_file>
      <input_file id="fl-16">
         <path>..\</path>
         <kind>archive</kind>
         <file>libcybotScan.lib</file>
         <name>cyBot_Scan.obj</name>
      </input_file>
      <input_file id="fl-17">
         <path>..\</path>
         <kind>archive</kind>
         <file>libcybotScan.lib</file>
         <name>ir.obj</name>
      </input_file>
      <input_file id="fl-18">
         <path>..\</path>
         <kind>archive</kind>
         <file>libcybotScan.lib</file>
         <name>ping.obj</name>
      </input_file>
      <input_file id="fl-19">
         <path>..\</path>
         <kind>archive</kind>
         <file>libcybotScan.lib</file>
         <name>servo.obj</name>
      </input_file>
      <input_file id="fl-1a">
         <path>C:\ti\TivaWare_C_Series-2.1.4.178\driverlib\ccs\Debug\</path>
         <kind>archive</kind>
         <file>driverlib.lib</file>
         <name>interrupt.obj</name>
      </input_file>
      <input_file id="fl-1b">
         <path>C:\ti\TivaWare_C_Series-2.1.4.178\driverlib\ccs\Debug\</path>
         <kind>archive</kind>
         <file>driverlib.lib</file>
         <name>cpu.obj</name>
      </input_file>
      <input_file id="fl-d1">
         <path>C:\ti\ccs1031\ccs\tools\compiler\ti-cgt-arm_20.2.4.LTS\lib\</path>
         <kind>archive</kind>
         <file>rtsv7M4_T_le_v4SPD16_eabi.lib</file>
         <name>sprintf.c.obj</name>
      </input_file>
      <input_file id="fl-d2">
         <path>C:\ti\ccs1031\ccs\tools\compiler\ti-cgt-arm_20.2.4.LTS\lib\</path>
         <kind>archive</kind>
         <file>rtsv7M4_T_le_v4SPD16_eabi.lib</file>
         <name>vsnprintf.c.obj</name>
      </input_file>
      <input_file id="fl-d3">
         <path>C:\ti\ccs1031\ccs\tools\compiler\ti-cgt-arm_20.2.4.LTS\lib\</path>
         <kind>archive</kind>
         <file>rtsv7M4_T_le_v4SPD16_eabi.lib</file>
         <name>e_sqrt.c.obj</name>
      </input_file>
      <input_file id="fl-d4">
         <path>C:\ti\ccs1031\ccs\tools\compiler\ti-cgt-arm_20.2.4.LTS\lib\</path>
         <kind>archive</kind>
         <file>rtsv7M4_T_le_v4SPD16_eabi.lib</file>
         <name>s_ceil.c.obj</name>
      </input_file>
      <input_file id="fl-d5">
         <path>C:\ti\ccs1031\ccs\tools\compiler\ti-cgt-arm_20.2.4.LTS\lib\</path>
         <kind>archive</kind>
         <file>rtsv7M4_T_le_v4SPD16_eabi.lib</file>
         <name>s_cos.c.obj</name>
      </input_file>
      <input_file id="fl-d6">
         <path>C:\ti\ccs1031\ccs\tools\compiler\ti-cgt-arm_20.2.4.LTS\lib\</path>
         <kind>archive</kind>
         <file>rtsv7M4_T_le_v4SPD16_eabi.lib</file>
         <name>fd_add_t2.asm.obj</name>
      </input_file>
      <input_file id="fl-d7">
         <path>C:\ti\ccs1031\ccs\tools\compiler\ti-cgt-arm_20.2.4.LTS\lib\</path>
         <kind>archive</kind>
         <file>rtsv7M4_T_le_v4SPD16_eabi.lib</file>
         <name>fd_cmp_t2.asm.obj</name>
      </input_file>
      <input_file id="fl-d8">
         <path>C:\ti\ccs1031\ccs\tools\compiler\ti-cgt-arm_20.2.4.LTS\lib\</path>
         <kind>archive</kind>
         <file>rtsv7M4_T_le_v4SPD16_eabi.lib</file>
         <name>fd_div_t2.asm.obj</name>
      </input_file>
      <input_file id="fl-d9">
         <path>C:\ti\ccs1031\ccs\tools\compiler\ti-cgt-arm_20.2.4.LTS\lib\</path>
         <kind>archive</kind>
         <file>rtsv7M4_T_le_v4SPD16_eabi.lib</file>
         <name>fd_mul_t2.asm.obj</name>
      </input_file>
      <input_file id="fl-da">
         <path>C:\ti\ccs1031\ccs\tools\compiler\ti-cgt-arm_20.2.4.LTS\lib\</path>
         <kind>archive</kind>
         <file>rtsv7M4_T_le_v4SPD16_eabi.lib</file>
         <name>fd_toi_t2.asm.obj</name>
      </input_file>
      <input_file id="fl-db">
         <path>C:\ti\ccs1031\ccs\tools\compiler\ti-cgt-arm_20.2.4.LTS\lib\</path>
         <kind>archive</kind>
         <file>rtsv7M4_T_le_v4SPD16_eabi.lib</file>
         <name>fd_tos_t2.asm.obj</name>
      </input_file>
      <input_file id="fl-dc">
         <path>C:\ti\ccs1031\ccs\tools\compiler\ti-cgt-arm_20.2.4.LTS\lib\</path>
         <kind>archive</kind>
         <file>rtsv7M4_T_le_v4SPD16_eabi.lib</file>
         <name>fs_tod_t2.asm.obj</name>
      </input_file>
      <input_file id="fl-dd">
         <path>C:\ti\ccs1031\ccs\tools\compiler\ti-cgt-arm_20.2.4.LTS\lib\</path>
         <kind>archive</kind>
         <file>rtsv7M4_T_le_v4SPD16_eabi.lib</file>
         <name>i_tofd_t2.asm.obj</name>
      </input_file>
      <input_file id="fl-de">
         <path>C:\ti\ccs1031\ccs\tools\compiler\ti-cgt-arm_20.2.4.LTS\lib\</path>
         <kind>archive</kind>
         <file>rtsv7M4_T_le_v4SPD16_eabi.lib</file>
         <name>memcpy_t2.asm.obj</name>
      </input_file>
      <input_file id="fl-df">
         <path>C:\ti\ccs1031\ccs\tools\compiler\ti-cgt-arm_20.2.4.LTS\lib\</path>
         <kind>archive</kind>
         <file>rtsv7M4_T_le_v4SPD16_eabi.lib</file>
         <name>copy_zero_init.c.obj</name>
      </input_file>
      <input_file id="fl-e0">
         <path>C:\ti\ccs1031\ccs\tools\compiler\ti-cgt-arm_20.2.4.LTS\lib\</path>
         <kind>archive</kind>
         <file>rtsv7M4_T_le_v4SPD16_eabi.lib</file>
         <name>copy_decompress_none.c.obj</name>
      </input_file>
      <input_file id="fl-e1">
         <path>C:\ti\ccs1031\ccs\tools\compiler\ti-cgt-arm_20.2.4.LTS\lib\</path>
         <kind>archive</kind>
         <file>rtsv7M4_T_le_v4SPD16_eabi.lib</file>
         <name>copy_decompress_lzss.c.obj</name>
      </input_file>
      <input_file id="fl-e2">
         <path>C:\ti\ccs1031\ccs\tools\compiler\ti-cgt-arm_20.2.4.LTS\lib\</path>
         <kind>archive</kind>
         <file>rtsv7M4_T_le_v4SPD16_eabi.lib</file>
         <name>memory.c.obj</name>
      </input_file>
      <input_file id="fl-e3">
         <path>C:\ti\ccs1031\ccs\tools\compiler\ti-cgt-arm_20.2.4.LTS\lib\</path>
         <kind>archive</kind>
         <file>rtsv7M4_T_le_v4SPD16_eabi.lib</file>
         <name>strcmp.c.obj</name>
      </input_file>
      <input_file id="fl-e4">
         <path>C:\ti\ccs1031\ccs\tools\compiler\ti-cgt-arm_20.2.4.LTS\lib\</path>
         <kind>archive</kind>
         <file>rtsv7M4_T_le_v4SPD16_eabi.lib</file>
         <name>strcpy.c.obj</name>
      </input_file>
      <input_file id="fl-e5">
         <path>C:\ti\ccs1031\ccs\tools\compiler\ti-cgt-arm_20.2.4.LTS\lib\</path>
         <kind>archive</kind>
         <file>rtsv7M4_T_le_v4SPD16_eabi.lib</file>
         <name>k_rem_pio2.c.obj</name>
      </input_file>
      <input_file id="fl-e6">
         <path>C:\ti\ccs1031\ccs\tools\compiler\ti-cgt-arm_20.2.4.LTS\lib\</path>
         <kind>archive</kind>
         <file>rtsv7M4_T_le_v4SPD16_eabi.lib</file>
         <name>errno.c.obj</name>
      </input_file>
      <input_file id="fl-e7">
         <path>C:\ti\ccs1031\ccs\tools\compiler\ti-cgt-arm_20.2.4.LTS\lib\</path>
         <kind>archive</kind>
         <file>rtsv7M4_T_le_v4SPD16_eabi.lib</file>
         <name>boot_cortex_m.c.obj</name>
      </input_file>
      <input_file id="fl-e8">
         <path>C:\ti\ccs1031\ccs\tools\compiler\ti-cgt-arm_20.2.4.LTS\lib\</path>
         <kind>archive</kind>
         <file>rtsv7M4_T_le_v4SPD16_eabi.lib</file>
         <name>_printfi.c.obj</name>
      </input_file>
      <input_file id="fl-e9">
         <path>C:\ti\ccs1031\ccs\tools\compiler\ti-cgt-arm_20.2.4.LTS\lib\</path>
         <kind>archive</kind>
         <file>rtsv7M4_T_le_v4SPD16_eabi.lib</file>
         <name>k_cos.c.obj</name>
      </input_file>
      <input_file id="fl-ea">
         <path>C:\ti\ccs1031\ccs\tools\compiler\ti-cgt-arm_20.2.4.LTS\lib\</path>
         <kind>archive</kind>
         <file>rtsv7M4_T_le_v4SPD16_eabi.lib</file>
         <name>k_sin.c.obj</name>
      </input_file>
      <input_file id="fl-eb">
         <path>C:\ti\ccs1031\ccs\tools\compiler\ti-cgt-arm_20.2.4.LTS\lib\</path>
         <kind>archive</kind>
         <file>rtsv7M4_T_le_v4SPD16_eabi.lib</file>
         <name>s_floor.c.obj</name>
      </input_file>
      <input_file id="fl-ec">
         <path>C:\ti\ccs1031\ccs\tools\compiler\ti-cgt-arm_20.2.4.LTS\lib\</path>
         <kind>archive</kind>
         <file>rtsv7M4_T_le_v4SPD16_eabi.lib</file>
         <name>s_frexp.c.obj</name>
      </input_file>
      <input_file id="fl-ed">
         <path>C:\ti\ccs1031\ccs\tools\compiler\ti-cgt-arm_20.2.4.LTS\lib\</path>
         <kind>archive</kind>
         <file>rtsv7M4_T_le_v4SPD16_eabi.lib</file>
         <name>s_scalbn.c.obj</name>
      </input_file>
      <input_file id="fl-ee">
         <path>C:\ti\ccs1031\ccs\tools\compiler\ti-cgt-arm_20.2.4.LTS\lib\</path>
         <kind>archive</kind>
         <file>rtsv7M4_T_le_v4SPD16_eabi.lib</file>
         <name>s_copysign.c.obj</name>
      </input_file>
      <input_file id="fl-ef">
         <path>C:\ti\ccs1031\ccs\tools\compiler\ti-cgt-arm_20.2.4.LTS\lib\</path>
         <kind>archive</kind>
         <file>rtsv7M4_T_le_v4SPD16_eabi.lib</file>
         <name>ull_div_t2.asm.obj</name>
      </input_file>
      <input_file id="fl-f0">
         <path>C:\ti\ccs1031\ccs\tools\compiler\ti-cgt-arm_20.2.4.LTS\lib\</path>
         <kind>archive</kind>
         <file>rtsv7M4_T_le_v4SPD16_eabi.lib</file>
         <name>memset_t2.asm.obj</name>
      </input_file>
      <input_file id="fl-f1">
         <path>C:\ti\ccs1031\ccs\tools\compiler\ti-cgt-arm_20.2.4.LTS\lib\</path>
         <kind>archive</kind>
         <file>rtsv7M4_T_le_v4SPD16_eabi.lib</file>
         <name>autoinit.c.obj</name>
      </input_file>
      <input_file id="fl-f2">
         <path>C:\ti\ccs1031\ccs\tools\compiler\ti-cgt-arm_20.2.4.LTS\lib\</path>
         <kind>archive</kind>
         <file>rtsv7M4_T_le_v4SPD16_eabi.lib</file>
         <name>pre_init.c.obj</name>
      </input_file>
      <input_file id="fl-f3">
         <path>C:\ti\ccs1031\ccs\tools\compiler\ti-cgt-arm_20.2.4.LTS\lib\</path>
         <kind>archive</kind>
         <file>rtsv7M4_T_le_v4SPD16_eabi.lib</file>
         <name>cpy_tbl.c.obj</name>
      </input_file>
      <input_file id="fl-f4">
         <path>C:\ti\ccs1031\ccs\tools\compiler\ti-cgt-arm_20.2.4.LTS\lib\</path>
         <kind>archive</kind>
         <file>rtsv7M4_T_le_v4SPD16_eabi.lib</file>
         <name>exit.c.obj</name>
      </input_file>
      <input_file id="fl-f5">
         <path>C:\ti\ccs1031\ccs\tools\compiler\ti-cgt-arm_20.2.4.LTS\lib\</path>
         <kind>archive</kind>
         <file>rtsv7M4_T_le_v4SPD16_eabi.lib</file>
         <name>_lock.c.obj</name>
      </input_file>
      <input_file id="fl-f6">
         <path>C:\ti\ccs1031\ccs\tools\compiler\ti-cgt-arm_20.2.4.LTS\lib\</path>
         <kind>archive</kind>
         <file>rtsv7M4_T_le_v4SPD16_eabi.lib</file>
         <name>_ltoa.c.obj</name>
      </input_file>
      <input_file id="fl-f7">
         <path>C:\ti\ccs1031\ccs\tools\compiler\ti-cgt-arm_20.2.4.LTS\lib\</path>
         <kind>archive</kind>
         <file>rtsv7M4_T_le_v4SPD16_eabi.lib</file>
         <name>args_main.c.obj</name>
      </input_file>
      <input_file id="fl-f8">
         <path>C:\ti\ccs1031\ccs\tools\compiler\ti-cgt-arm_20.2.4.LTS\lib\</path>
         <kind>archive</kind>
         <file>rtsv7M4_T_le_v4SPD16_eabi.lib</file>
         <name>atoi.c.obj</name>
      </input_file>
      <input_file id="fl-f9">
         <path>C:\ti\ccs1031\ccs\tools\compiler\ti-cgt-arm_20.2.4.LTS\lib\</path>
         <kind>archive</kind>
         <file>rtsv7M4_T_le_v4SPD16_eabi.lib</file>
         <name>ctype.c.obj</name>
      </input_file>
      <input_file id="fl-fa">
         <path>C:\ti\ccs1031\ccs\tools\compiler\ti-cgt-arm_20.2.4.LTS\lib\</path>
         <kind>archive</kind>
         <file>rtsv7M4_T_le_v4SPD16_eabi.lib</file>
         <name>memccpy.c.obj</name>
      </input_file>
      <input_file id="fl-fb">
         <path>C:\ti\ccs1031\ccs\tools\compiler\ti-cgt-arm_20.2.4.LTS\lib\</path>
         <kind>archive</kind>
         <file>rtsv7M4_T_le_v4SPD16_eabi.lib</file>
         <name>strchr.c.obj</name>
      </input_file>
      <input_file id="fl-fc">
         <path>C:\ti\ccs1031\ccs\tools\compiler\ti-cgt-arm_20.2.4.LTS\lib\</path>
         <kind>archive</kind>
         <file>rtsv7M4_T_le_v4SPD16_eabi.lib</file>
         <name>strlen.c.obj</name>
      </input_file>
      <input_file id="fl-fd">
         <path>C:\ti\ccs1031\ccs\tools\compiler\ti-cgt-arm_20.2.4.LTS\lib\</path>
         <kind>archive</kind>
         <file>rtsv7M4_T_le_v4SPD16_eabi.lib</file>
         <name>wcslen.c.obj</name>
      </input_file>
      <input_file id="fl-fe">
         <path>C:\ti\ccs1031\ccs\tools\compiler\ti-cgt-arm_20.2.4.LTS\lib\</path>
         <kind>archive</kind>
         <file>rtsv7M4_T_le_v4SPD16_eabi.lib</file>
         <name>div0.asm.obj</name>
      </input_file>
   </input_file_list>
   <object_component_list>
      <object_component id="oc-12">
         <name>.intvecs</name>
         <load_address>0x0</load_address>
         <run_address>0x0</run_address>
         <size>0x26c</size>
         <input_file_ref idref="fl-c"/>
      </object_component>
      <object_component id="oc-107">
         <name>.text</name>
         <load_address>0x26c</load_address>
         <run_address>0x26c</run_address>
         <size>0xc20</size>
         <input_file_ref idref="fl-b"/>
      </object_component>
      <object_component id="oc-1d5">
         <name>.text:__TI_printfi</name>
         <load_address>0xe8c</load_address>
         <run_address>0xe8c</run_address>
         <size>0xa4e</size>
         <input_file_ref idref="fl-e8"/>
      </object_component>
      <object_component id="oc-320">
         <name>.text:_nop</name>
         <load_address>0x18da</load_address>
         <run_address>0x18da</run_address>
         <size>0x2</size>
         <input_file_ref idref="fl-f5"/>
      </object_component>
      <object_component id="oc-2b1">
         <name>.text:__kernel_rem_pio2</name>
         <load_address>0x18dc</load_address>
         <run_address>0x18dc</run_address>
         <size>0x738</size>
         <input_file_ref idref="fl-e5"/>
      </object_component>
      <object_component id="oc-1b4">
         <name>.text:cos</name>
         <load_address>0x2014</load_address>
         <run_address>0x2014</run_address>
         <size>0x5dc</size>
         <input_file_ref idref="fl-d5"/>
      </object_component>
      <object_component id="oc-a2">
         <name>.text</name>
         <load_address>0x25f0</load_address>
         <run_address>0x25f0</run_address>
         <size>0x550</size>
         <input_file_ref idref="fl-6"/>
      </object_component>
      <object_component id="oc-fb">
         <name>.text</name>
         <load_address>0x2b40</load_address>
         <run_address>0x2b40</run_address>
         <size>0x3f4</size>
         <input_file_ref idref="fl-a"/>
      </object_component>
      <object_component id="oc-e9">
         <name>.text</name>
         <load_address>0x2f34</load_address>
         <run_address>0x2f34</run_address>
         <size>0x328</size>
         <input_file_ref idref="fl-7"/>
      </object_component>
      <object_component id="oc-2f8">
         <name>.text:_pconv_a</name>
         <load_address>0x325c</load_address>
         <run_address>0x325c</run_address>
         <size>0x270</size>
         <input_file_ref idref="fl-e8"/>
      </object_component>
      <object_component id="oc-117">
         <name>.text</name>
         <load_address>0x34cc</load_address>
         <run_address>0x34cc</run_address>
         <size>0x258</size>
         <input_file_ref idref="fl-d"/>
      </object_component>
      <object_component id="oc-111">
         <name>.text</name>
         <load_address>0x3724</load_address>
         <run_address>0x3724</run_address>
         <size>0x248</size>
         <input_file_ref idref="fl-3"/>
      </object_component>
      <object_component id="oc-173">
         <name>.text</name>
         <load_address>0x396c</load_address>
         <run_address>0x396c</run_address>
         <size>0x1ec</size>
         <input_file_ref idref="fl-18"/>
      </object_component>
      <object_component id="oc-2e6">
         <name>.text:_pconv_g</name>
         <load_address>0x3b58</load_address>
         <run_address>0x3b58</run_address>
         <size>0x1d0</size>
         <input_file_ref idref="fl-e8"/>
      </object_component>
      <object_component id="oc-1ba">
         <name>.text</name>
         <load_address>0x3d28</load_address>
         <run_address>0x3d28</run_address>
         <size>0x1b6</size>
         <input_file_ref idref="fl-d6"/>
      </object_component>
      <object_component id="oc-420">
         <name>.text</name>
         <load_address>0x3ede</load_address>
         <run_address>0x3ede</run_address>
         <size>0x2</size>
         <input_file_ref idref="fl-fe"/>
      </object_component>
      <object_component id="oc-2b7">
         <name>.text:__kernel_sin</name>
         <load_address>0x3ee0</load_address>
         <run_address>0x3ee0</run_address>
         <size>0x174</size>
         <input_file_ref idref="fl-ea"/>
      </object_component>
      <object_component id="oc-2ab">
         <name>.text:__kernel_cos</name>
         <load_address>0x4054</load_address>
         <run_address>0x4054</run_address>
         <size>0x16c</size>
         <input_file_ref idref="fl-e9"/>
      </object_component>
      <object_component id="oc-1bf">
         <name>.text:sqrt</name>
         <load_address>0x41c0</load_address>
         <run_address>0x41c0</run_address>
         <size>0x158</size>
         <input_file_ref idref="fl-d3"/>
      </object_component>
      <object_component id="oc-2f2">
         <name>.text:_pconv_e</name>
         <load_address>0x4318</load_address>
         <run_address>0x4318</run_address>
         <size>0x13c</size>
         <input_file_ref idref="fl-e8"/>
      </object_component>
      <object_component id="oc-1af">
         <name>.text</name>
         <load_address>0x4454</load_address>
         <run_address>0x4454</run_address>
         <size>0x136</size>
         <input_file_ref idref="fl-d8"/>
      </object_component>
      <object_component id="oc-3b8">
         <name>.text:fcvt</name>
         <load_address>0x458c</load_address>
         <run_address>0x458c</run_address>
         <size>0x124</size>
         <input_file_ref idref="fl-e8"/>
      </object_component>
      <object_component id="oc-16d">
         <name>.text</name>
         <load_address>0x46b0</load_address>
         <run_address>0x46b0</run_address>
         <size>0x124</size>
         <input_file_ref idref="fl-19"/>
      </object_component>
      <object_component id="oc-ef">
         <name>.text</name>
         <load_address>0x47d4</load_address>
         <run_address>0x47d4</run_address>
         <size>0x120</size>
         <input_file_ref idref="fl-9"/>
      </object_component>
      <object_component id="oc-179">
         <name>.text</name>
         <load_address>0x48f4</load_address>
         <run_address>0x48f4</run_address>
         <size>0x118</size>
         <input_file_ref idref="fl-17"/>
      </object_component>
      <object_component id="oc-36f">
         <name>.text:scalbn</name>
         <load_address>0x4a0c</load_address>
         <run_address>0x4a0c</run_address>
         <size>0x110</size>
         <input_file_ref idref="fl-ed"/>
      </object_component>
      <object_component id="oc-166">
         <name>.text:aligned_alloc</name>
         <load_address>0x4b1c</load_address>
         <run_address>0x4b1c</run_address>
         <size>0x100</size>
         <input_file_ref idref="fl-e2"/>
      </object_component>
      <object_component id="oc-1aa">
         <name>.text</name>
         <load_address>0x4c1c</load_address>
         <run_address>0x4c1c</run_address>
         <size>0xfc</size>
         <input_file_ref idref="fl-d9"/>
      </object_component>
      <object_component id="oc-1c5">
         <name>.text:ceil</name>
         <load_address>0x4d18</load_address>
         <run_address>0x4d18</run_address>
         <size>0xf8</size>
         <input_file_ref idref="fl-d4"/>
      </object_component>
      <object_component id="oc-375">
         <name>.text:floor</name>
         <load_address>0x4e10</load_address>
         <run_address>0x4e10</run_address>
         <size>0xf8</size>
         <input_file_ref idref="fl-eb"/>
      </object_component>
      <object_component id="oc-e3">
         <name>.text</name>
         <load_address>0x4f08</load_address>
         <run_address>0x4f08</run_address>
         <size>0xf4</size>
         <input_file_ref idref="fl-4"/>
      </object_component>
      <object_component id="oc-101">
         <name>.text:free</name>
         <load_address>0x4ffc</load_address>
         <run_address>0x4ffc</run_address>
         <size>0xe4</size>
         <input_file_ref idref="fl-e2"/>
      </object_component>
      <object_component id="oc-2e0">
         <name>.text:_ltostr</name>
         <load_address>0x50e0</load_address>
         <run_address>0x50e0</run_address>
         <size>0xb1</size>
         <input_file_ref idref="fl-e8"/>
      </object_component>
      <object_component id="oc-3e">
         <name>.text</name>
         <load_address>0x5192</load_address>
         <run_address>0x5192</run_address>
         <size>0x9c</size>
         <input_file_ref idref="fl-de"/>
      </object_component>
      <object_component id="oc-39f">
         <name>.text</name>
         <load_address>0x522e</load_address>
         <run_address>0x522e</run_address>
         <size>0x96</size>
         <input_file_ref idref="fl-ef"/>
      </object_component>
      <object_component id="oc-1e9">
         <name>.text:__aeabi_cdcmple</name>
         <load_address>0x52c4</load_address>
         <run_address>0x52c4</run_address>
         <size>0x86</size>
         <input_file_ref idref="fl-d7"/>
      </object_component>
      <object_component id="oc-1ee">
         <name>.text:__aeabi_cdrcmple</name>
         <load_address>0x534a</load_address>
         <run_address>0x534a</run_address>
         <size>0x86</size>
         <input_file_ref idref="fl-d7"/>
      </object_component>
      <object_component id="oc-96">
         <name>.text</name>
         <load_address>0x53d0</load_address>
         <run_address>0x53d0</run_address>
         <size>0x7a</size>
         <input_file_ref idref="fl-f0"/>
      </object_component>
      <object_component id="oc-26d">
         <name>.text:split</name>
         <load_address>0x544c</load_address>
         <run_address>0x544c</run_address>
         <size>0x70</size>
         <input_file_ref idref="fl-e2"/>
      </object_component>
      <object_component id="oc-3b1">
         <name>.text:_mcpy</name>
         <load_address>0x54bc</load_address>
         <run_address>0x54bc</run_address>
         <size>0x6e</size>
         <input_file_ref idref="fl-e8"/>
      </object_component>
      <object_component id="oc-224">
         <name>.text</name>
         <load_address>0x552a</load_address>
         <run_address>0x552a</run_address>
         <size>0x6e</size>
         <input_file_ref idref="fl-db"/>
      </object_component>
      <object_component id="oc-15">
         <name>.text:decompress:lzss:__TI_decompress_lzss</name>
         <load_address>0x5598</load_address>
         <run_address>0x5598</run_address>
         <size>0x68</size>
         <input_file_ref idref="fl-e1"/>
      </object_component>
      <object_component id="oc-3c6">
         <name>.text:frexp</name>
         <load_address>0x5600</load_address>
         <run_address>0x5600</run_address>
         <size>0x64</size>
         <input_file_ref idref="fl-ec"/>
      </object_component>
      <object_component id="oc-dd">
         <name>.text</name>
         <load_address>0x5664</load_address>
         <run_address>0x5664</run_address>
         <size>0x58</size>
         <input_file_ref idref="fl-16"/>
      </object_component>
      <object_component id="oc-2ec">
         <name>.text:_pconv_f</name>
         <load_address>0x56bc</load_address>
         <run_address>0x56bc</run_address>
         <size>0x56</size>
         <input_file_ref idref="fl-e8"/>
      </object_component>
      <object_component id="oc-3a5">
         <name>.text:__TI_ltoa</name>
         <load_address>0x5712</load_address>
         <run_address>0x5712</run_address>
         <size>0x54</size>
         <input_file_ref idref="fl-f6"/>
      </object_component>
      <object_component id="oc-3ab">
         <name>.text:_ecpy</name>
         <load_address>0x5766</load_address>
         <run_address>0x5766</run_address>
         <size>0x52</size>
         <input_file_ref idref="fl-e8"/>
      </object_component>
      <object_component id="oc-2da">
         <name>.text:atoi</name>
         <load_address>0x57b8</load_address>
         <run_address>0x57b8</run_address>
         <size>0x4c</size>
         <input_file_ref idref="fl-f8"/>
      </object_component>
      <object_component id="oc-1cb">
         <name>.text</name>
         <load_address>0x5804</load_address>
         <run_address>0x5804</run_address>
         <size>0x48</size>
         <input_file_ref idref="fl-da"/>
      </object_component>
      <object_component id="oc-132">
         <name>.text:__TI_auto_init_nobinit_nopinit:__TI_auto_init_nobinit_nopinit</name>
         <load_address>0x584c</load_address>
         <run_address>0x584c</run_address>
         <size>0x44</size>
         <input_file_ref idref="fl-f1"/>
      </object_component>
      <object_component id="oc-f5">
         <name>.text:sprintf</name>
         <load_address>0x5890</load_address>
         <run_address>0x5890</run_address>
         <size>0x40</size>
         <input_file_ref idref="fl-d1"/>
      </object_component>
      <object_component id="oc-189">
         <name>.text:vsnprintf</name>
         <load_address>0x58d0</load_address>
         <run_address>0x58d0</run_address>
         <size>0x40</size>
         <input_file_ref idref="fl-d2"/>
      </object_component>
      <object_component id="oc-3be">
         <name>.text:_fcpy</name>
         <load_address>0x5910</load_address>
         <run_address>0x5910</run_address>
         <size>0x3e</size>
         <input_file_ref idref="fl-e8"/>
      </object_component>
      <object_component id="oc-205">
         <name>.text:calloc</name>
         <load_address>0x5950</load_address>
         <run_address>0x5950</run_address>
         <size>0x38</size>
         <input_file_ref idref="fl-e2"/>
      </object_component>
      <object_component id="oc-229">
         <name>.text</name>
         <load_address>0x5988</load_address>
         <run_address>0x5988</run_address>
         <size>0x38</size>
         <input_file_ref idref="fl-dc"/>
      </object_component>
      <object_component id="oc-212">
         <name>.text:IntRegister</name>
         <load_address>0x59c0</load_address>
         <run_address>0x59c0</run_address>
         <size>0x34</size>
         <input_file_ref idref="fl-1a"/>
      </object_component>
      <object_component id="oc-5c">
         <name>.text:_c_int00_noargs:_c_int00_noargs</name>
         <load_address>0x59f4</load_address>
         <run_address>0x59f4</run_address>
         <size>0x34</size>
         <input_file_ref idref="fl-e7"/>
      </object_component>
      <object_component id="oc-28a">
         <name>.text:_outs</name>
         <load_address>0x5a28</load_address>
         <run_address>0x5a28</run_address>
         <size>0x30</size>
         <input_file_ref idref="fl-d2"/>
      </object_component>
      <object_component id="oc-1a5">
         <name>.text</name>
         <load_address>0x5a58</load_address>
         <run_address>0x5a58</run_address>
         <size>0x2e</size>
         <input_file_ref idref="fl-dd"/>
      </object_component>
      <object_component id="oc-1fb">
         <name>.text:free_list_insert</name>
         <load_address>0x5a88</load_address>
         <run_address>0x5a88</run_address>
         <size>0x28</size>
         <input_file_ref idref="fl-e2"/>
      </object_component>
      <object_component id="oc-4a">
         <name>.text:decompress:ZI:__TI_zero_init_nomemset:__TI_zero_init_nomemset</name>
         <load_address>0x5ab0</load_address>
         <run_address>0x5ab0</run_address>
         <size>0x1c</size>
         <input_file_ref idref="fl-df"/>
      </object_component>
      <object_component id="oc-1f5">
         <name>.text:free_list_remove</name>
         <load_address>0x5acc</load_address>
         <run_address>0x5acc</run_address>
         <size>0x1c</size>
         <input_file_ref idref="fl-e2"/>
      </object_component>
      <object_component id="oc-2fe">
         <name>.text:memccpy</name>
         <load_address>0x5ae8</load_address>
         <run_address>0x5ae8</run_address>
         <size>0x1c</size>
         <input_file_ref idref="fl-fa"/>
      </object_component>
      <object_component id="oc-400">
         <name>.text:copysign</name>
         <load_address>0x5b04</load_address>
         <run_address>0x5b04</run_address>
         <size>0x1a</size>
         <input_file_ref idref="fl-ee"/>
      </object_component>
      <object_component id="oc-290">
         <name>.text:_outc</name>
         <load_address>0x5b1e</load_address>
         <run_address>0x5b1e</run_address>
         <size>0x18</size>
         <input_file_ref idref="fl-d2"/>
      </object_component>
      <object_component id="oc-1db">
         <name>.text:_outs</name>
         <load_address>0x5b36</load_address>
         <run_address>0x5b36</run_address>
         <size>0x18</size>
         <input_file_ref idref="fl-d1"/>
      </object_component>
      <object_component id="oc-20b">
         <name>.text:oi_parseInt</name>
         <load_address>0x5b4e</load_address>
         <run_address>0x5b4e</run_address>
         <size>0x18</size>
         <input_file_ref idref="fl-b"/>
      </object_component>
      <object_component id="oc-18f">
         <name>.text:strcmp</name>
         <load_address>0x5b66</load_address>
         <run_address>0x5b66</run_address>
         <size>0x18</size>
         <input_file_ref idref="fl-e3"/>
      </object_component>
      <object_component id="oc-3cc">
         <name>.text:strchr</name>
         <load_address>0x5b7e</load_address>
         <run_address>0x5b7e</run_address>
         <size>0x16</size>
         <input_file_ref idref="fl-fb"/>
      </object_component>
      <object_component id="oc-195">
         <name>.text:strcpy</name>
         <load_address>0x5b94</load_address>
         <run_address>0x5b94</run_address>
         <size>0x14</size>
         <input_file_ref idref="fl-e4"/>
      </object_component>
      <object_component id="oc-2d4">
         <name>.text:strlen</name>
         <load_address>0x5ba8</load_address>
         <run_address>0x5ba8</run_address>
         <size>0x14</size>
         <input_file_ref idref="fl-fc"/>
      </object_component>
      <object_component id="oc-304">
         <name>.text:wcslen</name>
         <load_address>0x5bbc</load_address>
         <run_address>0x5bbc</run_address>
         <size>0x12</size>
         <input_file_ref idref="fl-fd"/>
      </object_component>
      <object_component id="oc-218">
         <name>.text:IntMasterEnable</name>
         <load_address>0x5bce</load_address>
         <run_address>0x5bce</run_address>
         <size>0x10</size>
         <input_file_ref idref="fl-1a"/>
      </object_component>
      <object_component id="oc-182">
         <name>.text:lcd_clear</name>
         <load_address>0x5bde</load_address>
         <run_address>0x5bde</run_address>
         <size>0x10</size>
         <input_file_ref idref="fl-7"/>
      </object_component>
      <object_component id="oc-1b">
         <name>.text:decompress:none:__TI_decompress_none</name>
         <load_address>0x5bee</load_address>
         <run_address>0x5bee</run_address>
         <size>0xe</size>
         <input_file_ref idref="fl-e0"/>
      </object_component>
      <object_component id="oc-335">
         <name>.text:CPUcpsie</name>
         <load_address>0x5bfc</load_address>
         <run_address>0x5bfc</run_address>
         <size>0xc</size>
         <input_file_ref idref="fl-1b"/>
      </object_component>
      <object_component id="oc-2a">
         <name>.text</name>
         <load_address>0x5c08</load_address>
         <run_address>0x5c08</run_address>
         <size>0xc</size>
         <input_file_ref idref="fl-c"/>
      </object_component>
      <object_component id="oc-1e1">
         <name>.text:_outc</name>
         <load_address>0x5c14</load_address>
         <run_address>0x5c14</run_address>
         <size>0xa</size>
         <input_file_ref idref="fl-d1"/>
      </object_component>
      <object_component id="oc-2c5">
         <name>.text:__aeabi_errno_addr</name>
         <load_address>0x5c20</load_address>
         <run_address>0x5c20</run_address>
         <size>0x8</size>
         <input_file_ref idref="fl-e6"/>
      </object_component>
      <object_component id="oc-d7">
         <name>.text:malloc</name>
         <load_address>0x5c28</load_address>
         <run_address>0x5c28</run_address>
         <size>0x8</size>
         <input_file_ref idref="fl-e2"/>
      </object_component>
      <object_component id="oc-9c">
         <name>.text:_system_pre_init</name>
         <load_address>0x5c30</load_address>
         <run_address>0x5c30</run_address>
         <size>0x4</size>
         <input_file_ref idref="fl-f2"/>
      </object_component>
      <object_component id="oc-126">
         <name>.text:abort:abort</name>
         <load_address>0x5c34</load_address>
         <run_address>0x5c34</run_address>
         <size>0x4</size>
         <input_file_ref idref="fl-f4"/>
      </object_component>
      <object_component id="oc-37b">
         <name>.const:$O1$$</name>
         <load_address>0x5c38</load_address>
         <run_address>0x5c38</run_address>
         <size>0x158</size>
         <input_file_ref idref="fl-e5"/>
      </object_component>
      <object_component id="oc-39a">
         <name>.const:.string:_ctypes_</name>
         <load_address>0x5d90</load_address>
         <run_address>0x5d90</run_address>
         <size>0x101</size>
         <input_file_ref idref="fl-f9"/>
      </object_component>
      <object_component id="oc-221">
         <name>.const:.string:$P$T0$3</name>
         <load_address>0x5e91</load_address>
         <run_address>0x5e91</run_address>
         <size>0xf</size>
         <input_file_ref idref="fl-b"/>
      </object_component>
      <object_component id="oc-1d0">
         <name>.const:.string:$P$T0$1</name>
         <load_address>0x5ea0</load_address>
         <run_address>0x5ea0</run_address>
         <size>0x8</size>
         <input_file_ref idref="fl-9"/>
      </object_component>
      <object_component id="oc-19b">
         <name>.const:.string:lineAddress$1</name>
         <load_address>0x5ea8</load_address>
         <run_address>0x5ea8</run_address>
         <size>0x4</size>
         <input_file_ref idref="fl-7"/>
      </object_component>
      <object_component id="oc-19c">
         <name>.const:.string:lineAddresses$2</name>
         <load_address>0x5eac</load_address>
         <run_address>0x5eac</run_address>
         <size>0x4</size>
         <input_file_ref idref="fl-7"/>
      </object_component>
      <object_component id="oc-478">
         <name>.cinit..data.load</name>
         <load_address>0x5eb0</load_address>
         <run_address>0x5eb0</run_address>
         <size>0x18</size>
      </object_component>
      <object_component id="oc-475">
         <name>__TI_handler_table</name>
         <load_address>0x5ec8</load_address>
         <run_address>0x5ec8</run_address>
         <size>0xc</size>
      </object_component>
      <object_component id="oc-479">
         <name>.cinit..bss.load</name>
         <load_address>0x5ed8</load_address>
         <run_address>0x5ed8</run_address>
         <size>0x8</size>
      </object_component>
      <object_component id="oc-477">
         <name>.cinit..vtable.load</name>
         <load_address>0x5ee0</load_address>
         <run_address>0x5ee0</run_address>
         <size>0x8</size>
      </object_component>
      <object_component id="oc-476">
         <name>__TI_cinit_table</name>
         <load_address>0x5ee8</load_address>
         <run_address>0x5ee8</run_address>
         <size>0x18</size>
      </object_component>
      <object_component id="oc-32b">
         <name>.vtable</name>
         <uninitialized>true</uninitialized>
         <run_address>0x20000000</run_address>
         <size>0x26c</size>
         <input_file_ref idref="fl-1a"/>
      </object_component>
      <object_component id="oc-238">
         <name>.data</name>
         <load_address>0x20000f30</load_address>
         <run_address>0x20000f30</run_address>
         <size>0x1</size>
         <input_file_ref idref="fl-3"/>
      </object_component>
      <object_component id="oc-21e">
         <name>.data</name>
         <load_address>0x20000efc</load_address>
         <run_address>0x20000efc</run_address>
         <size>0x20</size>
         <input_file_ref idref="fl-b"/>
      </object_component>
      <object_component id="oc-273">
         <name>.data:$O1$$</name>
         <load_address>0x20000f24</load_address>
         <run_address>0x20000f24</run_address>
         <size>0x8</size>
         <input_file_ref idref="fl-e2"/>
      </object_component>
      <object_component id="oc-38f">
         <name>.data</name>
         <load_address>0x20000f2c</load_address>
         <run_address>0x20000f2c</run_address>
         <size>0x4</size>
         <input_file_ref idref="fl-e6"/>
      </object_component>
      <object_component id="oc-201">
         <name>.data:$O1$$</name>
         <load_address>0x20000f1c</load_address>
         <run_address>0x20000f1c</run_address>
         <size>0x8</size>
         <input_file_ref idref="fl-f5"/>
      </object_component>
      <object_component id="oc-19d">
         <name>.bss:lastbuffer$3</name>
         <uninitialized>true</uninitialized>
         <run_address>0x20000e70</run_address>
         <size>0x54</size>
         <input_file_ref idref="fl-7"/>
      </object_component>
      <object_component id="oc-22e">
         <name>.bss:firmware$2</name>
         <uninitialized>true</uninitialized>
         <run_address>0x20000ec4</run_address>
         <size>0x18</size>
         <input_file_ref idref="fl-b"/>
      </object_component>
      <object_component id="oc-23b">
         <name>.common:_timeout_ticks</name>
         <uninitialized>true</uninitialized>
         <run_address>0x20000edc</run_address>
         <size>0x4</size>
      </object_component>
      <object_component id="oc-11d">
         <name>.common:sensor_data</name>
         <uninitialized>true</uninitialized>
         <run_address>0x20000ef4</run_address>
         <size>0x4</size>
      </object_component>
      <object_component id="oc-10d">
         <name>.common:uart_data</name>
         <uninitialized>true</uninitialized>
         <run_address>0x20000efa</run_address>
         <size>0x1</size>
      </object_component>
      <object_component id="oc-23d">
         <name>.common:measurement_flag</name>
         <uninitialized>true</uninitialized>
         <run_address>0x20000ee8</run_address>
         <size>0x4</size>
      </object_component>
      <object_component id="oc-110">
         <name>.common:mode_flag</name>
         <uninitialized>true</uninitialized>
         <run_address>0x20000ef9</run_address>
         <size>0x1</size>
      </object_component>
      <object_component id="oc-27f">
         <name>.common:isr_int_value</name>
         <uninitialized>true</uninitialized>
         <run_address>0x20000ee4</run_address>
         <size>0x4</size>
      </object_component>
      <object_component id="oc-27b">
         <name>.common:risingEdge</name>
         <uninitialized>true</uninitialized>
         <run_address>0x20000ef0</run_address>
         <size>0x4</size>
      </object_component>
      <object_component id="oc-27c">
         <name>.common:fallingEdge</name>
         <uninitialized>true</uninitialized>
         <run_address>0x20000ee0</run_address>
         <size>0x4</size>
      </object_component>
      <object_component id="oc-27d">
         <name>.common:pulseLength</name>
         <uninitialized>true</uninitialized>
         <run_address>0x20000eec</run_address>
         <size>0x4</size>
      </object_component>
      <object_component id="oc-278">
         <name>.common:isRisingEdge</name>
         <uninitialized>true</uninitialized>
         <run_address>0x20000ef8</run_address>
         <size>0x1</size>
      </object_component>
      <object_component id="oc-24">
         <name>.sysmem</name>
         <uninitialized>true</uninitialized>
         <run_address>0x20000a70</run_address>
         <size>0x10</size>
         <input_file_ref idref="fl-e2"/>
      </object_component>
      <object_component id="oc-47c">
         <name>.sysmem</name>
         <uninitialized>true</uninitialized>
         <run_address>0x20000a70</run_address>
         <size>0x0</size>
      </object_component>
      <object_component id="oc-27">
         <name>.stack</name>
         <uninitialized>true</uninitialized>
         <run_address>0x20000270</run_address>
         <size>0x4</size>
         <input_file_ref idref="fl-e7"/>
      </object_component>
      <object_component id="oc-47b">
         <name>.stack</name>
         <uninitialized>true</uninitialized>
         <run_address>0x20000270</run_address>
         <size>0x0</size>
      </object_component>
      <object_component id="oc-c5">
         <name>.debug_info</name>
         <load_address>0x0</load_address>
         <run_address>0x0</run_address>
         <size>0x2af</size>
         <input_file_ref idref="fl-3"/>
      </object_component>
      <object_component id="oc-239">
         <name>.debug_info</name>
         <load_address>0x2af</load_address>
         <run_address>0x2af</run_address>
         <size>0xbd</size>
         <input_file_ref idref="fl-3"/>
      </object_component>
      <object_component id="oc-114">
         <name>.debug_info</name>
         <load_address>0x36c</load_address>
         <run_address>0x36c</run_address>
         <size>0x505</size>
         <input_file_ref idref="fl-3"/>
      </object_component>
      <object_component id="oc-77">
         <name>.debug_info</name>
         <load_address>0x871</load_address>
         <run_address>0x871</run_address>
         <size>0x26b</size>
         <input_file_ref idref="fl-3"/>
      </object_component>
      <object_component id="oc-39">
         <name>.debug_info</name>
         <load_address>0xadc</load_address>
         <run_address>0xadc</run_address>
         <size>0x84</size>
         <input_file_ref idref="fl-3"/>
      </object_component>
      <object_component id="oc-c0">
         <name>.debug_info</name>
         <load_address>0xb60</load_address>
         <run_address>0xb60</run_address>
         <size>0x2a4</size>
         <input_file_ref idref="fl-3"/>
      </object_component>
      <object_component id="oc-7c">
         <name>.debug_info</name>
         <load_address>0xe04</load_address>
         <run_address>0xe04</run_address>
         <size>0xbb</size>
         <input_file_ref idref="fl-3"/>
      </object_component>
      <object_component id="oc-346">
         <name>.debug_info</name>
         <load_address>0xebf</load_address>
         <run_address>0xebf</run_address>
         <size>0x27e</size>
         <input_file_ref idref="fl-4"/>
      </object_component>
      <object_component id="oc-e4">
         <name>.debug_info</name>
         <load_address>0x113d</load_address>
         <run_address>0x113d</run_address>
         <size>0x165</size>
         <input_file_ref idref="fl-4"/>
      </object_component>
      <object_component id="oc-24b">
         <name>.debug_info</name>
         <load_address>0x12a2</load_address>
         <run_address>0x12a2</run_address>
         <size>0xcc</size>
         <input_file_ref idref="fl-4"/>
      </object_component>
      <object_component id="oc-1a0">
         <name>.debug_info</name>
         <load_address>0x136e</load_address>
         <run_address>0x136e</run_address>
         <size>0x2c</size>
         <input_file_ref idref="fl-4"/>
      </object_component>
      <object_component id="oc-11e">
         <name>.debug_info</name>
         <load_address>0x139a</load_address>
         <run_address>0x139a</run_address>
         <size>0x681</size>
         <input_file_ref idref="fl-6"/>
      </object_component>
      <object_component id="oc-a3">
         <name>.debug_info</name>
         <load_address>0x1a1b</load_address>
         <run_address>0x1a1b</run_address>
         <size>0xb33</size>
         <input_file_ref idref="fl-6"/>
      </object_component>
      <object_component id="oc-241">
         <name>.debug_info</name>
         <load_address>0x254e</load_address>
         <run_address>0x254e</run_address>
         <size>0x5aa</size>
         <input_file_ref idref="fl-6"/>
      </object_component>
      <object_component id="oc-121">
         <name>.debug_info</name>
         <load_address>0x2af8</load_address>
         <run_address>0x2af8</run_address>
         <size>0x5e</size>
         <input_file_ref idref="fl-6"/>
      </object_component>
      <object_component id="oc-246">
         <name>.debug_info</name>
         <load_address>0x2b56</load_address>
         <run_address>0x2b56</run_address>
         <size>0xed</size>
         <input_file_ref idref="fl-6"/>
      </object_component>
      <object_component id="oc-19f">
         <name>.debug_info</name>
         <load_address>0x2c43</load_address>
         <run_address>0x2c43</run_address>
         <size>0x377</size>
         <input_file_ref idref="fl-7"/>
      </object_component>
      <object_component id="oc-183">
         <name>.debug_info</name>
         <load_address>0x2fba</load_address>
         <run_address>0x2fba</run_address>
         <size>0x112</size>
         <input_file_ref idref="fl-7"/>
      </object_component>
      <object_component id="oc-ea">
         <name>.debug_info</name>
         <load_address>0x30cc</load_address>
         <run_address>0x30cc</run_address>
         <size>0x89e</size>
         <input_file_ref idref="fl-7"/>
      </object_component>
      <object_component id="oc-1d4">
         <name>.debug_info</name>
         <load_address>0x396a</load_address>
         <run_address>0x396a</run_address>
         <size>0x394</size>
         <input_file_ref idref="fl-9"/>
      </object_component>
      <object_component id="oc-1d1">
         <name>.debug_info</name>
         <load_address>0x3cfe</load_address>
         <run_address>0x3cfe</run_address>
         <size>0xc3</size>
         <input_file_ref idref="fl-9"/>
      </object_component>
      <object_component id="oc-f0">
         <name>.debug_info</name>
         <load_address>0x3dc1</load_address>
         <run_address>0x3dc1</run_address>
         <size>0x53a</size>
         <input_file_ref idref="fl-9"/>
      </object_component>
      <object_component id="oc-1f4">
         <name>.debug_info</name>
         <load_address>0x42fb</load_address>
         <run_address>0x42fb</run_address>
         <size>0x2d8</size>
         <input_file_ref idref="fl-a"/>
      </object_component>
      <object_component id="oc-fc">
         <name>.debug_info</name>
         <load_address>0x45d3</load_address>
         <run_address>0x45d3</run_address>
         <size>0xd26</size>
         <input_file_ref idref="fl-a"/>
      </object_component>
      <object_component id="oc-230">
         <name>.debug_info</name>
         <load_address>0x52f9</load_address>
         <run_address>0x52f9</run_address>
         <size>0x3f4</size>
         <input_file_ref idref="fl-b"/>
      </object_component>
      <object_component id="oc-21f">
         <name>.debug_info</name>
         <load_address>0x56ed</load_address>
         <run_address>0x56ed</run_address>
         <size>0x10f</size>
         <input_file_ref idref="fl-b"/>
      </object_component>
      <object_component id="oc-222">
         <name>.debug_info</name>
         <load_address>0x57fc</load_address>
         <run_address>0x57fc</run_address>
         <size>0xc4</size>
         <input_file_ref idref="fl-b"/>
      </object_component>
      <object_component id="oc-20c">
         <name>.debug_info</name>
         <load_address>0x58c0</load_address>
         <run_address>0x58c0</run_address>
         <size>0x13c</size>
         <input_file_ref idref="fl-b"/>
      </object_component>
      <object_component id="oc-108">
         <name>.debug_info</name>
         <load_address>0x59fc</load_address>
         <run_address>0x59fc</run_address>
         <size>0x1986</size>
         <input_file_ref idref="fl-b"/>
      </object_component>
      <object_component id="oc-231">
         <name>.debug_info</name>
         <load_address>0x7382</load_address>
         <run_address>0x7382</run_address>
         <size>0x8b</size>
         <input_file_ref idref="fl-b"/>
      </object_component>
      <object_component id="oc-32">
         <name>.debug_info</name>
         <load_address>0x740d</load_address>
         <run_address>0x740d</run_address>
         <size>0x299</size>
         <input_file_ref idref="fl-c"/>
      </object_component>
      <object_component id="oc-13">
         <name>.debug_info</name>
         <load_address>0x76a6</load_address>
         <run_address>0x76a6</run_address>
         <size>0xd8</size>
         <input_file_ref idref="fl-c"/>
      </object_component>
      <object_component id="oc-2b">
         <name>.debug_info</name>
         <load_address>0x777e</load_address>
         <run_address>0x777e</run_address>
         <size>0x254</size>
         <input_file_ref idref="fl-c"/>
      </object_component>
      <object_component id="oc-10e">
         <name>.debug_info</name>
         <load_address>0x79d2</load_address>
         <run_address>0x79d2</run_address>
         <size>0x37d</size>
         <input_file_ref idref="fl-d"/>
      </object_component>
      <object_component id="oc-118">
         <name>.debug_info</name>
         <load_address>0x7d4f</load_address>
         <run_address>0x7d4f</run_address>
         <size>0x3b2</size>
         <input_file_ref idref="fl-d"/>
      </object_component>
      <object_component id="oc-180">
         <name>.debug_info</name>
         <load_address>0x8101</load_address>
         <run_address>0x8101</run_address>
         <size>0x39f</size>
         <input_file_ref idref="fl-16"/>
      </object_component>
      <object_component id="oc-de">
         <name>.debug_info</name>
         <load_address>0x84a0</load_address>
         <run_address>0x84a0</run_address>
         <size>0x28d</size>
         <input_file_ref idref="fl-16"/>
      </object_component>
      <object_component id="oc-285">
         <name>.debug_info</name>
         <load_address>0x872d</load_address>
         <run_address>0x872d</run_address>
         <size>0x5e</size>
         <input_file_ref idref="fl-16"/>
      </object_component>
      <object_component id="oc-280">
         <name>.debug_info</name>
         <load_address>0x878b</load_address>
         <run_address>0x878b</run_address>
         <size>0x2af</size>
         <input_file_ref idref="fl-17"/>
      </object_component>
      <object_component id="oc-17a">
         <name>.debug_info</name>
         <load_address>0x8a3a</load_address>
         <run_address>0x8a3a</run_address>
         <size>0x25e</size>
         <input_file_ref idref="fl-17"/>
      </object_component>
      <object_component id="oc-279">
         <name>.debug_info</name>
         <load_address>0x8c98</load_address>
         <run_address>0x8c98</run_address>
         <size>0x3b2</size>
         <input_file_ref idref="fl-18"/>
      </object_component>
      <object_component id="oc-174">
         <name>.debug_info</name>
         <load_address>0x904a</load_address>
         <run_address>0x904a</run_address>
         <size>0x268</size>
         <input_file_ref idref="fl-18"/>
      </object_component>
      <object_component id="oc-170">
         <name>.debug_info</name>
         <load_address>0x92b2</load_address>
         <run_address>0x92b2</run_address>
         <size>0x28e</size>
         <input_file_ref idref="fl-19"/>
      </object_component>
      <object_component id="oc-334">
         <name>.debug_info</name>
         <load_address>0x9540</load_address>
         <run_address>0x9540</run_address>
         <size>0x20e</size>
         <input_file_ref idref="fl-1a"/>
      </object_component>
      <object_component id="oc-32c">
         <name>.debug_info</name>
         <load_address>0x974e</load_address>
         <run_address>0x974e</run_address>
         <size>0x157</size>
         <input_file_ref idref="fl-1a"/>
      </object_component>
      <object_component id="oc-214">
         <name>.debug_info</name>
         <load_address>0x98a5</load_address>
         <run_address>0x98a5</run_address>
         <size>0x2c1</size>
         <input_file_ref idref="fl-1a"/>
      </object_component>
      <object_component id="oc-21b">
         <name>.debug_info</name>
         <load_address>0x9b66</load_address>
         <run_address>0x9b66</run_address>
         <size>0x23e</size>
         <input_file_ref idref="fl-1a"/>
      </object_component>
      <object_component id="oc-32f">
         <name>.debug_info</name>
         <load_address>0x9da4</load_address>
         <run_address>0x9da4</run_address>
         <size>0x18b</size>
         <input_file_ref idref="fl-1a"/>
      </object_component>
      <object_component id="oc-337">
         <name>.debug_info</name>
         <load_address>0x9f2f</load_address>
         <run_address>0x9f2f</run_address>
         <size>0x212</size>
         <input_file_ref idref="fl-1b"/>
      </object_component>
      <object_component id="oc-1e8">
         <name>.debug_info</name>
         <load_address>0xa141</load_address>
         <run_address>0xa141</run_address>
         <size>0x333</size>
         <input_file_ref idref="fl-d1"/>
      </object_component>
      <object_component id="oc-f8">
         <name>.debug_info</name>
         <load_address>0xa474</load_address>
         <run_address>0xa474</run_address>
         <size>0x1d1</size>
         <input_file_ref idref="fl-d1"/>
      </object_component>
      <object_component id="oc-1dc">
         <name>.debug_info</name>
         <load_address>0xa645</load_address>
         <run_address>0xa645</run_address>
         <size>0x18d</size>
         <input_file_ref idref="fl-d1"/>
      </object_component>
      <object_component id="oc-1e2">
         <name>.debug_info</name>
         <load_address>0xa7d2</load_address>
         <run_address>0xa7d2</run_address>
         <size>0x16d</size>
         <input_file_ref idref="fl-d1"/>
      </object_component>
      <object_component id="oc-298">
         <name>.debug_info</name>
         <load_address>0xa93f</load_address>
         <run_address>0xa93f</run_address>
         <size>0x2c</size>
         <input_file_ref idref="fl-d1"/>
      </object_component>
      <object_component id="oc-297">
         <name>.debug_info</name>
         <load_address>0xa96b</load_address>
         <run_address>0xa96b</run_address>
         <size>0x340</size>
         <input_file_ref idref="fl-d2"/>
      </object_component>
      <object_component id="oc-18a">
         <name>.debug_info</name>
         <load_address>0xacab</load_address>
         <run_address>0xacab</run_address>
         <size>0x208</size>
         <input_file_ref idref="fl-d2"/>
      </object_component>
      <object_component id="oc-28e">
         <name>.debug_info</name>
         <load_address>0xaeb3</load_address>
         <run_address>0xaeb3</run_address>
         <size>0x1c6</size>
         <input_file_ref idref="fl-d2"/>
      </object_component>
      <object_component id="oc-294">
         <name>.debug_info</name>
         <load_address>0xb079</load_address>
         <run_address>0xb079</run_address>
         <size>0x179</size>
         <input_file_ref idref="fl-d2"/>
      </object_component>
      <object_component id="oc-29d">
         <name>.debug_info</name>
         <load_address>0xb1f2</load_address>
         <run_address>0xb1f2</run_address>
         <size>0x69</size>
         <input_file_ref idref="fl-d2"/>
      </object_component>
      <object_component id="oc-2cc">
         <name>.debug_info</name>
         <load_address>0xb25b</load_address>
         <run_address>0xb25b</run_address>
         <size>0x2ca</size>
         <input_file_ref idref="fl-d3"/>
      </object_component>
      <object_component id="oc-1c0">
         <name>.debug_info</name>
         <load_address>0xb525</load_address>
         <run_address>0xb525</run_address>
         <size>0x24e</size>
         <input_file_ref idref="fl-d3"/>
      </object_component>
      <object_component id="oc-38a">
         <name>.debug_info</name>
         <load_address>0xb773</load_address>
         <run_address>0xb773</run_address>
         <size>0x46</size>
         <input_file_ref idref="fl-d3"/>
      </object_component>
      <object_component id="oc-2bf">
         <name>.debug_info</name>
         <load_address>0xb7b9</load_address>
         <run_address>0xb7b9</run_address>
         <size>0x39</size>
         <input_file_ref idref="fl-d3"/>
      </object_component>
      <object_component id="oc-2ce">
         <name>.debug_info</name>
         <load_address>0xb7f2</load_address>
         <run_address>0xb7f2</run_address>
         <size>0x28e</size>
         <input_file_ref idref="fl-d4"/>
      </object_component>
      <object_component id="oc-1c6">
         <name>.debug_info</name>
         <load_address>0xba80</load_address>
         <run_address>0xba80</run_address>
         <size>0x225</size>
         <input_file_ref idref="fl-d4"/>
      </object_component>
      <object_component id="oc-2be">
         <name>.debug_info</name>
         <load_address>0xbca5</load_address>
         <run_address>0xbca5</run_address>
         <size>0x366</size>
         <input_file_ref idref="fl-d5"/>
      </object_component>
      <object_component id="oc-1b5">
         <name>.debug_info</name>
         <load_address>0xc00b</load_address>
         <run_address>0xc00b</run_address>
         <size>0x79b</size>
         <input_file_ref idref="fl-d5"/>
      </object_component>
      <object_component id="oc-1bc">
         <name>.debug_info</name>
         <load_address>0xc7a6</load_address>
         <run_address>0xc7a6</run_address>
         <size>0x14c</size>
         <input_file_ref idref="fl-d6"/>
      </object_component>
      <object_component id="oc-1ec">
         <name>.debug_info</name>
         <load_address>0xc8f2</load_address>
         <run_address>0xc8f2</run_address>
         <size>0x128</size>
         <input_file_ref idref="fl-d7"/>
      </object_component>
      <object_component id="oc-1ef">
         <name>.debug_info</name>
         <load_address>0xca1a</load_address>
         <run_address>0xca1a</run_address>
         <size>0x12a</size>
         <input_file_ref idref="fl-d7"/>
      </object_component>
      <object_component id="oc-1b1">
         <name>.debug_info</name>
         <load_address>0xcb44</load_address>
         <run_address>0xcb44</run_address>
         <size>0x13a</size>
         <input_file_ref idref="fl-d8"/>
      </object_component>
      <object_component id="oc-1ac">
         <name>.debug_info</name>
         <load_address>0xcc7e</load_address>
         <run_address>0xcc7e</run_address>
         <size>0x13a</size>
         <input_file_ref idref="fl-d9"/>
      </object_component>
      <object_component id="oc-1cc">
         <name>.debug_info</name>
         <load_address>0xcdb8</load_address>
         <run_address>0xcdb8</run_address>
         <size>0x12e</size>
         <input_file_ref idref="fl-da"/>
      </object_component>
      <object_component id="oc-226">
         <name>.debug_info</name>
         <load_address>0xcee6</load_address>
         <run_address>0xcee6</run_address>
         <size>0x13e</size>
         <input_file_ref idref="fl-db"/>
      </object_component>
      <object_component id="oc-22a">
         <name>.debug_info</name>
         <load_address>0xd024</load_address>
         <run_address>0xd024</run_address>
         <size>0x12c</size>
         <input_file_ref idref="fl-dc"/>
      </object_component>
      <object_component id="oc-1a8">
         <name>.debug_info</name>
         <load_address>0xd150</load_address>
         <run_address>0xd150</run_address>
         <size>0x12c</size>
         <input_file_ref idref="fl-dd"/>
      </object_component>
      <object_component id="oc-40">
         <name>.debug_info</name>
         <load_address>0xd27c</load_address>
         <run_address>0xd27c</run_address>
         <size>0x119</size>
         <input_file_ref idref="fl-de"/>
      </object_component>
      <object_component id="oc-95">
         <name>.debug_info</name>
         <load_address>0xd395</load_address>
         <run_address>0xd395</run_address>
         <size>0x2d4</size>
         <input_file_ref idref="fl-df"/>
      </object_component>
      <object_component id="oc-4b">
         <name>.debug_info</name>
         <load_address>0xd669</load_address>
         <run_address>0xd669</run_address>
         <size>0x1d2</size>
         <input_file_ref idref="fl-df"/>
      </object_component>
      <object_component id="oc-90">
         <name>.debug_info</name>
         <load_address>0xd83b</load_address>
         <run_address>0xd83b</run_address>
         <size>0x46</size>
         <input_file_ref idref="fl-df"/>
      </object_component>
      <object_component id="oc-ce">
         <name>.debug_info</name>
         <load_address>0xd881</load_address>
         <run_address>0xd881</run_address>
         <size>0x2c</size>
         <input_file_ref idref="fl-df"/>
      </object_component>
      <object_component id="oc-49">
         <name>.debug_info</name>
         <load_address>0xd8ad</load_address>
         <run_address>0xd8ad</run_address>
         <size>0x2a8</size>
         <input_file_ref idref="fl-e0"/>
      </object_component>
      <object_component id="oc-1e">
         <name>.debug_info</name>
         <load_address>0xdb55</load_address>
         <run_address>0xdb55</run_address>
         <size>0x1ea</size>
         <input_file_ref idref="fl-e0"/>
      </object_component>
      <object_component id="oc-44">
         <name>.debug_info</name>
         <load_address>0xdd3f</load_address>
         <run_address>0xdd3f</run_address>
         <size>0x46</size>
         <input_file_ref idref="fl-e0"/>
      </object_component>
      <object_component id="oc-88">
         <name>.debug_info</name>
         <load_address>0xdd85</load_address>
         <run_address>0xdd85</run_address>
         <size>0x2c</size>
         <input_file_ref idref="fl-e0"/>
      </object_component>
      <object_component id="oc-86">
         <name>.debug_info</name>
         <load_address>0xddb1</load_address>
         <run_address>0xddb1</run_address>
         <size>0x29e</size>
         <input_file_ref idref="fl-e1"/>
      </object_component>
      <object_component id="oc-16">
         <name>.debug_info</name>
         <load_address>0xe04f</load_address>
         <run_address>0xe04f</run_address>
         <size>0x250</size>
         <input_file_ref idref="fl-e1"/>
      </object_component>
      <object_component id="oc-34">
         <name>.debug_info</name>
         <load_address>0xe29f</load_address>
         <run_address>0xe29f</run_address>
         <size>0x60</size>
         <input_file_ref idref="fl-e1"/>
      </object_component>
      <object_component id="oc-c7">
         <name>.debug_info</name>
         <load_address>0xe2ff</load_address>
         <run_address>0xe2ff</run_address>
         <size>0x46</size>
         <input_file_ref idref="fl-e1"/>
      </object_component>
      <object_component id="oc-81">
         <name>.debug_info</name>
         <load_address>0xe345</load_address>
         <run_address>0xe345</run_address>
         <size>0x39</size>
         <input_file_ref idref="fl-e1"/>
      </object_component>
      <object_component id="oc-70">
         <name>.debug_info</name>
         <load_address>0xe37e</load_address>
         <run_address>0xe37e</run_address>
         <size>0x3b2</size>
         <input_file_ref idref="fl-e2"/>
      </object_component>
      <object_component id="oc-25">
         <name>.debug_info</name>
         <load_address>0xe730</load_address>
         <run_address>0xe730</run_address>
         <size>0x10c</size>
         <input_file_ref idref="fl-e2"/>
      </object_component>
      <object_component id="oc-274">
         <name>.debug_info</name>
         <load_address>0xe83c</load_address>
         <run_address>0xe83c</run_address>
         <size>0x13f</size>
         <input_file_ref idref="fl-e2"/>
      </object_component>
      <object_component id="oc-d8">
         <name>.debug_info</name>
         <load_address>0xe97b</load_address>
         <run_address>0xe97b</run_address>
         <size>0x168</size>
         <input_file_ref idref="fl-e2"/>
      </object_component>
      <object_component id="oc-1f6">
         <name>.debug_info</name>
         <load_address>0xeae3</load_address>
         <run_address>0xeae3</run_address>
         <size>0x18e</size>
         <input_file_ref idref="fl-e2"/>
      </object_component>
      <object_component id="oc-1fd">
         <name>.debug_info</name>
         <load_address>0xec71</load_address>
         <run_address>0xec71</run_address>
         <size>0x19f</size>
         <input_file_ref idref="fl-e2"/>
      </object_component>
      <object_component id="oc-103">
         <name>.debug_info</name>
         <load_address>0xee10</load_address>
         <run_address>0xee10</run_address>
         <size>0x203</size>
         <input_file_ref idref="fl-e2"/>
      </object_component>
      <object_component id="oc-26f">
         <name>.debug_info</name>
         <load_address>0xf013</load_address>
         <run_address>0xf013</run_address>
         <size>0x1db</size>
         <input_file_ref idref="fl-e2"/>
      </object_component>
      <object_component id="oc-207">
         <name>.debug_info</name>
         <load_address>0xf1ee</load_address>
         <run_address>0xf1ee</run_address>
         <size>0x1a5</size>
         <input_file_ref idref="fl-e2"/>
      </object_component>
      <object_component id="oc-167">
         <name>.debug_info</name>
         <load_address>0xf393</load_address>
         <run_address>0xf393</run_address>
         <size>0x299</size>
         <input_file_ref idref="fl-e2"/>
      </object_component>
      <object_component id="oc-bb">
         <name>.debug_info</name>
         <load_address>0xf62c</load_address>
         <run_address>0xf62c</run_address>
         <size>0xb2</size>
         <input_file_ref idref="fl-e2"/>
      </object_component>
      <object_component id="oc-b6">
         <name>.debug_info</name>
         <load_address>0xf6de</load_address>
         <run_address>0xf6de</run_address>
         <size>0x2c</size>
         <input_file_ref idref="fl-e2"/>
      </object_component>
      <object_component id="oc-2a3">
         <name>.debug_info</name>
         <load_address>0xf70a</load_address>
         <run_address>0xf70a</run_address>
         <size>0x28a</size>
         <input_file_ref idref="fl-e3"/>
      </object_component>
      <object_component id="oc-190">
         <name>.debug_info</name>
         <load_address>0xf994</load_address>
         <run_address>0xf994</run_address>
         <size>0x273</size>
         <input_file_ref idref="fl-e3"/>
      </object_component>
      <object_component id="oc-2a5">
         <name>.debug_info</name>
         <load_address>0xfc07</load_address>
         <run_address>0xfc07</run_address>
         <size>0x2a4</size>
         <input_file_ref idref="fl-e4"/>
      </object_component>
      <object_component id="oc-199">
         <name>.debug_info</name>
         <load_address>0xfeab</load_address>
         <run_address>0xfeab</run_address>
         <size>0x24d</size>
         <input_file_ref idref="fl-e4"/>
      </object_component>
      <object_component id="oc-37f">
         <name>.debug_info</name>
         <load_address>0x100f8</load_address>
         <run_address>0x100f8</run_address>
         <size>0x3aa</size>
         <input_file_ref idref="fl-e5"/>
      </object_component>
      <object_component id="oc-37c">
         <name>.debug_info</name>
         <load_address>0x104a2</load_address>
         <run_address>0x104a2</run_address>
         <size>0x13a</size>
         <input_file_ref idref="fl-e5"/>
      </object_component>
      <object_component id="oc-2b5">
         <name>.debug_info</name>
         <load_address>0x105dc</load_address>
         <run_address>0x105dc</run_address>
         <size>0x72f</size>
         <input_file_ref idref="fl-e5"/>
      </object_component>
      <object_component id="oc-40e">
         <name>.debug_info</name>
         <load_address>0x10d0b</load_address>
         <run_address>0x10d0b</run_address>
         <size>0x39</size>
         <input_file_ref idref="fl-e5"/>
      </object_component>
      <object_component id="oc-381">
         <name>.debug_info</name>
         <load_address>0x10d44</load_address>
         <run_address>0x10d44</run_address>
         <size>0x2c</size>
         <input_file_ref idref="fl-e5"/>
      </object_component>
      <object_component id="oc-393">
         <name>.debug_info</name>
         <load_address>0x10d70</load_address>
         <run_address>0x10d70</run_address>
         <size>0x289</size>
         <input_file_ref idref="fl-e6"/>
      </object_component>
      <object_component id="oc-390">
         <name>.debug_info</name>
         <load_address>0x10ff9</load_address>
         <run_address>0x10ff9</run_address>
         <size>0x10e</size>
         <input_file_ref idref="fl-e6"/>
      </object_component>
      <object_component id="oc-2c9">
         <name>.debug_info</name>
         <load_address>0x11107</load_address>
         <run_address>0x11107</run_address>
         <size>0x14e</size>
         <input_file_ref idref="fl-e6"/>
      </object_component>
      <object_component id="oc-28">
         <name>.debug_info</name>
         <load_address>0x11255</load_address>
         <run_address>0x11255</run_address>
         <size>0x10b</size>
         <input_file_ref idref="fl-e7"/>
      </object_component>
      <object_component id="oc-5e">
         <name>.debug_info</name>
         <load_address>0x11360</load_address>
         <run_address>0x11360</run_address>
         <size>0x1a9</size>
         <input_file_ref idref="fl-e7"/>
      </object_component>
      <object_component id="oc-30b">
         <name>.debug_info</name>
         <load_address>0x11509</load_address>
         <run_address>0x11509</run_address>
         <size>0x590</size>
         <input_file_ref idref="fl-e8"/>
      </object_component>
      <object_component id="oc-2e4">
         <name>.debug_info</name>
         <load_address>0x11a99</load_address>
         <run_address>0x11a99</run_address>
         <size>0x21e</size>
         <input_file_ref idref="fl-e8"/>
      </object_component>
      <object_component id="oc-3af">
         <name>.debug_info</name>
         <load_address>0x11cb7</load_address>
         <run_address>0x11cb7</run_address>
         <size>0x1b3</size>
         <input_file_ref idref="fl-e8"/>
      </object_component>
      <object_component id="oc-3b5">
         <name>.debug_info</name>
         <load_address>0x11e6a</load_address>
         <run_address>0x11e6a</run_address>
         <size>0x21b</size>
         <input_file_ref idref="fl-e8"/>
      </object_component>
      <object_component id="oc-2ea">
         <name>.debug_info</name>
         <load_address>0x12085</load_address>
         <run_address>0x12085</run_address>
         <size>0x3c0</size>
         <input_file_ref idref="fl-e8"/>
      </object_component>
      <object_component id="oc-3bc">
         <name>.debug_info</name>
         <load_address>0x12445</load_address>
         <run_address>0x12445</run_address>
         <size>0x30a</size>
         <input_file_ref idref="fl-e8"/>
      </object_component>
      <object_component id="oc-3c1">
         <name>.debug_info</name>
         <load_address>0x1274f</load_address>
         <run_address>0x1274f</run_address>
         <size>0x215</size>
         <input_file_ref idref="fl-e8"/>
      </object_component>
      <object_component id="oc-2ef">
         <name>.debug_info</name>
         <load_address>0x12964</load_address>
         <run_address>0x12964</run_address>
         <size>0x215</size>
         <input_file_ref idref="fl-e8"/>
      </object_component>
      <object_component id="oc-2f5">
         <name>.debug_info</name>
         <load_address>0x12b79</load_address>
         <run_address>0x12b79</run_address>
         <size>0x304</size>
         <input_file_ref idref="fl-e8"/>
      </object_component>
      <object_component id="oc-2fb">
         <name>.debug_info</name>
         <load_address>0x12e7d</load_address>
         <run_address>0x12e7d</run_address>
         <size>0x4b5</size>
         <input_file_ref idref="fl-e8"/>
      </object_component>
      <object_component id="oc-1d8">
         <name>.debug_info</name>
         <load_address>0x13332</load_address>
         <run_address>0x13332</run_address>
         <size>0x5f4</size>
         <input_file_ref idref="fl-e8"/>
      </object_component>
      <object_component id="oc-30c">
         <name>.debug_info</name>
         <load_address>0x13926</load_address>
         <run_address>0x13926</run_address>
         <size>0x86</size>
         <input_file_ref idref="fl-e8"/>
      </object_component>
      <object_component id="oc-3de">
         <name>.debug_info</name>
         <load_address>0x139ac</load_address>
         <run_address>0x139ac</run_address>
         <size>0x39</size>
         <input_file_ref idref="fl-e8"/>
      </object_component>
      <object_component id="oc-439">
         <name>.debug_info</name>
         <load_address>0x139e5</load_address>
         <run_address>0x139e5</run_address>
         <size>0xb6</size>
         <input_file_ref idref="fl-e8"/>
      </object_component>
      <object_component id="oc-3e3">
         <name>.debug_info</name>
         <load_address>0x13a9b</load_address>
         <run_address>0x13a9b</run_address>
         <size>0x46</size>
         <input_file_ref idref="fl-e8"/>
      </object_component>
      <object_component id="oc-311">
         <name>.debug_info</name>
         <load_address>0x13ae1</load_address>
         <run_address>0x13ae1</run_address>
         <size>0x46</size>
         <input_file_ref idref="fl-e8"/>
      </object_component>
      <object_component id="oc-36e">
         <name>.debug_info</name>
         <load_address>0x13b27</load_address>
         <run_address>0x13b27</run_address>
         <size>0x28d</size>
         <input_file_ref idref="fl-e9"/>
      </object_component>
      <object_component id="oc-2ae">
         <name>.debug_info</name>
         <load_address>0x13db4</load_address>
         <run_address>0x13db4</run_address>
         <size>0x327</size>
         <input_file_ref idref="fl-e9"/>
      </object_component>
      <object_component id="oc-387">
         <name>.debug_info</name>
         <load_address>0x140db</load_address>
         <run_address>0x140db</run_address>
         <size>0x292</size>
         <input_file_ref idref="fl-ea"/>
      </object_component>
      <object_component id="oc-2b9">
         <name>.debug_info</name>
         <load_address>0x1436d</load_address>
         <run_address>0x1436d</run_address>
         <size>0x380</size>
         <input_file_ref idref="fl-ea"/>
      </object_component>
      <object_component id="oc-409">
         <name>.debug_info</name>
         <load_address>0x146ed</load_address>
         <run_address>0x146ed</run_address>
         <size>0x28f</size>
         <input_file_ref idref="fl-eb"/>
      </object_component>
      <object_component id="oc-376">
         <name>.debug_info</name>
         <load_address>0x1497c</load_address>
         <run_address>0x1497c</run_address>
         <size>0x22a</size>
         <input_file_ref idref="fl-eb"/>
      </object_component>
      <object_component id="oc-42d">
         <name>.debug_info</name>
         <load_address>0x14ba6</load_address>
         <run_address>0x14ba6</run_address>
         <size>0x29a</size>
         <input_file_ref idref="fl-ec"/>
      </object_component>
      <object_component id="oc-3c7">
         <name>.debug_info</name>
         <load_address>0x14e40</load_address>
         <run_address>0x14e40</run_address>
         <size>0x195</size>
         <input_file_ref idref="fl-ec"/>
      </object_component>
      <object_component id="oc-407">
         <name>.debug_info</name>
         <load_address>0x14fd5</load_address>
         <run_address>0x14fd5</run_address>
[...]
         <name>motor_cal_factor_R</name>
         <value>0x20000f00</value>
         <object_component_ref idref="oc-21e"/>
      </symbol>
      <symbol id="sm-279">
         <name>oi_parseInt</name>
         <value>0x5b4f</value>
         <object_component_ref idref="oc-20b"/>
      </symbol>
      <symbol id="sm-27a">
         <name>oi_setMotorCalibration</name>
         <value>0xdb1</value>
         <object_component_ref idref="oc-107"/>
      </symbol>
      <symbol id="sm-27b">
         <name>oi_uartSendStr</name>
         <value>0xa59</value>
         <object_component_ref idref="oc-107"/>
      </symbol>
      <symbol id="sm-27c">
         <name>oi_close</name>
         <value>0x2c7</value>
         <object_component_ref idref="oc-107"/>
      </symbol>
      <symbol id="sm-27d">
         <name>oi_uartSendBuff</name>
         <value>0xa77</value>
         <object_component_ref idref="oc-107"/>
      </symbol>
      <symbol id="sm-27e">
         <name>oi_checkFirmware</name>
         <value>0xaa9</value>
         <object_component_ref idref="oc-107"/>
      </symbol>
      <symbol id="sm-27f">
         <name>oi_init_noupdate</name>
         <value>0x289</value>
         <object_component_ref idref="oc-107"/>
      </symbol>
      <symbol id="sm-280">
         <name>oi_uartSendChar</name>
         <value>0xa15</value>
         <object_component_ref idref="oc-107"/>
      </symbol>
      <symbol id="sm-281">
         <name>oi_alloc</name>
         <value>0x26d</value>
         <object_component_ref idref="oc-107"/>
      </symbol>
      <symbol id="sm-282">
         <name>oi_getMotorCalibrationLeft</name>
         <value>0xded</value>
         <object_component_ref idref="oc-107"/>
      </symbol>
      <symbol id="sm-283">
         <name>oi_loadSong</name>
         <value>0x915</value>
         <object_component_ref idref="oc-107"/>
      </symbol>
      <symbol id="sm-284">
         <name>oi_play_song</name>
         <value>0x96b</value>
         <object_component_ref idref="oc-107"/>
      </symbol>
      <symbol id="sm-285">
         <name>oi_parsePacket</name>
         <value>0x32b</value>
         <object_component_ref idref="oc-107"/>
      </symbol>
      <symbol id="sm-286">
         <name>oi_setLeds</name>
         <value>0x84b</value>
         <object_component_ref idref="oc-107"/>
      </symbol>
      <symbol id="sm-287">
         <name>oi_init</name>
         <value>0x2b1</value>
         <object_component_ref idref="oc-107"/>
      </symbol>
      <symbol id="sm-288">
         <name>oi_update</name>
         <value>0x2d9</value>
         <object_component_ref idref="oc-107"/>
      </symbol>
      <symbol id="sm-289">
         <name>oi_uartInit</name>
         <value>0x98d</value>
         <object_component_ref idref="oc-107"/>
      </symbol>
      <symbol id="sm-2a5">
         <name>ResetISR</name>
         <value>0x5c09</value>
         <object_component_ref idref="oc-2a"/>
      </symbol>
      <symbol id="sm-2a6">
         <name>g_pfnVectors</name>
         <value>0x0</value>
         <object_component_ref idref="oc-12"/>
      </symbol>
      <symbol id="sm-2df">
         <name>uart_data</name>
         <value>0x20000efa</value>
      </symbol>
      <symbol id="sm-2e0">
         <name>measurement_flag</name>
         <value>0x20000ee8</value>
      </symbol>
      <symbol id="sm-2e1">
         <name>mode_flag</name>
         <value>0x20000ef9</value>
      </symbol>
      <symbol id="sm-2e2">
         <name>UART1_Handler</name>
         <value>0x3637</value>
         <object_component_ref idref="oc-117"/>
      </symbol>
      <symbol id="sm-2e3">
         <name>uart_sendChar</name>
         <value>0x359d</value>
         <object_component_ref idref="oc-117"/>
      </symbol>
      <symbol id="sm-2e4">
         <name>uart_init</name>
         <value>0x34cd</value>
         <object_component_ref idref="oc-117"/>
      </symbol>
      <symbol id="sm-2e5">
         <name>interrupt_init</name>
         <value>0x35d7</value>
         <object_component_ref idref="oc-117"/>
      </symbol>
      <symbol id="sm-2e6">
         <name>uart_sendStr</name>
         <value>0x35b9</value>
         <object_component_ref idref="oc-117"/>
      </symbol>
      <symbol id="sm-2fb">
         <name>cyBOT_Scan</name>
         <value>0x5675</value>
         <object_component_ref idref="oc-dd"/>
      </symbol>
      <symbol id="sm-2fc">
         <name>cyBOT_init_Scan</name>
         <value>0x5665</value>
         <object_component_ref idref="oc-dd"/>
      </symbol>
      <symbol id="sm-323">
         <name>isr_int_value</name>
         <value>0x20000ee4</value>
      </symbol>
      <symbol id="sm-324">
         <name>ir_enableInterrupt</name>
         <value>0x49a3</value>
         <object_component_ref idref="oc-179"/>
      </symbol>
      <symbol id="sm-325">
         <name>ir_getDistance</name>
         <value>0x4985</value>
         <object_component_ref idref="oc-179"/>
      </symbol>
      <symbol id="sm-326">
         <name>ir_init</name>
         <value>0x48f5</value>
         <object_component_ref idref="oc-179"/>
      </symbol>
      <symbol id="sm-327">
         <name>ADC0SS0_Handler</name>
         <value>0x498d</value>
         <object_component_ref idref="oc-179"/>
      </symbol>
      <symbol id="sm-328">
         <name>ir_getValue</name>
         <value>0x495d</value>
         <object_component_ref idref="oc-179"/>
      </symbol>
      <symbol id="sm-357">
         <name>risingEdge</name>
         <value>0x20000ef0</value>
      </symbol>
      <symbol id="sm-358">
         <name>fallingEdge</name>
         <value>0x20000ee0</value>
      </symbol>
      <symbol id="sm-359">
         <name>pulseLength</name>
         <value>0x20000eec</value>
      </symbol>
      <symbol id="sm-35a">
         <name>isRisingEdge</name>
         <value>0x20000ef8</value>
      </symbol>
      <symbol id="sm-35b">
         <name>TIMER3B_Handler</name>
         <value>0x3a5d</value>
         <object_component_ref idref="oc-173"/>
      </symbol>
      <symbol id="sm-35c">
         <name>ping_init</name>
         <value>0x396d</value>
         <object_component_ref idref="oc-173"/>
      </symbol>
      <symbol id="sm-35d">
         <name>ping_getDistance</name>
         <value>0x3aaf</value>
         <object_component_ref idref="oc-173"/>
      </symbol>
      <symbol id="sm-35e">
         <name>ping_trigger</name>
         <value>0x39f3</value>
         <object_component_ref idref="oc-173"/>
      </symbol>
      <symbol id="sm-37c">
         <name>servo_move</name>
         <value>0x4735</value>
         <object_component_ref idref="oc-16d"/>
      </symbol>
      <symbol id="sm-37d">
         <name>servo_init</name>
         <value>0x46b1</value>
         <object_component_ref idref="oc-16d"/>
      </symbol>
      <symbol id="sm-37e">
         <name>servo_stop</name>
         <value>0x4729</value>
         <object_component_ref idref="oc-16d"/>
      </symbol>
      <symbol id="sm-37f">
         <name>servo_setPWM</name>
         <value>0x477f</value>
         <object_component_ref idref="oc-16d"/>
      </symbol>
      <symbol id="sm-3a4">
         <name>IntRegister</name>
         <value>0x59c1</value>
         <object_component_ref idref="oc-212"/>
      </symbol>
      <symbol id="sm-3a5">
         <name>g_pfnRAMVectors</name>
         <value>0x20000000</value>
         <object_component_ref idref="oc-32b"/>
      </symbol>
      <symbol id="sm-3a6">
         <name>IntMasterEnable</name>
         <value>0x5bcf</value>
         <object_component_ref idref="oc-218"/>
      </symbol>
      <symbol id="sm-3b0">
         <name>CPUcpsie</name>
         <value>0x5bfd</value>
         <object_component_ref idref="oc-335"/>
      </symbol>
      <symbol id="sm-3d7">
         <name>sprintf</name>
         <value>0x5891</value>
         <object_component_ref idref="oc-f5"/>
      </symbol>
      <symbol id="sm-401">
         <name>vsnprintf</name>
         <value>0x58d1</value>
         <object_component_ref idref="oc-189"/>
      </symbol>
      <symbol id="sm-42d">
         <name>sqrtl</name>
         <value>0x41c1</value>
         <object_component_ref idref="oc-1bf"/>
      </symbol>
      <symbol id="sm-42e">
         <name>sqrt</name>
         <value>0x41c1</value>
         <object_component_ref idref="oc-1bf"/>
      </symbol>
      <symbol id="sm-44b">
         <name>ceil</name>
         <value>0x4d19</value>
         <object_component_ref idref="oc-1c5"/>
      </symbol>
      <symbol id="sm-44c">
         <name>ceill</name>
         <value>0x4d19</value>
         <object_component_ref idref="oc-1c5"/>
      </symbol>
      <symbol id="sm-49d">
         <name>cosl</name>
         <value>0x2015</value>
         <object_component_ref idref="oc-1b4"/>
      </symbol>
      <symbol id="sm-49e">
         <name>cos</name>
         <value>0x2015</value>
         <object_component_ref idref="oc-1b4"/>
      </symbol>
      <symbol id="sm-4b5">
         <name>__aeabi_dsub</name>
         <value>0x3d29</value>
         <object_component_ref idref="oc-1ba"/>
      </symbol>
      <symbol id="sm-4b6">
         <name>__aeabi_dadd</name>
         <value>0x3d33</value>
         <object_component_ref idref="oc-1ba"/>
      </symbol>
      <symbol id="sm-4d8">
         <name>__aeabi_cdcmpeq</name>
         <value>0x52c5</value>
         <object_component_ref idref="oc-1e9"/>
      </symbol>
      <symbol id="sm-4d9">
         <name>__aeabi_cdcmple</name>
         <value>0x52c5</value>
         <object_component_ref idref="oc-1e9"/>
      </symbol>
      <symbol id="sm-4da">
         <name>__aeabi_cdrcmple</name>
         <value>0x534b</value>
         <object_component_ref idref="oc-1ee"/>
      </symbol>
      <symbol id="sm-4ee">
         <name>__aeabi_ddiv</name>
         <value>0x4455</value>
         <object_component_ref idref="oc-1af"/>
      </symbol>
      <symbol id="sm-4f9">
         <name>__aeabi_dmul</name>
         <value>0x4c1d</value>
         <object_component_ref idref="oc-1aa"/>
      </symbol>
      <symbol id="sm-503">
         <name>__aeabi_d2iz</name>
         <value>0x5805</value>
         <object_component_ref idref="oc-1cb"/>
      </symbol>
      <symbol id="sm-50f">
         <name>__aeabi_d2f</name>
         <value>0x552b</value>
         <object_component_ref idref="oc-224"/>
      </symbol>
      <symbol id="sm-51a">
         <name>__aeabi_f2d</name>
         <value>0x5989</value>
         <object_component_ref idref="oc-229"/>
      </symbol>
      <symbol id="sm-524">
         <name>__aeabi_i2d</name>
         <value>0x5a59</value>
         <object_component_ref idref="oc-1a5"/>
      </symbol>
      <symbol id="sm-53f">
         <name>memcpy</name>
         <value>0x5193</value>
         <object_component_ref idref="oc-3e"/>
      </symbol>
      <symbol id="sm-540">
         <name>__aeabi_memcpy</name>
         <value>0x5193</value>
         <object_component_ref idref="oc-3e"/>
      </symbol>
      <symbol id="sm-541">
         <name>__aeabi_memcpy8</name>
         <value>0x5193</value>
         <object_component_ref idref="oc-3e"/>
      </symbol>
      <symbol id="sm-542">
         <name>__aeabi_memcpy4</name>
         <value>0x5193</value>
         <object_component_ref idref="oc-3e"/>
      </symbol>
      <symbol id="sm-55b">
         <name>__TI_zero_init_nomemset</name>
         <value>0x5ab1</value>
         <object_component_ref idref="oc-4a"/>
      </symbol>
      <symbol id="sm-572">
         <name>__TI_decompress_none</name>
         <value>0x5bef</value>
         <object_component_ref idref="oc-1b"/>
      </symbol>
      <symbol id="sm-595">
         <name>__TI_decompress_lzss</name>
         <value>0x5599</value>
         <object_component_ref idref="oc-15"/>
      </symbol>
      <symbol id="sm-62a">
         <name>_sys_memory</name>
         <value>0x20000a70</value>
         <object_component_ref idref="oc-24"/>
      </symbol>
      <symbol id="sm-62b">
         <name>free</name>
         <value>0x4ffd</value>
         <object_component_ref idref="oc-101"/>
      </symbol>
      <symbol id="sm-62c">
         <name>memalign</name>
         <value>0x4b1d</value>
         <object_component_ref idref="oc-166"/>
      </symbol>
      <symbol id="sm-62d">
         <name>calloc</name>
         <value>0x5951</value>
         <object_component_ref idref="oc-205"/>
      </symbol>
      <symbol id="sm-62e">
         <name>malloc</name>
         <value>0x5c29</value>
         <object_component_ref idref="oc-d7"/>
      </symbol>
      <symbol id="sm-62f">
         <name>aligned_alloc</name>
         <value>0x4b1d</value>
         <object_component_ref idref="oc-166"/>
      </symbol>
      <symbol id="sm-63e">
         <name>strcmp</name>
         <value>0x5b67</value>
         <object_component_ref idref="oc-18f"/>
      </symbol>
      <symbol id="sm-64c">
         <name>strcpy</name>
         <value>0x5b95</value>
         <object_component_ref idref="oc-195"/>
      </symbol>
      <symbol id="sm-6bc">
         <name>__kernel_rem_pio2</name>
         <value>0x18dd</value>
         <object_component_ref idref="oc-2b1"/>
      </symbol>
      <symbol id="sm-6d2">
         <name>__aeabi_errno_addr</name>
         <value>0x5c21</value>
         <object_component_ref idref="oc-2c5"/>
      </symbol>
      <symbol id="sm-6d3">
         <name>errno</name>
         <value>0x20000f2c</value>
         <object_component_ref idref="oc-38f"/>
      </symbol>
      <symbol id="sm-6e6">
         <name>__stack</name>
         <value>0x20000270</value>
         <object_component_ref idref="oc-27"/>
      </symbol>
      <symbol id="sm-6e7">
         <name>_c_int00_noargs</name>
         <value>0x59f5</value>
         <object_component_ref idref="oc-5c"/>
      </symbol>
      <symbol id="sm-84c">
         <name>__TI_printfi</name>
         <value>0xe8d</value>
         <object_component_ref idref="oc-1d5"/>
      </symbol>
      <symbol id="sm-862">
         <name>__kernel_cos</name>
         <value>0x4055</value>
         <object_component_ref idref="oc-2ab"/>
      </symbol>
      <symbol id="sm-879">
         <name>__kernel_sin</name>
         <value>0x3ee1</value>
         <object_component_ref idref="oc-2b7"/>
      </symbol>
      <symbol id="sm-896">
         <name>floorl</name>
         <value>0x4e11</value>
         <object_component_ref idref="oc-375"/>
      </symbol>
      <symbol id="sm-897">
         <name>floor</name>
         <value>0x4e11</value>
         <object_component_ref idref="oc-375"/>
      </symbol>
      <symbol id="sm-8ad">
         <name>frexpl</name>
         <value>0x5601</value>
         <object_component_ref idref="oc-3c6"/>
      </symbol>
      <symbol id="sm-8ae">
         <name>frexp</name>
         <value>0x5601</value>
         <object_component_ref idref="oc-3c6"/>
      </symbol>
      <symbol id="sm-8cb">
         <name>scalbn</name>
         <value>0x4a0d</value>
         <object_component_ref idref="oc-36f"/>
      </symbol>
      <symbol id="sm-8cc">
         <name>scalbnl</name>
         <value>0x4a0d</value>
         <object_component_ref idref="oc-36f"/>
      </symbol>
      <symbol id="sm-8cd">
         <name>ldexpl</name>
         <value>0x4a0d</value>
         <object_component_ref idref="oc-36f"/>
      </symbol>
      <symbol id="sm-8ce">
         <name>ldexp</name>
         <value>0x4a0d</value>
         <object_component_ref idref="oc-36f"/>
      </symbol>
      <symbol id="sm-8d8">
         <name>copysign</name>
         <value>0x5b05</value>
         <object_component_ref idref="oc-400"/>
      </symbol>
      <symbol id="sm-8d9">
         <name>copysignl</name>
         <value>0x5b05</value>
         <object_component_ref idref="oc-400"/>
      </symbol>
      <symbol id="sm-8e6">
         <name>__aeabi_uldivmod</name>
         <value>0x522f</value>
         <object_component_ref idref="oc-39f"/>
      </symbol>
      <symbol id="sm-8f5">
         <name>__aeabi_memset</name>
         <value>0x53d3</value>
         <object_component_ref idref="oc-96"/>
      </symbol>
      <symbol id="sm-8f6">
         <name>memset</name>
         <value>0x53d9</value>
         <object_component_ref idref="oc-96"/>
      </symbol>
      <symbol id="sm-8f7">
         <name>__aeabi_memset8</name>
         <value>0x53d3</value>
         <object_component_ref idref="oc-96"/>
      </symbol>
      <symbol id="sm-8f8">
         <name>__aeabi_memset4</name>
         <value>0x53d3</value>
         <object_component_ref idref="oc-96"/>
      </symbol>
      <symbol id="sm-8f9">
         <name>__aeabi_memclr8</name>
         <value>0x53d1</value>
         <object_component_ref idref="oc-96"/>
      </symbol>
      <symbol id="sm-8fa">
         <name>__aeabi_memclr4</name>
         <value>0x53d1</value>
         <object_component_ref idref="oc-96"/>
      </symbol>
      <symbol id="sm-8fb">
         <name>__aeabi_memclr</name>
         <value>0x53d1</value>
         <object_component_ref idref="oc-96"/>
      </symbol>
      <symbol id="sm-923">
         <name>__TI_auto_init_nobinit_nopinit</name>
         <value>0x584d</value>
         <object_component_ref idref="oc-132"/>
      </symbol>
      <symbol id="sm-92d">
         <name>_system_pre_init</name>
         <value>0x5c31</value>
         <object_component_ref idref="oc-9c"/>
      </symbol>
      <symbol id="sm-939">
         <name>C$$EXIT</name>
         <value>0x5c35</value>
         <object_component_ref idref="oc-126"/>
      </symbol>
      <symbol id="sm-93a">
         <name>abort</name>
         <value>0x5c35</value>
         <object_component_ref idref="oc-126"/>
      </symbol>
      <symbol id="sm-94f">
         <name>_nop</name>
         <value>0x18db</value>
         <object_component_ref idref="oc-320"/>
      </symbol>
      <symbol id="sm-950">
         <name>_lock</name>
         <value>0x20000f1c</value>
         <object_component_ref idref="oc-201"/>
      </symbol>
      <symbol id="sm-951">
         <name>_unlock</name>
         <value>0x20000f20</value>
         <object_component_ref idref="oc-201"/>
      </symbol>
      <symbol id="sm-960">
         <name>__TI_ltoa</name>
         <value>0x5713</value>
         <object_component_ref idref="oc-3a5"/>
      </symbol>
      <symbol id="sm-977">
         <name>atoi</name>
         <value>0x57b9</value>
         <object_component_ref idref="oc-2da"/>
      </symbol>
      <symbol id="sm-982">
         <name>_ctypes_</name>
         <value>0x5d90</value>
         <object_component_ref idref="oc-39a"/>
      </symbol>
      <symbol id="sm-992">
         <name>memccpy</name>
         <value>0x5ae9</value>
         <object_component_ref idref="oc-2fe"/>
      </symbol>
      <symbol id="sm-9a2">
         <name>strchr</name>
         <value>0x5b7f</value>
         <object_component_ref idref="oc-3cc"/>
      </symbol>
      <symbol id="sm-9b0">
         <name>strlen</name>
         <value>0x5ba9</value>
         <object_component_ref idref="oc-2d4"/>
      </symbol>
      <symbol id="sm-9c9">
         <name>wcslen</name>
         <value>0x5bbd</value>
         <object_component_ref idref="oc-304"/>
      </symbol>
      <symbol id="sm-9d3">
         <name>__aeabi_idiv0</name>
         <value>0x3edf</value>
         <object_component_ref idref="oc-420"/>
      </symbol>
      <symbol id="sm-9d4">
         <name>__aeabi_ldiv0</name>
         <value>0x3edf</value>
         <object_component_ref idref="oc-420"/>
      </symbol>
      <symbol id="sm-9d5">
         <name>__TI_static_base__</name>
         <value>0x0</value>
      </symbol>
      <symbol id="sm-9d8">
         <name>__mpu_init</name>
         <value>0x0</value>
      </symbol>
      <symbol id="sm-9d9">
         <name>_system_post_cinit</name>
         <value>0x0</value>
      </symbol>
   </symbol_table>
   <title>Link successful</title>
</link_info>
