******************************************************************************
                  TI ARM Linker PC v20.2.4                     
******************************************************************************
>> Linked Wed Nov 10 00:24:40 2021

OUTPUT FILE NAME:   <lab_9.out>
ENTRY POINT SYMBOL: "_c_int00_noargs"  address: 00000795


MEMORY CONFIGURATION

         name            origin    length      used     unused   attr    fill
----------------------  --------  ---------  --------  --------  ----  --------
  FLASH                 00000000   00040000  0000087c  0003f784  R  X
  SRAM                  20000000   00008000  00000e75  0000718b  RW X


SEGMENT ALLOCATION MAP

run origin  load origin   length   init length attrs members
----------  ----------- ---------- ----------- ----- -------
00000000    00000000    00000880   00000880    r-x
  00000000    00000000    0000026c   0000026c    r-- .intvecs
  0000026c    0000026c    000005d0   000005d0    r-x .text
  00000840    00000840    00000040   00000040    r-- .cinit
20000000    20000000    00000e75   00000000    rw-
  20000000    20000000    0000026c   00000000    rw- .vtable
  2000026c    2000026c    00000004   00000000    rw- .bss
  20000270    20000270    00000800   00000000    rw- .stack
  20000a70    20000a70    00000400   00000000    rw- .sysmem
  20000e70    20000e70    00000005   00000000    rw- .data


SECTION ALLOCATION MAP

 output                                  attributes/
section   page    origin      length       input sections
--------  ----  ----------  ----------   ----------------
.intvecs   0    00000000    0000026c     
                  00000000    0000026c     tm4c123gh6pm_startup_ccs.obj (.intvecs)

.text      0    0000026c    000005d0     
                  0000026c    00000248     Timer.obj (.text)
                  000004b4    00000164     ping.obj (.text)
                  00000618    0000009c     rtsv7M4_T_le_v4SPD16_eabi.lib : memcpy_t2.asm.obj (.text)
                  000006b4    00000068                                   : copy_decompress_lzss.c.obj (.text:decompress:lzss:__TI_decompress_lzss)
                  0000071c    00000044                                   : autoinit.c.obj (.text:__TI_auto_init_nobinit_nopinit:__TI_auto_init_nobinit_nopinit)
                  00000760    00000034     driverlib.lib : interrupt.obj (.text:IntRegister)
                  00000794    00000034     rtsv7M4_T_le_v4SPD16_eabi.lib : boot_cortex_m.c.obj (.text:_c_int00_noargs:_c_int00_noargs)
                  000007c8    0000001c                                   : copy_zero_init.c.obj (.text:decompress:ZI:__TI_zero_init_nomemset:__TI_zero_init_nomemset)
                  000007e4    0000001a     main.obj (.text)
                  000007fe    00000010     driverlib.lib : interrupt.obj (.text:IntMasterEnable)
                  0000080e    0000000e     rtsv7M4_T_le_v4SPD16_eabi.lib : copy_decompress_none.c.obj (.text:decompress:none:__TI_decompress_none)
                  0000081c    0000000c     driverlib.lib : cpu.obj (.text:CPUcpsie)
                  00000828    0000000c     tm4c123gh6pm_startup_ccs.obj (.text)
                  00000834    00000004     rtsv7M4_T_le_v4SPD16_eabi.lib : pre_init.c.obj (.text:_system_pre_init)
                  00000838    00000004                                   : exit.c.obj (.text:abort:abort)

.cinit     0    00000840    00000040     
                  00000840    0000000c     (__TI_handler_table)
                  0000084c    00000004     --HOLE-- [fill = 0]
                  00000850    00000008     (.cinit..bss.load) [load image, compression = zero_init]
                  00000858    00000008     (.cinit..data.load) [load image, compression = lzss]
                  00000860    00000008     (.cinit..vtable.load) [load image, compression = zero_init]
                  00000868    00000018     (__TI_cinit_table)

.init_array 
*          0    00000000    00000000     UNINITIALIZED

.vtable    0    20000000    0000026c     UNINITIALIZED
                  20000000    0000026c     driverlib.lib : interrupt.obj (.vtable)

.bss       0    2000026c    00000004     UNINITIALIZED
                  2000026c    00000004     (.common:_timeout_ticks)

.stack     0    20000270    00000800     UNINITIALIZED
                  20000270    00000004     rtsv7M4_T_le_v4SPD16_eabi.lib : boot_cortex_m.c.obj (.stack)
                  20000274    000007fc     --HOLE--

.sysmem    0    20000a70    00000400     UNINITIALIZED
                  20000a70    00000010     rtsv7M4_T_le_v4SPD16_eabi.lib : memory.c.obj (.sysmem)
                  20000a80    000003f0     --HOLE--

.data      0    20000e70    00000005     UNINITIALIZED
                  20000e70    00000004     ping.obj (.data)
                  20000e74    00000001     Timer.obj (.data)

__llvm_prf_cnts 
*          0    20000000    00000000     UNINITIALIZED

MODULE SUMMARY

       Module                         code   ro data   rw data
       ------                         ----   -------   -------
    .\
       tm4c123gh6pm_startup_ccs.obj   12     620       0      
       Timer.obj                      584    0         5      
       ping.obj                       356    0         4      
       main.obj                       26     0         0      
    +--+------------------------------+------+---------+---------+
       Total:                         978    620       9      
                                                              
    C:/ti/TivaWare_C_Series-2.1.4.178/driverlib/ccs/Debug/driverlib.lib
       interrupt.obj                  68     0         620    
       cpu.obj                        12     0         0      
    +--+------------------------------+------+---------+---------+
       Total:                         80     0         620    
                                                              
    C:\ti\ccs1031\ccs\tools\compiler\ti-cgt-arm_20.2.4.LTS\lib\rtsv7M4_T_le_v4SPD16_eabi.lib
       memcpy_t2.asm.obj              156    0         0      
       copy_decompress_lzss.c.obj     104    0         0      
       autoinit.c.obj                 68     0         0      
       boot_cortex_m.c.obj            52     0         0      
       copy_zero_init.c.obj           28     0         0      
       copy_decompress_none.c.obj     14     0         0      
       exit.c.obj                     4      0         0      
       pre_init.c.obj                 4      0         0      
    +--+------------------------------+------+---------+---------+
       Total:                         430    0         0      
                                                              
       Heap:                          0      0         1024   
       Stack:                         0      0         2048   
       Linker Generated:              0      60        0      
    +--+------------------------------+------+---------+---------+
       Grand Total:                   1488   680       3701   


LINKER GENERATED COPY TABLES

__TI_cinit_table @ 00000868 records: 3, size/record: 8, table size: 24
	.bss: load addr=00000850, load size=00000008 bytes, run addr=2000026c, run size=00000004 bytes, compression=zero_init
	.data: load addr=00000858, load size=00000008 bytes, run addr=20000e70, run size=00000005 bytes, compression=lzss
	.vtable: load addr=00000860, load size=00000008 bytes, run addr=20000000, run size=0000026c bytes, compression=zero_init


LINKER GENERATED HANDLER TABLE

__TI_handler_table @ 00000840 records: 3, size/record: 4, table size: 12
	index: 0, handler: __TI_zero_init
	index: 1, handler: __TI_decompress_lzss
	index: 2, handler: __TI_decompress_none


GLOBAL SYMBOLS: SORTED ALPHABETICALLY BY Name 

address   name                          
-------   ----                          
00000839  C$$EXIT                       
0000081d  CPUcpsie                      
000007ff  IntMasterEnable               
00000761  IntRegister                   
20000e70  PB3                           
00000829  ResetISR                      
000005d5  TIMER3B_handler               
20000a70  __STACK_END                   
00000800  __STACK_SIZE                  
20000470  __STACK_TOP                   
00000400  __SYSMEM_SIZE                 
00000868  __TI_CINIT_Base               
00000880  __TI_CINIT_Limit              
00000840  __TI_Handler_Table_Base       
0000084c  __TI_Handler_Table_Limit      
0000071d  __TI_auto_init_nobinit_nopinit
000006b5  __TI_decompress_lzss          
0000080f  __TI_decompress_none          
ffffffff  __TI_pprof_out_hndl           
ffffffff  __TI_prof_data_size           
ffffffff  __TI_prof_data_start          
00000000  __TI_static_base__            
000007c9  __TI_zero_init_nomemset       
00000619  __aeabi_memcpy                
00000619  __aeabi_memcpy4               
00000619  __aeabi_memcpy8               
ffffffff  __binit__                     
ffffffff  __c_args__                    
UNDEFED   __mpu_init                    
20000270  __stack                       
20000000  __start___llvm_prf_cnts       
20000000  __stop___llvm_prf_cnts        
00000795  _c_int00_noargs               
20000e74  _running                      
20000a70  _sys_memory                   
UNDEFED   _system_post_cinit            
00000835  _system_pre_init              
2000026c  _timeout_ticks                
00000839  abort                         
ffffffff  binit                         
20000000  g_pfnRAMVectors               
00000000  g_pfnVectors                  
000007e5  main                          
00000619  memcpy                        
0000054d  ping_read                     
000004b5  ping_timer3b_init             
0000055b  send_pulse                    
0000038b  timer_getMicros               
00000333  timer_getMillis               
0000026d  timer_init                    
0000030f  timer_pause                   
00000321  timer_resume                  
000002e5  timer_stop                    
000003e5  timer_waitMicros              
00000417  timer_waitMillis              


GLOBAL SYMBOLS: SORTED BY Symbol Address 

address   name                          
-------   ----                          
00000000  __TI_static_base__            
00000000  g_pfnVectors                  
0000026d  timer_init                    
000002e5  timer_stop                    
0000030f  timer_pause                   
00000321  timer_resume                  
00000333  timer_getMillis               
0000038b  timer_getMicros               
000003e5  timer_waitMicros              
00000400  __SYSMEM_SIZE                 
00000417  timer_waitMillis              
000004b5  ping_timer3b_init             
0000054d  ping_read                     
0000055b  send_pulse                    
000005d5  TIMER3B_handler               
00000619  __aeabi_memcpy                
00000619  __aeabi_memcpy4               
00000619  __aeabi_memcpy8               
00000619  memcpy                        
000006b5  __TI_decompress_lzss          
0000071d  __TI_auto_init_nobinit_nopinit
00000761  IntRegister                   
00000795  _c_int00_noargs               
000007c9  __TI_zero_init_nomemset       
000007e5  main                          
000007ff  IntMasterEnable               
00000800  __STACK_SIZE                  
0000080f  __TI_decompress_none          
0000081d  CPUcpsie                      
00000829  ResetISR                      
00000835  _system_pre_init              
00000839  C$$EXIT                       
00000839  abort                         
00000840  __TI_Handler_Table_Base       
0000084c  __TI_Handler_Table_Limit      
00000868  __TI_CINIT_Base               
00000880  __TI_CINIT_Limit              
20000000  __start___llvm_prf_cnts       
20000000  __stop___llvm_prf_cnts        
20000000  g_pfnRAMVectors               
2000026c  _timeout_ticks                
20000270  __stack                       
20000470  __STACK_TOP                   
20000a70  __STACK_END                   
20000a70  _sys_memory                   
20000e70  PB3                           
20000e74  _running                      
ffffffff  __TI_pprof_out_hndl           
ffffffff  __TI_prof_data_size           
ffffffff  __TI_prof_data_start          
ffffffff  __binit__                     
ffffffff  __c_args__                    
ffffffff  binit                         
UNDEFED   __mpu_init                    
UNDEFED   _system_post_cinit            

[55 symbols]
