******************************************************************************
                  TI ARM Linker PC v20.2.4                     
******************************************************************************
>> Linked Tue Nov  9 22:28:51 2021

OUTPUT FILE NAME:   <lab_5.out>
ENTRY POINT SYMBOL: "_c_int00_noargs"  address: 0000397d


MEMORY CONFIGURATION

         name            origin    length      used     unused   attr    fill
----------------------  --------  ---------  --------  --------  ----  --------
  FLASH                 00000000   00040000  00003cd4  0003c32c  R  X
  SRAM                  20000000   00008000  00000f1b  000070e5  RW X


SEGMENT ALLOCATION MAP

run origin  load origin   length   init length attrs members
----------  ----------- ---------- ----------- ----- -------
00000000    00000000    00003cd8   00003cd8    r-x
  00000000    00000000    0000026c   0000026c    r-- .intvecs
  0000026c    0000026c    000038ec   000038ec    r-x .text
  00003b58    00003b58    0000013c   0000013c    r-- .const
  00003c98    00003c98    00000040   00000040    r-- .cinit
20000000    20000000    00000f22   00000000    rw-
  20000000    20000000    0000026c   00000000    rw- .vtable
  20000270    20000270    00000800   00000000    rw- .stack
  20000a70    20000a70    00000400   00000000    rw- .sysmem
  20000e70    20000e70    000000a5   00000000    rw- .bss
  20000f18    20000f18    0000000a   00000000    rw- .data


SECTION ALLOCATION MAP

 output                                  attributes/
section   page    origin      length       input sections
--------  ----  ----------  ----------   ----------------
.intvecs   0    00000000    0000026c     
                  00000000    0000026c     tm4c123gh6pm_startup_ccs.obj (.intvecs)

.text      0    0000026c    000038ec     
                  0000026c    00000a4e     rtsv7M4_T_le_v4SPD16_eabi.lib : _printfi.c.obj (.text:__TI_printfi)
                  00000cba    00000002                                   : div0.asm.obj (.text)
                  00000cbc    000009c0                                   : e_pow.c.obj (.text:pow)
                  0000167c    00000328     lcd.obj (.text)
                  000019a4    00000270     rtsv7M4_T_le_v4SPD16_eabi.lib : _printfi.c.obj (.text:_pconv_a)
                  00001c14    00000248     Timer.obj (.text)
                  00001e5c    0000022c     lab5_template.obj (.text)
                  00002088    000001ec     libcybotScan.lib : ping.obj (.text)
                  00002274    000001d0     rtsv7M4_T_le_v4SPD16_eabi.lib : _printfi.c.obj (.text:_pconv_g)
                  00002444    000001b6                                   : fd_add_t2.asm.obj (.text)
                  000025fa    00000002     --HOLE-- [fill = 0]
                  000025fc    0000015c     libcybotUART.lib : uart.obj (.text)
                  00002758    00000158     rtsv7M4_T_le_v4SPD16_eabi.lib : e_sqrt.c.obj (.text:sqrt)
                  000028b0    0000013c                                   : _printfi.c.obj (.text:_pconv_e)
                  000029ec    00000136                                   : fd_div_t2.asm.obj (.text)
                  00002b22    00000002     --HOLE-- [fill = 0]
                  00002b24    00000124                                   : _printfi.c.obj (.text:fcvt)
                  00002c48    00000124     libcybotScan.lib : servo.obj (.text)
                  00002d6c    00000118                      : ir.obj (.text)
                  00002e84    00000110     rtsv7M4_T_le_v4SPD16_eabi.lib : s_scalbn.c.obj (.text:scalbn)
                  00002f94    000000fc                                   : fd_mul_t2.asm.obj (.text)
                  00003090    000000f0     button.obj (.text)
                  00003180    000000b1     rtsv7M4_T_le_v4SPD16_eabi.lib : _printfi.c.obj (.text:_ltostr)
                  00003231    00000001     --HOLE-- [fill = 0]
                  00003232    0000009c                                   : memcpy_t2.asm.obj (.text)
                  000032ce    00000096                                   : ull_div_t2.asm.obj (.text)
                  00003364    00000086                                   : fd_cmp_t2.asm.obj (.text:__aeabi_cdcmple)
                  000033ea    00000086                                   : fd_cmp_t2.asm.obj (.text:__aeabi_cdrcmple)
                  00003470    0000007a                                   : memset_t2.asm.obj (.text)
                  000034ea    0000006e                                   : _printfi.c.obj (.text:_mcpy)
                  00003558    00000068                                   : copy_decompress_lzss.c.obj (.text:decompress:lzss:__TI_decompress_lzss)
                  000035c0    00000064                                   : s_frexp.c.obj (.text:frexp)
                  00003624    00000058     libcybotScan.lib : cyBot_Scan.obj (.text)
                  0000367c    00000056     rtsv7M4_T_le_v4SPD16_eabi.lib : _printfi.c.obj (.text:_pconv_f)
                  000036d2    00000054                                   : _ltoa.c.obj (.text:__TI_ltoa)
                  00003726    00000052                                   : _printfi.c.obj (.text:_ecpy)
                  00003778    0000004c                                   : atoi.c.obj (.text:atoi)
                  000037c4    00000048                                   : fd_toi_t2.asm.obj (.text)
                  0000380c    00000044                                   : autoinit.c.obj (.text:__TI_auto_init_nobinit_nopinit:__TI_auto_init_nobinit_nopinit)
                  00003850    00000040                                   : sprintf.c.obj (.text:sprintf)
                  00003890    00000040                                   : vsnprintf.c.obj (.text:vsnprintf)
                  000038d0    0000003e                                   : _printfi.c.obj (.text:_fcpy)
                  0000390e    00000038                                   : fs_tod_t2.asm.obj (.text)
                  00003946    00000002     --HOLE-- [fill = 0]
                  00003948    00000034     driverlib.lib : interrupt.obj (.text:IntRegister)
                  0000397c    00000034     rtsv7M4_T_le_v4SPD16_eabi.lib : boot_cortex_m.c.obj (.text:_c_int00_noargs:_c_int00_noargs)
                  000039b0    00000030                                   : vsnprintf.c.obj (.text:_outs)
                  000039e0    0000002e                                   : i_tofd_t2.asm.obj (.text)
                  00003a0e    0000001c                                   : copy_zero_init.c.obj (.text:decompress:ZI:__TI_zero_init_nomemset:__TI_zero_init_nomemset)
                  00003a2a    0000001c                                   : memccpy.c.obj (.text:memccpy)
                  00003a46    0000001a                                   : s_copysign.c.obj (.text:copysign)
                  00003a60    00000018                                   : vsnprintf.c.obj (.text:_outc)
                  00003a78    00000018                                   : sprintf.c.obj (.text:_outs)
                  00003a90    00000018                                   : strcmp.c.obj (.text:strcmp)
                  00003aa8    00000016                                   : strchr.c.obj (.text:strchr)
                  00003abe    00000014                                   : strcpy.c.obj (.text:strcpy)
                  00003ad2    00000014                                   : strlen.c.obj (.text:strlen)
                  00003ae6    00000012                                   : wcslen.c.obj (.text:wcslen)
                  00003af8    00000010     driverlib.lib : interrupt.obj (.text:IntMasterEnable)
                  00003b08    00000010     lcd.obj (.text:lcd_clear)
                  00003b18    0000000e     rtsv7M4_T_le_v4SPD16_eabi.lib : copy_decompress_none.c.obj (.text:decompress:none:__TI_decompress_none)
                  00003b26    0000000c     driverlib.lib : cpu.obj (.text:CPUcpsie)
                  00003b32    0000000c     tm4c123gh6pm_startup_ccs.obj (.text)
                  00003b3e    0000000a     rtsv7M4_T_le_v4SPD16_eabi.lib : sprintf.c.obj (.text:_outc)
                  00003b48    00000008                                   : errno.c.obj (.text:__aeabi_errno_addr)
                  00003b50    00000004                                   : pre_init.c.obj (.text:_system_pre_init)
                  00003b54    00000004                                   : exit.c.obj (.text:abort:abort)

.const     0    00003b58    0000013c     
                  00003b58    00000101     rtsv7M4_T_le_v4SPD16_eabi.lib : ctype.c.obj (.const:.string:_ctypes_)
                  00003c59    00000004     lcd.obj (.const:.string:lineAddress$1)
                  00003c5d    00000003     --HOLE-- [fill = 0]
                  00003c60    00000030     rtsv7M4_T_le_v4SPD16_eabi.lib : e_pow.c.obj (.const:$O1$$)
                  00003c90    00000004     lcd.obj (.const:.string:lineAddresses$2)

.cinit     0    00003c98    00000040     
                  00003c98    0000000c     (__TI_handler_table)
                  00003ca4    00000004     --HOLE-- [fill = 0]
                  00003ca8    00000008     (.cinit..bss.load) [load image, compression = zero_init]
                  00003cb0    00000008     (.cinit..vtable.load) [load image, compression = zero_init]
                  00003cb8    00000007     (.cinit..data.load) [load image, compression = lzss]
                  00003cbf    00000001     --HOLE-- [fill = 0]
                  00003cc0    00000018     (__TI_cinit_table)

.init_array 
*          0    00000000    00000000     UNINITIALIZED

.vtable    0    20000000    0000026c     UNINITIALIZED
                  20000000    0000026c     driverlib.lib : interrupt.obj (.vtable)

.stack     0    20000270    00000800     UNINITIALIZED
                  20000270    00000004     rtsv7M4_T_le_v4SPD16_eabi.lib : boot_cortex_m.c.obj (.stack)
                  20000274    000007fc     --HOLE--

.sysmem    0    20000a70    00000400     UNINITIALIZED
                  20000a70    00000010     rtsv7M4_T_le_v4SPD16_eabi.lib : memory.c.obj (.sysmem)
                  20000a80    000003f0     --HOLE--

.bss       0    20000e70    000000a5     UNINITIALIZED
                  20000e70    00000054     lcd.obj (.bss:lastbuffer$3)
                  20000ec4    00000034     (.common:isr_char_buffer)
                  20000ef8    00000004     (.common:_timeout_ticks)
                  20000efc    00000004     (.common:button_event)
                  20000f00    00000004     (.common:button_num)
                  20000f04    00000004     (.common:fallingEdge)
                  20000f08    00000004     (.common:isr_int_value)
                  20000f0c    00000004     (.common:pulseLength)
                  20000f10    00000004     (.common:risingEdge)
                  20000f14    00000001     (.common:isRisingEdge)

.data      0    20000f18    0000000a     UNINITIALIZED
                  20000f18    00000004     libcybotUART.lib : uart.obj (.data)
                  20000f1c    00000004     rtsv7M4_T_le_v4SPD16_eabi.lib : errno.c.obj (.data)
                  20000f20    00000001     Timer.obj (.data)
                  20000f21    00000001     button.obj (.data)

__llvm_prf_cnts 
*          0    20000000    00000000     UNINITIALIZED

MODULE SUMMARY

       Module                         code    ro data   rw data
       ------                         ----    -------   -------
    .\
       lcd.obj                        824     8         84     
       tm4c123gh6pm_startup_ccs.obj   12      620       0      
       Timer.obj                      584     0         5      
       lab5_template.obj              556     0         0      
       button.obj                     240     0         9      
    +--+------------------------------+-------+---------+---------+
       Total:                         2216    628       98     
                                                               
    ../libcybotScan.lib
       ping.obj                       492     0         13     
       servo.obj                      292     0         0      
       ir.obj                         280     0         4      
       cyBot_Scan.obj                 88      0         0      
    +--+------------------------------+-------+---------+---------+
       Total:                         1152    0         17     
                                                               
    ../libcybotUART.lib
       uart.obj                       348     0         56     
    +--+------------------------------+-------+---------+---------+
       Total:                         348     0         56     
                                                               
    C:/ti/TivaWare_C_Series-2.1.4.178/driverlib/ccs/Debug/driverlib.lib
       interrupt.obj                  68      0         620    
       cpu.obj                        12      0         0      
    +--+------------------------------+-------+---------+---------+
       Total:                         80      0         620    
                                                               
    C:\ti\ccs1031\ccs\tools\compiler\ti-cgt-arm_20.2.4.LTS\lib\rtsv7M4_T_le_v4SPD16_eabi.lib
       _printfi.c.obj                 4851    0         0      
       e_pow.c.obj                    2496    48        0      
       fd_add_t2.asm.obj              438     0         0      
       e_sqrt.c.obj                   344     0         0      
       fd_div_t2.asm.obj              310     0         0      
       s_scalbn.c.obj                 272     0         0      
       fd_cmp_t2.asm.obj              268     0         0      
       ctype.c.obj                    0       257       0      
       fd_mul_t2.asm.obj              252     0         0      
       memcpy_t2.asm.obj              156     0         0      
       ull_div_t2.asm.obj             150     0         0      
       vsnprintf.c.obj                136     0         0      
       memset_t2.asm.obj              122     0         0      
       copy_decompress_lzss.c.obj     104     0         0      
       s_frexp.c.obj                  100     0         0      
       sprintf.c.obj                  98      0         0      
       _ltoa.c.obj                    84      0         0      
       atoi.c.obj                     76      0         0      
       fd_toi_t2.asm.obj              72      0         0      
       autoinit.c.obj                 68      0         0      
       fs_tod_t2.asm.obj              56      0         0      
       boot_cortex_m.c.obj            52      0         0      
       i_tofd_t2.asm.obj              46      0         0      
       copy_zero_init.c.obj           28      0         0      
       memccpy.c.obj                  28      0         0      
       s_copysign.c.obj               26      0         0      
       strcmp.c.obj                   24      0         0      
       strchr.c.obj                   22      0         0      
       strcpy.c.obj                   20      0         0      
       strlen.c.obj                   20      0         0      
       wcslen.c.obj                   18      0         0      
       copy_decompress_none.c.obj     14      0         0      
       errno.c.obj                    8       0         4      
       exit.c.obj                     4       0         0      
       pre_init.c.obj                 4       0         0      
       div0.asm.obj                   2       0         0      
    +--+------------------------------+-------+---------+---------+
       Total:                         10769   305       4      
                                                               
       Heap:                          0       0         1024   
       Stack:                         0       0         2048   
       Linker Generated:              0       59        0      
    +--+------------------------------+-------+---------+---------+
       Grand Total:                   14565   992       3867   


LINKER GENERATED COPY TABLES

__TI_cinit_table @ 00003cc0 records: 3, size/record: 8, table size: 24
	.bss: load addr=00003ca8, load size=00000008 bytes, run addr=20000e70, run size=000000a5 bytes, compression=zero_init
	.vtable: load addr=00003cb0, load size=00000008 bytes, run addr=20000000, run size=0000026c bytes, compression=zero_init
	.data: load addr=00003cb8, load size=00000007 bytes, run addr=20000f18, run size=0000000a bytes, compression=lzss


LINKER GENERATED HANDLER TABLE

__TI_handler_table @ 00003c98 records: 3, size/record: 4, table size: 12
	index: 0, handler: __TI_zero_init
	index: 1, handler: __TI_decompress_lzss
	index: 2, handler: __TI_decompress_none


GLOBAL SYMBOLS: SORTED ALPHABETICALLY BY Name 

address   name                          
-------   ----                          
00002e05  ADC0SS0_Handler               
00003b55  C$$EXIT                       
00003b27  CPUcpsie                      
00003af9  IntMasterEnable               
00003949  IntRegister                   
00003b33  ResetISR                      
00002179  TIMER3B_Handler               
20000a70  __STACK_END                   
00000800  __STACK_SIZE                  
20000470  __STACK_TOP                   
00000400  __SYSMEM_SIZE                 
00003cc0  __TI_CINIT_Base               
00003cd8  __TI_CINIT_Limit              
00003c98  __TI_Handler_Table_Base       
00003ca4  __TI_Handler_Table_Limit      
0000380d  __TI_auto_init_nobinit_nopinit
00003559  __TI_decompress_lzss          
00003b19  __TI_decompress_none          
000036d3  __TI_ltoa                     
ffffffff  __TI_pprof_out_hndl           
0000026d  __TI_printfi                  
ffffffff  __TI_prof_data_size           
ffffffff  __TI_prof_data_start          
00000000  __TI_static_base__            
00003a0f  __TI_zero_init_nomemset       
00003365  __aeabi_cdcmpeq               
00003365  __aeabi_cdcmple               
000033eb  __aeabi_cdrcmple              
000037c5  __aeabi_d2iz                  
0000244f  __aeabi_dadd                  
000029ed  __aeabi_ddiv                  
00002f95  __aeabi_dmul                  
00002445  __aeabi_dsub                  
00003b49  __aeabi_errno_addr            
0000390f  __aeabi_f2d                   
000039e1  __aeabi_i2d                   
00000cbb  __aeabi_idiv0                 
00000cbb  __aeabi_ldiv0                 
00003471  __aeabi_memclr                
00003471  __aeabi_memclr4               
00003471  __aeabi_memclr8               
00003233  __aeabi_memcpy                
00003233  __aeabi_memcpy4               
00003233  __aeabi_memcpy8               
00003473  __aeabi_memset                
00003473  __aeabi_memset4               
00003473  __aeabi_memset8               
000032cf  __aeabi_uldivmod              
ffffffff  __binit__                     
ffffffff  __c_args__                    
UNDEFED   __mpu_init                    
20000270  __stack                       
20000000  __start___llvm_prf_cnts       
20000000  __stop___llvm_prf_cnts        
0000397d  _c_int00_noargs               
00003b58  _ctypes_                      
20000f20  _running                      
20000a70  _sys_memory                   
UNDEFED   _system_post_cinit            
00003b51  _system_pre_init              
20000ef8  _timeout_ticks                
00003b55  abort                         
00003779  atoi                          
00001f8d  average                       
ffffffff  binit                         
20000efc  button_event                  
00003119  button_getButton              
00003091  button_init                   
20000f00  button_num                    
00003a47  copysign                      
00003a47  copysignl                     
00003635  cyBOT_Scan                    
00003625  cyBOT_init_Scan               
00002705  cyBot_UART1_Handler           
000026eb  cyBot_getByte                 
000025fd  cyBot_sendByte                
000026cd  cyBot_uart_flush              
0000263b  cyBot_uart_init               
00002623  cyBot_uart_sendBuffer         
00002609  cyBot_uart_sendStr            
20000f1c  errno                         
00001e87  estimateDistance              
20000f04  fallingEdge                   
000035c1  frexp                         
000035c1  frexpl                        
20000000  g_pfnRAMVectors               
00000000  g_pfnVectors                  
00003101  gpioe_handler                 
000030bd  init_button_interrupts        
00002e1b  ir_enableInterrupt            
00002dfd  ir_getDistance                
00002dd5  ir_getValue                   
00002d6d  ir_init                       
20000f14  isRisingEdge                  
20000ec4  isr_char_buffer               
20000f18  isr_counter                   
20000f08  isr_int_value                 
00003b09  lcd_clear                     
00001851  lcd_gotoLine                  
000016b9  lcd_init                      
000018b7  lcd_printf                    
00001779  lcd_putc                      
000017b1  lcd_puts                      
0000167d  lcd_reverseNibble             
000017cf  lcd_sendCommand               
0000180d  lcd_sendNibble                
00001879  lcd_setCursorPos              
00002e85  ldexp                         
00002e85  ldexpl                        
00001fed  main                          
00003a2b  memccpy                       
00003233  memcpy                        
00003479  memset                        
000021cb  ping_getDistance              
00002089  ping_init                     
0000210f  ping_trigger                  
00000cbd  pow                           
00000cbd  powl                          
00001e5d  print_data                    
00001f03  print_values                  
20000f0c  pulseLength                   
20000f10  risingEdge                    
00002e85  scalbn                        
00002e85  scalbnl                       
00002c49  servo_init                    
00002ccd  servo_move                    
00002d17  servo_setPWM                  
00002cc1  servo_stop                    
00003851  sprintf                       
00002759  sqrt                          
00002759  sqrtl                         
00003aa9  strchr                        
00003a91  strcmp                        
00003abf  strcpy                        
00003ad3  strlen                        
00001d33  timer_getMicros               
00001cdb  timer_getMillis               
00001c15  timer_init                    
00001cb7  timer_pause                   
00001cc9  timer_resume                  
00001c8d  timer_stop                    
00001d8d  timer_waitMicros              
00001dbf  timer_waitMillis              
00003891  vsnprintf                     
00003ae7  wcslen                        


GLOBAL SYMBOLS: SORTED BY Symbol Address 

address   name                          
-------   ----                          
00000000  __TI_static_base__            
00000000  g_pfnVectors                  
0000026d  __TI_printfi                  
00000400  __SYSMEM_SIZE                 
00000800  __STACK_SIZE                  
00000cbb  __aeabi_idiv0                 
00000cbb  __aeabi_ldiv0                 
00000cbd  pow                           
00000cbd  powl                          
0000167d  lcd_reverseNibble             
000016b9  lcd_init                      
00001779  lcd_putc                      
000017b1  lcd_puts                      
000017cf  lcd_sendCommand               
0000180d  lcd_sendNibble                
00001851  lcd_gotoLine                  
00001879  lcd_setCursorPos              
000018b7  lcd_printf                    
00001c15  timer_init                    
00001c8d  timer_stop                    
00001cb7  timer_pause                   
00001cc9  timer_resume                  
00001cdb  timer_getMillis               
00001d33  timer_getMicros               
00001d8d  timer_waitMicros              
00001dbf  timer_waitMillis              
00001e5d  print_data                    
00001e87  estimateDistance              
00001f03  print_values                  
00001f8d  average                       
00001fed  main                          
00002089  ping_init                     
0000210f  ping_trigger                  
00002179  TIMER3B_Handler               
000021cb  ping_getDistance              
00002445  __aeabi_dsub                  
0000244f  __aeabi_dadd                  
000025fd  cyBot_sendByte                
00002609  cyBot_uart_sendStr            
00002623  cyBot_uart_sendBuffer         
0000263b  cyBot_uart_init               
000026cd  cyBot_uart_flush              
000026eb  cyBot_getByte                 
00002705  cyBot_UART1_Handler           
00002759  sqrt                          
00002759  sqrtl                         
000029ed  __aeabi_ddiv                  
00002c49  servo_init                    
00002cc1  servo_stop                    
00002ccd  servo_move                    
00002d17  servo_setPWM                  
00002d6d  ir_init                       
00002dd5  ir_getValue                   
00002dfd  ir_getDistance                
00002e05  ADC0SS0_Handler               
00002e1b  ir_enableInterrupt            
00002e85  ldexp                         
00002e85  ldexpl                        
00002e85  scalbn                        
00002e85  scalbnl                       
00002f95  __aeabi_dmul                  
00003091  button_init                   
000030bd  init_button_interrupts        
00003101  gpioe_handler                 
00003119  button_getButton              
00003233  __aeabi_memcpy                
00003233  __aeabi_memcpy4               
00003233  __aeabi_memcpy8               
00003233  memcpy                        
000032cf  __aeabi_uldivmod              
00003365  __aeabi_cdcmpeq               
00003365  __aeabi_cdcmple               
000033eb  __aeabi_cdrcmple              
00003471  __aeabi_memclr                
00003471  __aeabi_memclr4               
00003471  __aeabi_memclr8               
00003473  __aeabi_memset                
00003473  __aeabi_memset4               
00003473  __aeabi_memset8               
00003479  memset                        
00003559  __TI_decompress_lzss          
000035c1  frexp                         
000035c1  frexpl                        
00003625  cyBOT_init_Scan               
00003635  cyBOT_Scan                    
000036d3  __TI_ltoa                     
00003779  atoi                          
000037c5  __aeabi_d2iz                  
0000380d  __TI_auto_init_nobinit_nopinit
00003851  sprintf                       
00003891  vsnprintf                     
0000390f  __aeabi_f2d                   
00003949  IntRegister                   
0000397d  _c_int00_noargs               
000039e1  __aeabi_i2d                   
00003a0f  __TI_zero_init_nomemset       
00003a2b  memccpy                       
00003a47  copysign                      
00003a47  copysignl                     
00003a91  strcmp                        
00003aa9  strchr                        
00003abf  strcpy                        
00003ad3  strlen                        
00003ae7  wcslen                        
00003af9  IntMasterEnable               
00003b09  lcd_clear                     
00003b19  __TI_decompress_none          
00003b27  CPUcpsie                      
00003b33  ResetISR                      
00003b49  __aeabi_errno_addr            
00003b51  _system_pre_init              
00003b55  C$$EXIT                       
00003b55  abort                         
00003b58  _ctypes_                      
00003c98  __TI_Handler_Table_Base       
00003ca4  __TI_Handler_Table_Limit      
00003cc0  __TI_CINIT_Base               
00003cd8  __TI_CINIT_Limit              
20000000  __start___llvm_prf_cnts       
20000000  __stop___llvm_prf_cnts        
20000000  g_pfnRAMVectors               
20000270  __stack                       
20000470  __STACK_TOP                   
20000a70  __STACK_END                   
20000a70  _sys_memory                   
20000ec4  isr_char_buffer               
20000ef8  _timeout_ticks                
20000efc  button_event                  
20000f00  button_num                    
20000f04  fallingEdge                   
20000f08  isr_int_value                 
20000f0c  pulseLength                   
20000f10  risingEdge                    
20000f14  isRisingEdge                  
20000f18  isr_counter                   
20000f1c  errno                         
20000f20  _running                      
ffffffff  __TI_pprof_out_hndl           
ffffffff  __TI_prof_data_size           
ffffffff  __TI_prof_data_start          
ffffffff  __binit__                     
ffffffff  __c_args__                    
ffffffff  binit                         
UNDEFED   __mpu_init                    
UNDEFED   _system_post_cinit            

[145 symbols]
