******************************************************************************
                  TI ARM Linker PC v20.2.4                     
******************************************************************************
>> Linked Tue Oct 19 20:49:37 2021

OUTPUT FILE NAME:   <lab_6.out>
ENTRY POINT SYMBOL: "_c_int00_noargs"  address: 0000585d


MEMORY CONFIGURATION

         name            origin    length      used     unused   attr    fill
----------------------  --------  ---------  --------  --------  ----  --------
  FLASH                 00000000   00040000  00005d60  0003a2a0  R  X
  SRAM                  20000000   00008000  00000f29  000070d7  RW X


SEGMENT ALLOCATION MAP

run origin  load origin   length   init length attrs members
----------  ----------- ---------- ----------- ----- -------
00000000    00000000    00005d60   00005d60    r-x
  00000000    00000000    0000026c   0000026c    r-- .intvecs
  0000026c    0000026c    00005834   00005834    r-x .text
  00005aa0    00005aa0    00000270   00000270    r-- .const
  00005d10    00005d10    00000050   00000050    r-- .cinit
20000000    20000000    00000f2d   00000000    rw-
  20000000    20000000    0000026c   00000000    rw- .vtable
  20000270    20000270    00000800   00000000    rw- .stack
  20000a70    20000a70    00000400   00000000    rw- .sysmem
  20000e70    20000e70    00000088   00000000    rw- .bss
  20000ef8    20000ef8    00000035   00000000    rw- .data


SECTION ALLOCATION MAP

 output                                  attributes/
section   page    origin      length       input sections
--------  ----  ----------  ----------   ----------------
.intvecs   0    00000000    0000026c     
                  00000000    0000026c     tm4c123gh6pm_startup_ccs.obj (.intvecs)

.text      0    0000026c    00005834     
                  0000026c    00000c20     open_interface.obj (.text)
                  00000e8c    00000a4e     rtsv7M4_T_le_v4SPD16_eabi.lib : _printfi.c.obj (.text:__TI_printfi)
                  000018da    00000002                                   : _lock.c.obj (.text:_nop)
                  000018dc    00000738                                   : k_rem_pio2.c.obj (.text:__kernel_rem_pio2)
                  00002014    000005dc                                   : s_cos.c.obj (.text:cos)
                  000025f0    000004f2     xyz.obj (.text)
                  00002ae2    00000002     rtsv7M4_T_le_v4SPD16_eabi.lib : div0.asm.obj (.text)
                  00002ae4    000003f4     movement.obj (.text)
                  00002ed8    00000328     lcd.obj (.text)
                  00003200    00000270     rtsv7M4_T_le_v4SPD16_eabi.lib : _printfi.c.obj (.text:_pconv_a)
                  00003470    00000248     Timer.obj (.text)
                  000036b8    00000240     uart.obj (.text)
                  000038f8    000001ec     libcybotScan.lib : ping.obj (.text)
                  00003ae4    000001d0     rtsv7M4_T_le_v4SPD16_eabi.lib : _printfi.c.obj (.text:_pconv_g)
                  00003cb4    000001b6                                   : fd_add_t2.asm.obj (.text)
                  00003e6a    00000002     --HOLE-- [fill = 0]
                  00003e6c    00000174                                   : k_sin.c.obj (.text:__kernel_sin)
                  00003fe0    0000016c                                   : k_cos.c.obj (.text:__kernel_cos)
                  0000414c    00000158                                   : e_sqrt.c.obj (.text:sqrt)
                  000042a4    0000013c                                   : _printfi.c.obj (.text:_pconv_e)
                  000043e0    00000136                                   : fd_div_t2.asm.obj (.text)
                  00004516    00000002     --HOLE-- [fill = 0]
                  00004518    00000124                                   : _printfi.c.obj (.text:fcvt)
                  0000463c    00000124     libcybotScan.lib : servo.obj (.text)
                  00004760    00000118                      : ir.obj (.text)
                  00004878    00000110     rtsv7M4_T_le_v4SPD16_eabi.lib : s_scalbn.c.obj (.text:scalbn)
                  00004988    00000100                                   : memory.c.obj (.text:aligned_alloc)
                  00004a88    000000fc                                   : fd_mul_t2.asm.obj (.text)
                  00004b84    000000f8                                   : s_ceil.c.obj (.text:ceil)
                  00004c7c    000000f8                                   : s_floor.c.obj (.text:floor)
                  00004d74    000000f0     mission_helper.obj (.text)
                  00004e64    000000e4     rtsv7M4_T_le_v4SPD16_eabi.lib : memory.c.obj (.text:free)
                  00004f48    000000b1                                   : _printfi.c.obj (.text:_ltostr)
                  00004ff9    00000001     --HOLE-- [fill = 0]
                  00004ffa    0000009c                                   : memcpy_t2.asm.obj (.text)
                  00005096    00000096                                   : ull_div_t2.asm.obj (.text)
                  0000512c    00000086                                   : fd_cmp_t2.asm.obj (.text:__aeabi_cdcmple)
                  000051b2    00000086                                   : fd_cmp_t2.asm.obj (.text:__aeabi_cdrcmple)
                  00005238    0000007a                                   : memset_t2.asm.obj (.text)
                  000052b2    00000002     --HOLE-- [fill = 0]
                  000052b4    00000070                                   : memory.c.obj (.text:split)
                  00005324    0000006e                                   : _printfi.c.obj (.text:_mcpy)
                  00005392    0000006e                                   : fd_tos_t2.asm.obj (.text)
                  00005400    00000068                                   : copy_decompress_lzss.c.obj (.text:decompress:lzss:__TI_decompress_lzss)
                  00005468    00000064                                   : s_frexp.c.obj (.text:frexp)
                  000054cc    00000058     libcybotScan.lib : cyBot_Scan.obj (.text)
                  00005524    00000056     rtsv7M4_T_le_v4SPD16_eabi.lib : _printfi.c.obj (.text:_pconv_f)
                  0000557a    00000054                                   : _ltoa.c.obj (.text:__TI_ltoa)
                  000055ce    00000052                                   : _printfi.c.obj (.text:_ecpy)
                  00005620    0000004c                                   : atoi.c.obj (.text:atoi)
                  0000566c    00000048                                   : fd_toi_t2.asm.obj (.text)
                  000056b4    00000044                                   : autoinit.c.obj (.text:__TI_auto_init_nobinit_nopinit:__TI_auto_init_nobinit_nopinit)
                  000056f8    00000040                                   : sprintf.c.obj (.text:sprintf)
                  00005738    00000040                                   : vsnprintf.c.obj (.text:vsnprintf)
                  00005778    0000003e                                   : _printfi.c.obj (.text:_fcpy)
                  000057b6    00000002     --HOLE-- [fill = 0]
                  000057b8    00000038                                   : memory.c.obj (.text:calloc)
                  000057f0    00000038                                   : fs_tod_t2.asm.obj (.text)
                  00005828    00000034     driverlib.lib : interrupt.obj (.text:IntRegister)
                  0000585c    00000034     rtsv7M4_T_le_v4SPD16_eabi.lib : boot_cortex_m.c.obj (.text:_c_int00_noargs:_c_int00_noargs)
                  00005890    00000030                                   : vsnprintf.c.obj (.text:_outs)
                  000058c0    0000002e                                   : i_tofd_t2.asm.obj (.text)
                  000058ee    00000002     --HOLE-- [fill = 0]
                  000058f0    00000028                                   : memory.c.obj (.text:free_list_insert)
                  00005918    0000001c                                   : copy_zero_init.c.obj (.text:decompress:ZI:__TI_zero_init_nomemset:__TI_zero_init_nomemset)
                  00005934    0000001c                                   : memory.c.obj (.text:free_list_remove)
                  00005950    0000001c                                   : memccpy.c.obj (.text:memccpy)
                  0000596c    0000001a                                   : s_copysign.c.obj (.text:copysign)
                  00005986    00000018                                   : vsnprintf.c.obj (.text:_outc)
                  0000599e    00000018                                   : sprintf.c.obj (.text:_outs)
                  000059b6    00000018     open_interface.obj (.text:oi_parseInt)
                  000059ce    00000018     rtsv7M4_T_le_v4SPD16_eabi.lib : strcmp.c.obj (.text:strcmp)
                  000059e6    00000016                                   : strchr.c.obj (.text:strchr)
                  000059fc    00000014                                   : strcpy.c.obj (.text:strcpy)
                  00005a10    00000014                                   : strlen.c.obj (.text:strlen)
                  00005a24    00000012                                   : wcslen.c.obj (.text:wcslen)
                  00005a36    00000010     driverlib.lib : interrupt.obj (.text:IntMasterEnable)
                  00005a46    00000010     lcd.obj (.text:lcd_clear)
                  00005a56    0000000e     rtsv7M4_T_le_v4SPD16_eabi.lib : copy_decompress_none.c.obj (.text:decompress:none:__TI_decompress_none)
                  00005a64    0000000c     driverlib.lib : cpu.obj (.text:CPUcpsie)
                  00005a70    0000000c     tm4c123gh6pm_startup_ccs.obj (.text)
                  00005a7c    0000000a     rtsv7M4_T_le_v4SPD16_eabi.lib : sprintf.c.obj (.text:_outc)
                  00005a86    00000002     --HOLE-- [fill = 0]
                  00005a88    00000008                                   : errno.c.obj (.text:__aeabi_errno_addr)
                  00005a90    00000008                                   : memory.c.obj (.text:malloc)
                  00005a98    00000004                                   : pre_init.c.obj (.text:_system_pre_init)
                  00005a9c    00000004                                   : exit.c.obj (.text:abort:abort)

.const     0    00005aa0    00000270     
                  00005aa0    00000158     rtsv7M4_T_le_v4SPD16_eabi.lib : k_rem_pio2.c.obj (.const:$O1$$)
                  00005bf8    00000101                                   : ctype.c.obj (.const:.string:_ctypes_)
                  00005cf9    0000000f     open_interface.obj (.const:.string:$P$T0$3)
                  00005d08    00000004     lcd.obj (.const:.string:lineAddress$1)
                  00005d0c    00000004     lcd.obj (.const:.string:lineAddresses$2)

.cinit     0    00005d10    00000050     
                  00005d10    00000018     (.cinit..data.load) [load image, compression = lzss]
                  00005d28    0000000c     (__TI_handler_table)
                  00005d34    00000004     --HOLE-- [fill = 0]
                  00005d38    00000008     (.cinit..bss.load) [load image, compression = zero_init]
                  00005d40    00000008     (.cinit..vtable.load) [load image, compression = zero_init]
                  00005d48    00000018     (__TI_cinit_table)

.init_array 
*          0    00000000    00000000     UNINITIALIZED

.vtable    0    20000000    0000026c     UNINITIALIZED
                  20000000    0000026c     driverlib.lib : interrupt.obj (.vtable)

.stack     0    20000270    00000800     UNINITIALIZED
                  20000270    00000004     rtsv7M4_T_le_v4SPD16_eabi.lib : boot_cortex_m.c.obj (.stack)
                  20000274    000007fc     --HOLE--

.sysmem    0    20000a70    00000400     UNINITIALIZED
                  20000a70    00000010     rtsv7M4_T_le_v4SPD16_eabi.lib : memory.c.obj (.sysmem)
                  20000a80    000003f0     --HOLE--

.bss       0    20000e70    00000088     UNINITIALIZED
                  20000e70    00000054     lcd.obj (.bss:lastbuffer$3)
                  20000ec4    00000018     open_interface.obj (.bss:firmware$2)
                  20000edc    00000004     (.common:_timeout_ticks)
                  20000ee0    00000004     (.common:fallingEdge)
                  20000ee4    00000004     (.common:isr_int_value)
                  20000ee8    00000004     (.common:pulseLength)
                  20000eec    00000004     (.common:risingEdge)
                  20000ef0    00000004     (.common:sensor_data)
                  20000ef4    00000001     (.common:flag)
                  20000ef5    00000001     (.common:isRisingEdge)
                  20000ef6    00000001     (.common:mode_flag)
                  20000ef7    00000001     (.common:uart_data)

.data      0    20000ef8    00000035     UNINITIALIZED
                  20000ef8    00000020     open_interface.obj (.data)
                  20000f18    00000008     rtsv7M4_T_le_v4SPD16_eabi.lib : _lock.c.obj (.data:$O1$$)
                  20000f20    00000008                                   : memory.c.obj (.data:$O1$$)
                  20000f28    00000004                                   : errno.c.obj (.data)
                  20000f2c    00000001     Timer.obj (.data)

__llvm_prf_cnts 
*          0    20000000    00000000     UNINITIALIZED

MODULE SUMMARY

       Module                         code    ro data   rw data
       ------                         ----    -------   -------
    .\
       open_interface.obj             3128    15        56     
       xyz.obj                        1266    0         4      
       movement.obj                   1012    0         0      
       lcd.obj                        824     8         84     
       tm4c123gh6pm_startup_ccs.obj   12      620       0      
       Timer.obj                      584     0         5      
       uart.obj                       576     0         3      
       mission_helper.obj             240     0         0      
    +--+------------------------------+-------+---------+---------+
       Total:                         7642    643       152    
                                                               
    ../libcybotScan.lib
       ping.obj                       492     0         13     
       servo.obj                      292     0         0      
       ir.obj                         280     0         4      
       cyBot_Scan.obj                 88      0         0      
    +--+------------------------------+-------+---------+---------+
       Total:                         1152    0         17     
                                                               
    C:/ti/TivaWare_C_Series-2.1.4.178/driverlib/ccs/Debug/driverlib.lib
       interrupt.obj                  68      0         620    
       cpu.obj                        12      0         0      
    +--+------------------------------+-------+---------+---------+
       Total:                         80      0         620    
                                                               
    C:\ti\ccs1031\ccs\tools\compiler\ti-cgt-arm_20.2.4.LTS\lib\rtsv7M4_T_le_v4SPD16_eabi.lib
       _printfi.c.obj                 4851    0         0      
       k_rem_pio2.c.obj               1848    344       0      
       s_cos.c.obj                    1500    0         0      
       memory.c.obj                   728     0         8      
       fd_add_t2.asm.obj              438     0         0      
       k_sin.c.obj                    372     0         0      
       k_cos.c.obj                    364     0         0      
       e_sqrt.c.obj                   344     0         0      
       fd_div_t2.asm.obj              310     0         0      
       s_scalbn.c.obj                 272     0         0      
       fd_cmp_t2.asm.obj              268     0         0      
       ctype.c.obj                    0       257       0      
       fd_mul_t2.asm.obj              252     0         0      
       s_ceil.c.obj                   248     0         0      
       s_floor.c.obj                  248     0         0      
       memcpy_t2.asm.obj              156     0         0      
       ull_div_t2.asm.obj             150     0         0      
       vsnprintf.c.obj                136     0         0      
       memset_t2.asm.obj              122     0         0      
       fd_tos_t2.asm.obj              110     0         0      
       copy_decompress_lzss.c.obj     104     0         0      
       s_frexp.c.obj                  100     0         0      
       sprintf.c.obj                  98      0         0      
       _ltoa.c.obj                    84      0         0      
       atoi.c.obj                     76      0         0      
       fd_toi_t2.asm.obj              72      0         0      
       autoinit.c.obj                 68      0         0      
       fs_tod_t2.asm.obj              56      0         0      
       boot_cortex_m.c.obj            52      0         0      
       i_tofd_t2.asm.obj              46      0         0      
       copy_zero_init.c.obj           28      0         0      
       memccpy.c.obj                  28      0         0      
       s_copysign.c.obj               26      0         0      
       strcmp.c.obj                   24      0         0      
       strchr.c.obj                   22      0         0      
       strcpy.c.obj                   20      0         0      
       strlen.c.obj                   20      0         0      
       wcslen.c.obj                   18      0         0      
       copy_decompress_none.c.obj     14      0         0      
       errno.c.obj                    8       0         4      
       _lock.c.obj                    2       0         8      
       exit.c.obj                     4       0         0      
       pre_init.c.obj                 4       0         0      
       div0.asm.obj                   2       0         0      
    +--+------------------------------+-------+---------+---------+
       Total:                         13693   601       20     
                                                               
       Heap:                          0       0         1024   
       Stack:                         0       0         2048   
       Linker Generated:              0       76        0      
    +--+------------------------------+-------+---------+---------+
       Grand Total:                   22567   1320      3881   


LINKER GENERATED COPY TABLES

__TI_cinit_table @ 00005d48 records: 3, size/record: 8, table size: 24
	.data: load addr=00005d10, load size=00000018 bytes, run addr=20000ef8, run size=00000035 bytes, compression=lzss
	.bss: load addr=00005d38, load size=00000008 bytes, run addr=20000e70, run size=00000088 bytes, compression=zero_init
	.vtable: load addr=00005d40, load size=00000008 bytes, run addr=20000000, run size=0000026c bytes, compression=zero_init


LINKER GENERATED HANDLER TABLE

__TI_handler_table @ 00005d28 records: 3, size/record: 4, table size: 12
	index: 0, handler: __TI_zero_init
	index: 1, handler: __TI_decompress_lzss
	index: 2, handler: __TI_decompress_none


GLOBAL SYMBOLS: SORTED ALPHABETICALLY BY Name 

address   name                          
-------   ----                          
000047f9  ADC0SS0_Handler               
00005a9d  C$$EXIT                       
00005a65  CPUcpsie                      
00000bc3  GPIOF_Handler                 
00005a37  IntMasterEnable               
00005829  IntRegister                   
00005a71  ResetISR                      
000039e9  TIMER3B_Handler               
00003819  UART1_Handler                 
20000a70  __STACK_END                   
00000800  __STACK_SIZE                  
20000470  __STACK_TOP                   
00000400  __SYSMEM_SIZE                 
00005d48  __TI_CINIT_Base               
00005d60  __TI_CINIT_Limit              
00005d28  __TI_Handler_Table_Base       
00005d34  __TI_Handler_Table_Limit      
000056b5  __TI_auto_init_nobinit_nopinit
00005401  __TI_decompress_lzss          
00005a57  __TI_decompress_none          
0000557b  __TI_ltoa                     
ffffffff  __TI_pprof_out_hndl           
00000e8d  __TI_printfi                  
ffffffff  __TI_prof_data_size           
ffffffff  __TI_prof_data_start          
00000000  __TI_static_base__            
00005919  __TI_zero_init_nomemset       
0000512d  __aeabi_cdcmpeq               
0000512d  __aeabi_cdcmple               
000051b3  __aeabi_cdrcmple              
00005393  __aeabi_d2f                   
0000566d  __aeabi_d2iz                  
00003cbf  __aeabi_dadd                  
000043e1  __aeabi_ddiv                  
00004a89  __aeabi_dmul                  
00003cb5  __aeabi_dsub                  
00005a89  __aeabi_errno_addr            
000057f1  __aeabi_f2d                   
000058c1  __aeabi_i2d                   
00002ae3  __aeabi_idiv0                 
00002ae3  __aeabi_ldiv0                 
00005239  __aeabi_memclr                
00005239  __aeabi_memclr4               
00005239  __aeabi_memclr8               
00004ffb  __aeabi_memcpy                
00004ffb  __aeabi_memcpy4               
00004ffb  __aeabi_memcpy8               
0000523b  __aeabi_memset                
0000523b  __aeabi_memset4               
0000523b  __aeabi_memset8               
00005097  __aeabi_uldivmod              
ffffffff  __binit__                     
ffffffff  __c_args__                    
00003fe1  __kernel_cos                  
000018dd  __kernel_rem_pio2             
00003e6d  __kernel_sin                  
UNDEFED   __mpu_init                    
20000270  __stack                       
20000000  __start___llvm_prf_cnts       
20000000  __stop___llvm_prf_cnts        
0000585d  _c_int00_noargs               
00005bf8  _ctypes_                      
20000f18  _lock                         
000018db  _nop                          
20000f2c  _running                      
20000a70  _sys_memory                   
UNDEFED   _system_post_cinit            
00005a99  _system_pre_init              
20000edc  _timeout_ticks                
20000f1c  _unlock                       
00005a9d  abort                         
00004989  aligned_alloc                 
00005621  atoi                          
000028a9  auto_mode                     
00002ca1  backup                        
ffffffff  binit                         
00004d99  calculateWidth                
000057b9  calloc                        
00004b85  ceil                          
00004b85  ceill                         
0000596d  copysign                      
0000596d  copysignl                     
00002015  cos                           
00002015  cosl                          
000054dd  cyBOT_Scan                    
000054cd  cyBOT_init_Scan               
20000f28  errno                         
20000ee0  fallingEdge                   
20000ef4  flag                          
00004c7d  floor                         
00004c7d  floorl                        
00004e65  free                          
00005469  frexp                         
00005469  frexpl                        
20000000  g_pfnRAMVectors               
00000000  g_pfnVectors                  
0000097f  go_charge                     
00002dbf  handle_both_bump              
00002d23  handle_bump                   
00002d99  handle_left_bump              
00002d73  handle_right_bump             
000037b3  interrupt_init                
0000480f  ir_enableInterrupt            
000047f1  ir_getDistance                
000047c9  ir_getValue                   
00004761  ir_init                       
20000ef5  isRisingEdge                  
20000ee4  isr_int_value                 
00005a47  lcd_clear                     
000030ad  lcd_gotoLine                  
00002f15  lcd_init                      
00003113  lcd_printf                    
00002fd5  lcd_putc                      
0000300d  lcd_puts                      
00002ed9  lcd_reverseNibble             
0000302b  lcd_sendCommand               
00003069  lcd_sendNibble                
000030d5  lcd_setCursorPos              
00004879  ldexp                         
00004879  ldexpl                        
00002a29  main                          
00005a91  malloc                        
00002793  manual_mode                   
00004989  memalign                      
00005951  memccpy                       
00004ffb  memcpy                        
00005241  memset                        
20000ef6  mode_flag                     
20000ef8  motor_cal_factor_L            
20000efc  motor_cal_factor_R            
00002ae5  move_foward                   
0000026d  oi_alloc                      
00000aa9  oi_checkFirmware              
000002c7  oi_close                      
00000279  oi_free                       
00000ded  oi_getMotorCalibrationLeft    
00000e01  oi_getMotorCalibrationRight   
000002b1  oi_init                       
00000289  oi_init_noupdate              
00000915  oi_loadSong                   
000059b7  oi_parseInt                   
0000032b  oi_parsePacket                
0000096b  oi_play_song                  
0000084b  oi_setLeds                    
00000db1  oi_setMotorCalibration        
0000088f  oi_setWheels                  
00000b51  oi_shutoff_init               
0000098d  oi_uartInit                   
00000a31  oi_uartReceive                
00000a77  oi_uartSendBuff               
00000a15  oi_uartSendChar               
00000a59  oi_uartSendStr                
000002d9  oi_update                     
00003a3b  ping_getDistance              
000038f9  ping_init                     
0000397f  ping_trigger                  
00004e43  pointToObject                 
00004d75  printResponse                 
00004d81  print_data                    
20000ee8  pulseLength                   
20000eec  risingEdge                    
00004879  scalbn                        
00004879  scalbnl                       
000025f1  scan_for_objects              
20000ef0  sensor_data                   
0000463d  servo_init                    
000046c1  servo_move                    
0000470b  servo_setPWM                  
000046b5  servo_stop                    
000056f9  sprintf                       
0000414d  sqrt                          
0000414d  sqrtl                         
000059e7  strchr                        
000059cf  strcmp                        
000059fd  strcpy                        
00005a11  strlen                        
0000358f  timer_getMicros               
00003537  timer_getMillis               
00003471  timer_init                    
00003513  timer_pause                   
00003525  timer_resume                  
000034e9  timer_stop                    
000035e9  timer_waitMicros              
0000361b  timer_waitMillis              
00002ddd  travel_to_object              
00002bc3  turn_clockwise                
00002c8f  turn_counterClockwise         
20000ef7  uart_data                     
000036b9  uart_init                     
00003779  uart_sendChar                 
00003795  uart_sendStr                  
00005739  vsnprintf                     
00005a25  wcslen                        


GLOBAL SYMBOLS: SORTED BY Symbol Address 

address   name                          
-------   ----                          
00000000  __TI_static_base__            
00000000  g_pfnVectors                  
0000026d  oi_alloc                      
00000279  oi_free                       
00000289  oi_init_noupdate              
000002b1  oi_init                       
000002c7  oi_close                      
000002d9  oi_update                     
0000032b  oi_parsePacket                
00000400  __SYSMEM_SIZE                 
00000800  __STACK_SIZE                  
0000084b  oi_setLeds                    
0000088f  oi_setWheels                  
00000915  oi_loadSong                   
0000096b  oi_play_song                  
0000097f  go_charge                     
0000098d  oi_uartInit                   
00000a15  oi_uartSendChar               
00000a31  oi_uartReceive                
00000a59  oi_uartSendStr                
00000a77  oi_uartSendBuff               
00000aa9  oi_checkFirmware              
00000b51  oi_shutoff_init               
00000bc3  GPIOF_Handler                 
00000db1  oi_setMotorCalibration        
00000ded  oi_getMotorCalibrationLeft    
00000e01  oi_getMotorCalibrationRight   
00000e8d  __TI_printfi                  
000018db  _nop                          
000018dd  __kernel_rem_pio2             
00002015  cos                           
00002015  cosl                          
000025f1  scan_for_objects              
00002793  manual_mode                   
000028a9  auto_mode                     
00002a29  main                          
00002ae3  __aeabi_idiv0                 
00002ae3  __aeabi_ldiv0                 
00002ae5  move_foward                   
00002bc3  turn_clockwise                
00002c8f  turn_counterClockwise         
00002ca1  backup                        
00002d23  handle_bump                   
00002d73  handle_right_bump             
00002d99  handle_left_bump              
00002dbf  handle_both_bump              
00002ddd  travel_to_object              
00002ed9  lcd_reverseNibble             
00002f15  lcd_init                      
00002fd5  lcd_putc                      
0000300d  lcd_puts                      
0000302b  lcd_sendCommand               
00003069  lcd_sendNibble                
000030ad  lcd_gotoLine                  
000030d5  lcd_setCursorPos              
00003113  lcd_printf                    
00003471  timer_init                    
000034e9  timer_stop                    
00003513  timer_pause                   
00003525  timer_resume                  
00003537  timer_getMillis               
0000358f  timer_getMicros               
000035e9  timer_waitMicros              
0000361b  timer_waitMillis              
000036b9  uart_init                     
00003779  uart_sendChar                 
00003795  uart_sendStr                  
000037b3  interrupt_init                
00003819  UART1_Handler                 
000038f9  ping_init                     
0000397f  ping_trigger                  
000039e9  TIMER3B_Handler               
00003a3b  ping_getDistance              
00003cb5  __aeabi_dsub                  
00003cbf  __aeabi_dadd                  
00003e6d  __kernel_sin                  
00003fe1  __kernel_cos                  
0000414d  sqrt                          
0000414d  sqrtl                         
000043e1  __aeabi_ddiv                  
0000463d  servo_init                    
000046b5  servo_stop                    
000046c1  servo_move                    
0000470b  servo_setPWM                  
00004761  ir_init                       
000047c9  ir_getValue                   
000047f1  ir_getDistance                
000047f9  ADC0SS0_Handler               
0000480f  ir_enableInterrupt            
00004879  ldexp                         
00004879  ldexpl                        
00004879  scalbn                        
00004879  scalbnl                       
00004989  aligned_alloc                 
00004989  memalign                      
00004a89  __aeabi_dmul                  
00004b85  ceil                          
00004b85  ceill                         
00004c7d  floor                         
00004c7d  floorl                        
00004d75  printResponse                 
00004d81  print_data                    
00004d99  calculateWidth                
00004e43  pointToObject                 
00004e65  free                          
00004ffb  __aeabi_memcpy                
00004ffb  __aeabi_memcpy4               
00004ffb  __aeabi_memcpy8               
00004ffb  memcpy                        
00005097  __aeabi_uldivmod              
0000512d  __aeabi_cdcmpeq               
0000512d  __aeabi_cdcmple               
000051b3  __aeabi_cdrcmple              
00005239  __aeabi_memclr                
00005239  __aeabi_memclr4               
00005239  __aeabi_memclr8               
0000523b  __aeabi_memset                
0000523b  __aeabi_memset4               
0000523b  __aeabi_memset8               
00005241  memset                        
00005393  __aeabi_d2f                   
00005401  __TI_decompress_lzss          
00005469  frexp                         
00005469  frexpl                        
000054cd  cyBOT_init_Scan               
000054dd  cyBOT_Scan                    
0000557b  __TI_ltoa                     
00005621  atoi                          
0000566d  __aeabi_d2iz                  
000056b5  __TI_auto_init_nobinit_nopinit
000056f9  sprintf                       
00005739  vsnprintf                     
000057b9  calloc                        
000057f1  __aeabi_f2d                   
00005829  IntRegister                   
0000585d  _c_int00_noargs               
000058c1  __aeabi_i2d                   
00005919  __TI_zero_init_nomemset       
00005951  memccpy                       
0000596d  copysign                      
0000596d  copysignl                     
000059b7  oi_parseInt                   
000059cf  strcmp                        
000059e7  strchr                        
000059fd  strcpy                        
00005a11  strlen                        
00005a25  wcslen                        
00005a37  IntMasterEnable               
00005a47  lcd_clear                     
00005a57  __TI_decompress_none          
00005a65  CPUcpsie                      
00005a71  ResetISR                      
00005a89  __aeabi_errno_addr            
00005a91  malloc                        
00005a99  _system_pre_init              
00005a9d  C$$EXIT                       
00005a9d  abort                         
00005bf8  _ctypes_                      
00005d28  __TI_Handler_Table_Base       
00005d34  __TI_Handler_Table_Limit      
00005d48  __TI_CINIT_Base               
00005d60  __TI_CINIT_Limit              
20000000  __start___llvm_prf_cnts       
20000000  __stop___llvm_prf_cnts        
20000000  g_pfnRAMVectors               
20000270  __stack                       
20000470  __STACK_TOP                   
20000a70  __STACK_END                   
20000a70  _sys_memory                   
20000edc  _timeout_ticks                
20000ee0  fallingEdge                   
20000ee4  isr_int_value                 
20000ee8  pulseLength                   
20000eec  risingEdge                    
20000ef0  sensor_data                   
20000ef4  flag                          
20000ef5  isRisingEdge                  
20000ef6  mode_flag                     
20000ef7  uart_data                     
20000ef8  motor_cal_factor_L            
20000efc  motor_cal_factor_R            
20000f18  _lock                         
20000f1c  _unlock                       
20000f28  errno                         
20000f2c  _running                      
ffffffff  __TI_pprof_out_hndl           
ffffffff  __TI_prof_data_size           
ffffffff  __TI_prof_data_start          
ffffffff  __binit__                     
ffffffff  __c_args__                    
ffffffff  binit                         
UNDEFED   __mpu_init                    
UNDEFED   _system_post_cinit            

[193 symbols]
