******************************************************************************
                  TI ARM Linker PC v20.2.4                     
******************************************************************************
>> Linked Thu Oct 28 13:16:07 2021

OUTPUT FILE NAME:   <lab_7.out>
ENTRY POINT SYMBOL: "_c_int00_noargs"  address: 000058e5


MEMORY CONFIGURATION

         name            origin    length      used     unused   attr    fill
----------------------  --------  ---------  --------  --------  ----  --------
  FLASH                 00000000   00040000  00005df0  0003a210  R  X
  SRAM                  20000000   00008000  00000f29  000070d7  RW X


SEGMENT ALLOCATION MAP

run origin  load origin   length   init length attrs members
----------  ----------- ---------- ----------- ----- -------
00000000    00000000    00005df0   00005df0    r-x
  00000000    00000000    0000026c   0000026c    r-- .intvecs
  0000026c    0000026c    000058bc   000058bc    r-x .text
  00005b28    00005b28    00000278   00000278    r-- .const
  00005da0    00005da0    00000050   00000050    r-- .cinit
20000000    20000000    00000f2d   00000000    rw-
  20000000    20000000    0000026c   00000000    rw- .vtable
  20000270    20000270    00000800   00000000    rw- .stack
  20000a70    20000a70    00000400   00000000    rw- .sysmem
  20000e70    20000e70    00000088   00000000    rw- .bss
  20000ef8    20000ef8    00000035   00000000    rw- .data


SECTION ALLOCATION MAP

 output                                  attributes/
section   page    origin      length       input sections
--------  ----  ----------  ----------   ----------------
.intvecs   0    00000000    0000026c     
                  00000000    0000026c     tm4c123gh6pm_startup_ccs.obj (.intvecs)

.text      0    0000026c    000058bc     
                  0000026c    00000c20     open_interface.obj (.text)
                  00000e8c    00000a4e     rtsv7M4_T_le_v4SPD16_eabi.lib : _printfi.c.obj (.text:__TI_printfi)
                  000018da    00000002                                   : _lock.c.obj (.text:_nop)
                  000018dc    00000738                                   : k_rem_pio2.c.obj (.text:__kernel_rem_pio2)
                  00002014    000005dc                                   : s_cos.c.obj (.text:cos)
                  000025f0    0000054c     main.obj (.text)
                  00002b3c    000003f4     movement.obj (.text)
                  00002f30    00000328     lcd.obj (.text)
                  00003258    00000270     rtsv7M4_T_le_v4SPD16_eabi.lib : _printfi.c.obj (.text:_pconv_a)
                  000034c8    00000248     Timer.obj (.text)
                  00003710    00000240     uart.obj (.text)
                  00003950    000001ec     libcybotScan.lib : ping.obj (.text)
                  00003b3c    000001d0     rtsv7M4_T_le_v4SPD16_eabi.lib : _printfi.c.obj (.text:_pconv_g)
                  00003d0c    000001b6                                   : fd_add_t2.asm.obj (.text)
                  00003ec2    00000002                                   : div0.asm.obj (.text)
                  00003ec4    00000174                                   : k_sin.c.obj (.text:__kernel_sin)
                  00004038    0000016c                                   : k_cos.c.obj (.text:__kernel_cos)
                  000041a4    00000158                                   : e_sqrt.c.obj (.text:sqrt)
                  000042fc    0000013c                                   : _printfi.c.obj (.text:_pconv_e)
                  00004438    00000136                                   : fd_div_t2.asm.obj (.text)
                  0000456e    00000002     --HOLE-- [fill = 0]
                  00004570    00000124                                   : _printfi.c.obj (.text:fcvt)
                  00004694    00000124     libcybotScan.lib : servo.obj (.text)
                  000047b8    00000120     mission_helper.obj (.text)
                  000048d8    00000118     libcybotScan.lib : ir.obj (.text)
                  000049f0    00000110     rtsv7M4_T_le_v4SPD16_eabi.lib : s_scalbn.c.obj (.text:scalbn)
                  00004b00    00000100                                   : memory.c.obj (.text:aligned_alloc)
                  00004c00    000000fc                                   : fd_mul_t2.asm.obj (.text)
                  00004cfc    000000f8                                   : s_ceil.c.obj (.text:ceil)
                  00004df4    000000f8                                   : s_floor.c.obj (.text:floor)
                  00004eec    000000e4                                   : memory.c.obj (.text:free)
                  00004fd0    000000b1                                   : _printfi.c.obj (.text:_ltostr)
                  00005081    00000001     --HOLE-- [fill = 0]
                  00005082    0000009c                                   : memcpy_t2.asm.obj (.text)
                  0000511e    00000096                                   : ull_div_t2.asm.obj (.text)
                  000051b4    00000086                                   : fd_cmp_t2.asm.obj (.text:__aeabi_cdcmple)
                  0000523a    00000086                                   : fd_cmp_t2.asm.obj (.text:__aeabi_cdrcmple)
                  000052c0    0000007a                                   : memset_t2.asm.obj (.text)
                  0000533a    00000002     --HOLE-- [fill = 0]
                  0000533c    00000070                                   : memory.c.obj (.text:split)
                  000053ac    0000006e                                   : _printfi.c.obj (.text:_mcpy)
                  0000541a    0000006e                                   : fd_tos_t2.asm.obj (.text)
                  00005488    00000068                                   : copy_decompress_lzss.c.obj (.text:decompress:lzss:__TI_decompress_lzss)
                  000054f0    00000064                                   : s_frexp.c.obj (.text:frexp)
                  00005554    00000058     libcybotScan.lib : cyBot_Scan.obj (.text)
                  000055ac    00000056     rtsv7M4_T_le_v4SPD16_eabi.lib : _printfi.c.obj (.text:_pconv_f)
                  00005602    00000054                                   : _ltoa.c.obj (.text:__TI_ltoa)
                  00005656    00000052                                   : _printfi.c.obj (.text:_ecpy)
                  000056a8    0000004c                                   : atoi.c.obj (.text:atoi)
                  000056f4    00000048                                   : fd_toi_t2.asm.obj (.text)
                  0000573c    00000044                                   : autoinit.c.obj (.text:__TI_auto_init_nobinit_nopinit:__TI_auto_init_nobinit_nopinit)
                  00005780    00000040                                   : sprintf.c.obj (.text:sprintf)
                  000057c0    00000040                                   : vsnprintf.c.obj (.text:vsnprintf)
                  00005800    0000003e                                   : _printfi.c.obj (.text:_fcpy)
                  0000583e    00000002     --HOLE-- [fill = 0]
                  00005840    00000038                                   : memory.c.obj (.text:calloc)
                  00005878    00000038                                   : fs_tod_t2.asm.obj (.text)
                  000058b0    00000034     driverlib.lib : interrupt.obj (.text:IntRegister)
                  000058e4    00000034     rtsv7M4_T_le_v4SPD16_eabi.lib : boot_cortex_m.c.obj (.text:_c_int00_noargs:_c_int00_noargs)
                  00005918    00000030                                   : vsnprintf.c.obj (.text:_outs)
                  00005948    0000002e                                   : i_tofd_t2.asm.obj (.text)
                  00005976    00000002     --HOLE-- [fill = 0]
                  00005978    00000028                                   : memory.c.obj (.text:free_list_insert)
                  000059a0    0000001c                                   : copy_zero_init.c.obj (.text:decompress:ZI:__TI_zero_init_nomemset:__TI_zero_init_nomemset)
                  000059bc    0000001c                                   : memory.c.obj (.text:free_list_remove)
                  000059d8    0000001c                                   : memccpy.c.obj (.text:memccpy)
                  000059f4    0000001a                                   : s_copysign.c.obj (.text:copysign)
                  00005a0e    00000018                                   : vsnprintf.c.obj (.text:_outc)
                  00005a26    00000018                                   : sprintf.c.obj (.text:_outs)
                  00005a3e    00000018     open_interface.obj (.text:oi_parseInt)
                  00005a56    00000018     rtsv7M4_T_le_v4SPD16_eabi.lib : strcmp.c.obj (.text:strcmp)
                  00005a6e    00000016                                   : strchr.c.obj (.text:strchr)
                  00005a84    00000014                                   : strcpy.c.obj (.text:strcpy)
                  00005a98    00000014                                   : strlen.c.obj (.text:strlen)
                  00005aac    00000012                                   : wcslen.c.obj (.text:wcslen)
                  00005abe    00000010     driverlib.lib : interrupt.obj (.text:IntMasterEnable)
                  00005ace    00000010     lcd.obj (.text:lcd_clear)
                  00005ade    0000000e     rtsv7M4_T_le_v4SPD16_eabi.lib : copy_decompress_none.c.obj (.text:decompress:none:__TI_decompress_none)
                  00005aec    0000000c     driverlib.lib : cpu.obj (.text:CPUcpsie)
                  00005af8    0000000c     tm4c123gh6pm_startup_ccs.obj (.text)
                  00005b04    0000000a     rtsv7M4_T_le_v4SPD16_eabi.lib : sprintf.c.obj (.text:_outc)
                  00005b0e    00000002     --HOLE-- [fill = 0]
                  00005b10    00000008                                   : errno.c.obj (.text:__aeabi_errno_addr)
                  00005b18    00000008                                   : memory.c.obj (.text:malloc)
                  00005b20    00000004                                   : pre_init.c.obj (.text:_system_pre_init)
                  00005b24    00000004                                   : exit.c.obj (.text:abort:abort)

.const     0    00005b28    00000278     
                  00005b28    00000158     rtsv7M4_T_le_v4SPD16_eabi.lib : k_rem_pio2.c.obj (.const:$O1$$)
                  00005c80    00000101                                   : ctype.c.obj (.const:.string:_ctypes_)
                  00005d81    0000000f     open_interface.obj (.const:.string:$P$T0$3)
                  00005d90    00000008     mission_helper.obj (.const:.string:$P$T0$1)
                  00005d98    00000004     lcd.obj (.const:.string:lineAddress$1)
                  00005d9c    00000004     lcd.obj (.const:.string:lineAddresses$2)

.cinit     0    00005da0    00000050     
                  00005da0    00000018     (.cinit..data.load) [load image, compression = lzss]
                  00005db8    0000000c     (__TI_handler_table)
                  00005dc4    00000004     --HOLE-- [fill = 0]
                  00005dc8    00000008     (.cinit..bss.load) [load image, compression = zero_init]
                  00005dd0    00000008     (.cinit..vtable.load) [load image, compression = zero_init]
                  00005dd8    00000018     (__TI_cinit_table)

.init_array 
*          0    00000000    00000000     UNINITIALIZED

.vtable    0    20000000    0000026c     UNINITIALIZED
                  20000000    0000026c     driverlib.lib : interrupt.obj (.vtable)

.stack     0    20000270    00000800     UNINITIALIZED
                  20000270    00000004     rtsv7M4_T_le_v4SPD16_eabi.lib : boot_cortex_m.c.obj (.stack)
                  20000274    000007fc     --HOLE--

.sysmem    0    20000a70    00000400     UNINITIALIZED
                  20000a70    00000010     rtsv7M4_T_le_v4SPD16_eabi.lib : memory.c.obj (.sysmem)
                  20000a80    000003f0     --HOLE--

.bss       0    20000e70    00000088     UNINITIALIZED
                  20000e70    00000054     lcd.obj (.bss:lastbuffer$3)
                  20000ec4    00000018     open_interface.obj (.bss:firmware$2)
                  20000edc    00000004     (.common:_timeout_ticks)
                  20000ee0    00000004     (.common:fallingEdge)
                  20000ee4    00000004     (.common:isr_int_value)
                  20000ee8    00000004     (.common:pulseLength)
                  20000eec    00000004     (.common:risingEdge)
                  20000ef0    00000004     (.common:sensor_data)
                  20000ef4    00000001     (.common:flag)
                  20000ef5    00000001     (.common:isRisingEdge)
                  20000ef6    00000001     (.common:mode_flag)
                  20000ef7    00000001     (.common:uart_data)

.data      0    20000ef8    00000035     UNINITIALIZED
                  20000ef8    00000020     open_interface.obj (.data)
                  20000f18    00000008     rtsv7M4_T_le_v4SPD16_eabi.lib : _lock.c.obj (.data:$O1$$)
                  20000f20    00000008                                   : memory.c.obj (.data:$O1$$)
                  20000f28    00000004                                   : errno.c.obj (.data)
                  20000f2c    00000001     Timer.obj (.data)

__llvm_prf_cnts 
*          0    20000000    00000000     UNINITIALIZED

MODULE SUMMARY

       Module                         code    ro data   rw data
       ------                         ----    -------   -------
    .\
       open_interface.obj             3128    15        56     
       main.obj                       1356    0         4      
       movement.obj                   1012    0         0      
       lcd.obj                        824     8         84     
       tm4c123gh6pm_startup_ccs.obj   12      620       0      
       Timer.obj                      584     0         5      
       uart.obj                       576     0         3      
       mission_helper.obj             288     8         0      
    +--+------------------------------+-------+---------+---------+
       Total:                         7780    651       152    
                                                               
    ../libcybotScan.lib
       ping.obj                       492     0         13     
       servo.obj                      292     0         0      
       ir.obj                         280     0         4      
       cyBot_Scan.obj                 88      0         0      
    +--+------------------------------+-------+---------+---------+
       Total:                         1152    0         17     
                                                               
    C:/ti/TivaWare_C_Series-2.1.4.178/driverlib/ccs/Debug/driverlib.lib
       interrupt.obj                  68      0         620    
       cpu.obj                        12      0         0      
    +--+------------------------------+-------+---------+---------+
       Total:                         80      0         620    
                                                               
    C:\ti\ccs1031\ccs\tools\compiler\ti-cgt-arm_20.2.4.LTS\lib\rtsv7M4_T_le_v4SPD16_eabi.lib
       _printfi.c.obj                 4851    0         0      
       k_rem_pio2.c.obj               1848    344       0      
       s_cos.c.obj                    1500    0         0      
       memory.c.obj                   728     0         8      
       fd_add_t2.asm.obj              438     0         0      
       k_sin.c.obj                    372     0         0      
       k_cos.c.obj                    364     0         0      
       e_sqrt.c.obj                   344     0         0      
       fd_div_t2.asm.obj              310     0         0      
       s_scalbn.c.obj                 272     0         0      
       fd_cmp_t2.asm.obj              268     0         0      
       ctype.c.obj                    0       257       0      
       fd_mul_t2.asm.obj              252     0         0      
       s_ceil.c.obj                   248     0         0      
       s_floor.c.obj                  248     0         0      
       memcpy_t2.asm.obj              156     0         0      
       ull_div_t2.asm.obj             150     0         0      
       vsnprintf.c.obj                136     0         0      
       memset_t2.asm.obj              122     0         0      
       fd_tos_t2.asm.obj              110     0         0      
       copy_decompress_lzss.c.obj     104     0         0      
       s_frexp.c.obj                  100     0         0      
       sprintf.c.obj                  98      0         0      
       _ltoa.c.obj                    84      0         0      
       atoi.c.obj                     76      0         0      
       fd_toi_t2.asm.obj              72      0         0      
       autoinit.c.obj                 68      0         0      
       fs_tod_t2.asm.obj              56      0         0      
       boot_cortex_m.c.obj            52      0         0      
       i_tofd_t2.asm.obj              46      0         0      
       copy_zero_init.c.obj           28      0         0      
       memccpy.c.obj                  28      0         0      
       s_copysign.c.obj               26      0         0      
       strcmp.c.obj                   24      0         0      
       strchr.c.obj                   22      0         0      
       strcpy.c.obj                   20      0         0      
       strlen.c.obj                   20      0         0      
       wcslen.c.obj                   18      0         0      
       copy_decompress_none.c.obj     14      0         0      
       errno.c.obj                    8       0         4      
       _lock.c.obj                    2       0         8      
       exit.c.obj                     4       0         0      
       pre_init.c.obj                 4       0         0      
       div0.asm.obj                   2       0         0      
    +--+------------------------------+-------+---------+---------+
       Total:                         13693   601       20     
                                                               
       Heap:                          0       0         1024   
       Stack:                         0       0         2048   
       Linker Generated:              0       76        0      
    +--+------------------------------+-------+---------+---------+
       Grand Total:                   22705   1328      3881   


LINKER GENERATED COPY TABLES

__TI_cinit_table @ 00005dd8 records: 3, size/record: 8, table size: 24
	.data: load addr=00005da0, load size=00000018 bytes, run addr=20000ef8, run size=00000035 bytes, compression=lzss
	.bss: load addr=00005dc8, load size=00000008 bytes, run addr=20000e70, run size=00000088 bytes, compression=zero_init
	.vtable: load addr=00005dd0, load size=00000008 bytes, run addr=20000000, run size=0000026c bytes, compression=zero_init


LINKER GENERATED HANDLER TABLE

__TI_handler_table @ 00005db8 records: 3, size/record: 4, table size: 12
	index: 0, handler: __TI_zero_init
	index: 1, handler: __TI_decompress_lzss
	index: 2, handler: __TI_decompress_none


GLOBAL SYMBOLS: SORTED ALPHABETICALLY BY Name 

address   name                          
-------   ----                          
00004971  ADC0SS0_Handler               
00005b25  C$$EXIT                       
00005aed  CPUcpsie                      
00000bc3  GPIOF_Handler                 
00005abf  IntMasterEnable               
000058b1  IntRegister                   
00005af9  ResetISR                      
00003a41  TIMER3B_Handler               
00003871  UART1_Handler                 
20000a70  __STACK_END                   
00000800  __STACK_SIZE                  
20000470  __STACK_TOP                   
00000400  __SYSMEM_SIZE                 
00005dd8  __TI_CINIT_Base               
00005df0  __TI_CINIT_Limit              
00005db8  __TI_Handler_Table_Base       
00005dc4  __TI_Handler_Table_Limit      
0000573d  __TI_auto_init_nobinit_nopinit
00005489  __TI_decompress_lzss          
00005adf  __TI_decompress_none          
00005603  __TI_ltoa                     
ffffffff  __TI_pprof_out_hndl           
00000e8d  __TI_printfi                  
ffffffff  __TI_prof_data_size           
ffffffff  __TI_prof_data_start          
00000000  __TI_static_base__            
000059a1  __TI_zero_init_nomemset       
000051b5  __aeabi_cdcmpeq               
000051b5  __aeabi_cdcmple               
0000523b  __aeabi_cdrcmple              
0000541b  __aeabi_d2f                   
000056f5  __aeabi_d2iz                  
00003d17  __aeabi_dadd                  
00004439  __aeabi_ddiv                  
00004c01  __aeabi_dmul                  
00003d0d  __aeabi_dsub                  
00005b11  __aeabi_errno_addr            
00005879  __aeabi_f2d                   
00005949  __aeabi_i2d                   
00003ec3  __aeabi_idiv0                 
00003ec3  __aeabi_ldiv0                 
000052c1  __aeabi_memclr                
000052c1  __aeabi_memclr4               
000052c1  __aeabi_memclr8               
00005083  __aeabi_memcpy                
00005083  __aeabi_memcpy4               
00005083  __aeabi_memcpy8               
000052c3  __aeabi_memset                
000052c3  __aeabi_memset4               
000052c3  __aeabi_memset8               
0000511f  __aeabi_uldivmod              
ffffffff  __binit__                     
ffffffff  __c_args__                    
00004039  __kernel_cos                  
000018dd  __kernel_rem_pio2             
00003ec5  __kernel_sin                  
UNDEFED   __mpu_init                    
20000270  __stack                       
20000000  __start___llvm_prf_cnts       
20000000  __stop___llvm_prf_cnts        
000058e5  _c_int00_noargs               
00005c80  _ctypes_                      
20000f18  _lock                         
000018db  _nop                          
20000f2c  _running                      
20000a70  _sys_memory                   
UNDEFED   _system_post_cinit            
00005b21  _system_pre_init              
20000edc  _timeout_ticks                
20000f1c  _unlock                       
00005b25  abort                         
00004b01  aligned_alloc                 
000056a9  atoi                          
000028e1  auto_mode                     
00002cf9  backup                        
ffffffff  binit                         
00004809  calculateWidth                
00005841  calloc                        
00004cfd  ceil                          
00004cfd  ceill                         
000059f5  copysign                      
000059f5  copysignl                     
00002015  cos                           
00002015  cosl                          
00005565  cyBOT_Scan                    
00005555  cyBOT_init_Scan               
20000f28  errno                         
20000ee0  fallingEdge                   
20000ef4  flag                          
00004df5  floor                         
00004df5  floorl                        
00004eed  free                          
000054f1  frexp                         
000054f1  frexpl                        
20000000  g_pfnRAMVectors               
00000000  g_pfnVectors                  
0000097f  go_charge                     
00002e17  handle_both_bump              
00002d7b  handle_bump                   
00002df1  handle_left_bump              
00002dcb  handle_right_bump             
0000380b  interrupt_init                
00004987  ir_enableInterrupt            
00004969  ir_getDistance                
00004941  ir_getValue                   
000048d9  ir_init                       
20000ef5  isRisingEdge                  
20000ee4  isr_int_value                 
00005acf  lcd_clear                     
00003105  lcd_gotoLine                  
00002f6d  lcd_init                      
0000316b  lcd_printf                    
0000302d  lcd_putc                      
00003065  lcd_puts                      
00002f31  lcd_reverseNibble             
00003083  lcd_sendCommand               
000030c1  lcd_sendNibble                
0000312d  lcd_setCursorPos              
000049f1  ldexp                         
000049f1  ldexpl                        
00002a65  main                          
00005b19  malloc                        
0000281b  manual_mode                   
00004b01  memalign                      
000059d9  memccpy                       
00005083  memcpy                        
000052c9  memset                        
20000ef6  mode_flag                     
20000ef8  motor_cal_factor_L            
20000efc  motor_cal_factor_R            
00002b3d  move_foward                   
0000026d  oi_alloc                      
00000aa9  oi_checkFirmware              
000002c7  oi_close                      
00000279  oi_free                       
00000ded  oi_getMotorCalibrationLeft    
00000e01  oi_getMotorCalibrationRight   
000002b1  oi_init                       
00000289  oi_init_noupdate              
00000915  oi_loadSong                   
00005a3f  oi_parseInt                   
0000032b  oi_parsePacket                
0000096b  oi_play_song                  
0000084b  oi_setLeds                    
00000db1  oi_setMotorCalibration        
0000088f  oi_setWheels                  
00000b51  oi_shutoff_init               
0000098d  oi_uartInit                   
00000a31  oi_uartReceive                
00000a77  oi_uartSendBuff               
00000a15  oi_uartSendChar               
00000a59  oi_uartSendStr                
000002d9  oi_update                     
00003a93  ping_getDistance              
00003951  ping_init                     
000039d7  ping_trigger                  
000048b3  pointToObject                 
000047b9  printResponse                 
000047f1  print_data                    
20000ee8  pulseLength                   
20000eec  risingEdge                    
000049f1  scalbn                        
000049f1  scalbnl                       
000025f1  scan_for_objects              
20000ef0  sensor_data                   
00004695  servo_init                    
00004719  servo_move                    
00004763  servo_setPWM                  
0000470d  servo_stop                    
00005781  sprintf                       
000041a5  sqrt                          
000041a5  sqrtl                         
00005a6f  strchr                        
00005a57  strcmp                        
00005a85  strcpy                        
00005a99  strlen                        
000035e7  timer_getMicros               
0000358f  timer_getMillis               
000034c9  timer_init                    
0000356b  timer_pause                   
0000357d  timer_resume                  
00003541  timer_stop                    
00003641  timer_waitMicros              
00003673  timer_waitMillis              
00002e35  travel_to_object              
00002c1b  turn_clockwise                
00002ce7  turn_counterClockwise         
20000ef7  uart_data                     
00003711  uart_init                     
000037d1  uart_sendChar                 
000037ed  uart_sendStr                  
000057c1  vsnprintf                     
00005aad  wcslen                        


GLOBAL SYMBOLS: SORTED BY Symbol Address 

address   name                          
-------   ----                          
00000000  __TI_static_base__            
00000000  g_pfnVectors                  
0000026d  oi_alloc                      
00000279  oi_free                       
00000289  oi_init_noupdate              
000002b1  oi_init                       
000002c7  oi_close                      
000002d9  oi_update                     
0000032b  oi_parsePacket                
00000400  __SYSMEM_SIZE                 
00000800  __STACK_SIZE                  
0000084b  oi_setLeds                    
0000088f  oi_setWheels                  
00000915  oi_loadSong                   
0000096b  oi_play_song                  
0000097f  go_charge                     
0000098d  oi_uartInit                   
00000a15  oi_uartSendChar               
00000a31  oi_uartReceive                
00000a59  oi_uartSendStr                
00000a77  oi_uartSendBuff               
00000aa9  oi_checkFirmware              
00000b51  oi_shutoff_init               
00000bc3  GPIOF_Handler                 
00000db1  oi_setMotorCalibration        
00000ded  oi_getMotorCalibrationLeft    
00000e01  oi_getMotorCalibrationRight   
00000e8d  __TI_printfi                  
000018db  _nop                          
000018dd  __kernel_rem_pio2             
00002015  cos                           
00002015  cosl                          
000025f1  scan_for_objects              
0000281b  manual_mode                   
000028e1  auto_mode                     
00002a65  main                          
00002b3d  move_foward                   
00002c1b  turn_clockwise                
00002ce7  turn_counterClockwise         
00002cf9  backup                        
00002d7b  handle_bump                   
00002dcb  handle_right_bump             
00002df1  handle_left_bump              
00002e17  handle_both_bump              
00002e35  travel_to_object              
00002f31  lcd_reverseNibble             
00002f6d  lcd_init                      
0000302d  lcd_putc                      
00003065  lcd_puts                      
00003083  lcd_sendCommand               
000030c1  lcd_sendNibble                
00003105  lcd_gotoLine                  
0000312d  lcd_setCursorPos              
0000316b  lcd_printf                    
000034c9  timer_init                    
00003541  timer_stop                    
0000356b  timer_pause                   
0000357d  timer_resume                  
0000358f  timer_getMillis               
000035e7  timer_getMicros               
00003641  timer_waitMicros              
00003673  timer_waitMillis              
00003711  uart_init                     
000037d1  uart_sendChar                 
000037ed  uart_sendStr                  
0000380b  interrupt_init                
00003871  UART1_Handler                 
00003951  ping_init                     
000039d7  ping_trigger                  
00003a41  TIMER3B_Handler               
00003a93  ping_getDistance              
00003d0d  __aeabi_dsub                  
00003d17  __aeabi_dadd                  
00003ec3  __aeabi_idiv0                 
00003ec3  __aeabi_ldiv0                 
00003ec5  __kernel_sin                  
00004039  __kernel_cos                  
000041a5  sqrt                          
000041a5  sqrtl                         
00004439  __aeabi_ddiv                  
00004695  servo_init                    
0000470d  servo_stop                    
00004719  servo_move                    
00004763  servo_setPWM                  
000047b9  printResponse                 
000047f1  print_data                    
00004809  calculateWidth                
000048b3  pointToObject                 
000048d9  ir_init                       
00004941  ir_getValue                   
00004969  ir_getDistance                
00004971  ADC0SS0_Handler               
00004987  ir_enableInterrupt            
000049f1  ldexp                         
000049f1  ldexpl                        
000049f1  scalbn                        
000049f1  scalbnl                       
00004b01  aligned_alloc                 
00004b01  memalign                      
00004c01  __aeabi_dmul                  
00004cfd  ceil                          
00004cfd  ceill                         
00004df5  floor                         
00004df5  floorl                        
00004eed  free                          
00005083  __aeabi_memcpy                
00005083  __aeabi_memcpy4               
00005083  __aeabi_memcpy8               
00005083  memcpy                        
0000511f  __aeabi_uldivmod              
000051b5  __aeabi_cdcmpeq               
000051b5  __aeabi_cdcmple               
0000523b  __aeabi_cdrcmple              
000052c1  __aeabi_memclr                
000052c1  __aeabi_memclr4               
000052c1  __aeabi_memclr8               
000052c3  __aeabi_memset                
000052c3  __aeabi_memset4               
000052c3  __aeabi_memset8               
000052c9  memset                        
0000541b  __aeabi_d2f                   
00005489  __TI_decompress_lzss          
000054f1  frexp                         
000054f1  frexpl                        
00005555  cyBOT_init_Scan               
00005565  cyBOT_Scan                    
00005603  __TI_ltoa                     
000056a9  atoi                          
000056f5  __aeabi_d2iz                  
0000573d  __TI_auto_init_nobinit_nopinit
00005781  sprintf                       
000057c1  vsnprintf                     
00005841  calloc                        
00005879  __aeabi_f2d                   
000058b1  IntRegister                   
000058e5  _c_int00_noargs               
00005949  __aeabi_i2d                   
000059a1  __TI_zero_init_nomemset       
000059d9  memccpy                       
000059f5  copysign                      
000059f5  copysignl                     
00005a3f  oi_parseInt                   
00005a57  strcmp                        
00005a6f  strchr                        
00005a85  strcpy                        
00005a99  strlen                        
00005aad  wcslen                        
00005abf  IntMasterEnable               
00005acf  lcd_clear                     
00005adf  __TI_decompress_none          
00005aed  CPUcpsie                      
00005af9  ResetISR                      
00005b11  __aeabi_errno_addr            
00005b19  malloc                        
00005b21  _system_pre_init              
00005b25  C$$EXIT                       
00005b25  abort                         
00005c80  _ctypes_                      
00005db8  __TI_Handler_Table_Base       
00005dc4  __TI_Handler_Table_Limit      
00005dd8  __TI_CINIT_Base               
00005df0  __TI_CINIT_Limit              
20000000  __start___llvm_prf_cnts       
20000000  __stop___llvm_prf_cnts        
20000000  g_pfnRAMVectors               
20000270  __stack                       
20000470  __STACK_TOP                   
20000a70  __STACK_END                   
20000a70  _sys_memory                   
20000edc  _timeout_ticks                
20000ee0  fallingEdge                   
20000ee4  isr_int_value                 
20000ee8  pulseLength                   
20000eec  risingEdge                    
20000ef0  sensor_data                   
20000ef4  flag                          
20000ef5  isRisingEdge                  
20000ef6  mode_flag                     
20000ef7  uart_data                     
20000ef8  motor_cal_factor_L            
20000efc  motor_cal_factor_R            
20000f18  _lock                         
20000f1c  _unlock                       
20000f28  errno                         
20000f2c  _running                      
ffffffff  __TI_pprof_out_hndl           
ffffffff  __TI_prof_data_size           
ffffffff  __TI_prof_data_start          
ffffffff  __binit__                     
ffffffff  __c_args__                    
ffffffff  binit                         
UNDEFED   __mpu_init                    
UNDEFED   _system_post_cinit            

[193 symbols]
